=== Polaris launcher spike (Slurm) ===
slurm version:  25.11.5
placement:      overlap-exact
job id:         5331414
nodes:          2 (frontier[01796,01823])
target node:    frontier01796
cores on node:  56
slots:          4 x 4 cpus
mpi ranks:      2 per launch
payload sleep:  15s
results:        /autofs/nccs-svm1_home1/xylar/e3sm_work/polaris/add-launcher-spike/utils/launcher_spike/spike_results_5331414

verifying deployed polaris version...
  Verified version 1.1.0-alpha.2.
loading compute pixi env...
   pixi env loaded.
activating spack env...
Running "module reset". Resetting modules to system default. The following $MODULEPATH directories have been removed: None

Lmod is automatically replacing "cce/18.0.1" with "gcc-native/13.2".


Lmod is automatically replacing "PrgEnv-cray/8.6.0" with "PrgEnv-gnu/8.6.0".


The following have been reloaded with a version change:
  1) cray-dsmml/0.3.0 => cray-dsmml/0.3.1
  2) cray-libsci/24.11.0 => cray-libsci/25.09.0
  3) cray-mpich/8.1.31 => cray-mpich/9.0.1
  4) cray-pmi/6.1.15 => cray-pmi/6.1.16
  5) craype/2.7.33 => craype/2.7.35
  6) darshan-runtime/3.4.6-mpi => darshan-runtime/3.4.7-mpi
  7) perftools-base/24.11.0 => perftools-base/25.09.0

   spack env activated.
loading polaris environment variables...
   polaris environment variables loaded.
polaris env:    /autofs/nccs-svm1_home1/xylar/e3sm_work/polaris/main/load_polaris_frontier_craygnu-mphipcc_mpich.sh
mpi payload:    mpicc (/autofs/nccs-svm1_home1/xylar/e3sm_work/polaris/add-launcher-spike/utils/launcher_spike/spike_results_5331414/mpi_payload)

--- A_sequential_plain: 10 sequential launches (no extra flags)
    total 1.24s for 10 launches
--- A_sequential_exact: 10 sequential launches (--exact)
    total 3.34s for 10 launches
--- B_concurrent_plain: 4 concurrent launches x 1 rank(s) (no extra flags)
    done
--- B_concurrent_exact: 4 concurrent launches x 1 rank(s) --exact
    done
--- B_exact_mem: 4 concurrent launches x 1 rank(s) --exact --mem-per-cpu=1G
    done
--- B_exact_gres_none: 4 concurrent launches x 1 rank(s) --exact --gres=none
    done
--- B_overlap_control: 4 concurrent launches x 1 rank(s) --overlap --exact
    done
--- B_overlap_mask: 4 concurrent launches x 1 rank(s) --overlap --exact --cpu-bind=mask_cpu:<per slot>
    done
--- C_overlap_mask: 4 concurrent launches x 2 rank(s) --overlap --exact --cpu-bind=mask_cpu:<per slot>
    done
--- C_concurrent_mpi_exact: 4 concurrent launches x 2 rank(s) --exact
    done
--- D_overlap_mask_gpu: 4 concurrent launches x 2 rank(s) --overlap --exact --cpu-bind=mask_cpu:<per slot> ROCR_VISIBLE_DEVICES=<per slot>
    done

=== summary ===
  run: frontier / slurm job 5331414, 2 node(s), 56 cores/node
       4 slot(s) x 2 rank(s) x 4 cpu(s), mpi payload mpicc
       25.11.5

  A_sequential_exact: 10 sequential launches, median 0.11s, max 2.19s -> ~545.5 launches/min
  A_sequential_plain: 10 sequential launches, median 0.11s, max 0.13s -> ~545.5 launches/min
  B_concurrent_exact: 4 slot(s) reported, peak concurrency 1, hosts ['frontier01796'], cores/rank [4]
      GPUs: slot1=['0', '1', '2', '3', '4', '5', '6', '7'] slot2=['0', '1', '2', '3', '4', '5', '6', '7'] slot3=['0', '1', '2', '3', '4', '5', '6', '7'] slot4=['0', '1', '2', '3', '4', '5', '6', '7']
      (no gpu verdict -- slots never ran at the same time)
      (no core verdict -- slots never ran at the same time)
  B_concurrent_plain: 4 slot(s) reported, peak concurrency 1, hosts ['frontier01796'], cores/rank [4]
      GPUs: slot1=['0', '1', '2', '3', '4', '5', '6', '7'] slot2=['0', '1', '2', '3', '4', '5', '6', '7'] slot3=['0', '1', '2', '3', '4', '5', '6', '7'] slot4=['0', '1', '2', '3', '4', '5', '6', '7']
      (no gpu verdict -- slots never ran at the same time)
      (no core verdict -- slots never ran at the same time)
  B_exact_gres_none: 4 slot(s) reported, peak concurrency 4, hosts ['frontier01796'], cores/rank [4]
      cores are disjoint across slots
  B_exact_mem: 4 slot(s) reported, peak concurrency 1, hosts ['frontier01796'], cores/rank [4]
      GPUs: slot1=['0', '1', '2', '3', '4', '5', '6', '7'] slot2=['0', '1', '2', '3', '4', '5', '6', '7'] slot3=['0', '1', '2', '3', '4', '5', '6', '7'] slot4=['0', '1', '2', '3', '4', '5', '6', '7']
      (no gpu verdict -- slots never ran at the same time)
      (no core verdict -- slots never ran at the same time)
  B_overlap_control: 4 slot(s) reported, peak concurrency 4, hosts ['frontier01796'], cores/rank [4]
      GPUs: slot1=['0', '1', '2', '3', '4', '5', '6', '7'] slot2=['0', '1', '2', '3', '4', '5', '6', '7'] slot3=['0', '1', '2', '3', '4', '5', '6', '7'] slot4=['0', '1', '2', '3', '4', '5', '6', '7']
      GPU COLLISIONS:
        slots 1 and 2 overlapped in time and share GPU(s) ['0', '1', '2', '3', '4', '5', '6', '7']
        slots 1 and 3 overlapped in time and share GPU(s) ['0', '1', '2', '3', '4', '5', '6', '7']
        slots 1 and 4 overlapped in time and share GPU(s) ['0', '1', '2', '3', '4', '5', '6', '7']
        slots 2 and 3 overlapped in time and share GPU(s) ['0', '1', '2', '3', '4', '5', '6', '7']
        slots 2 and 4 overlapped in time and share GPU(s) ['0', '1', '2', '3', '4', '5', '6', '7']
        slots 3 and 4 overlapped in time and share GPU(s) ['0', '1', '2', '3', '4', '5', '6', '7']
      CORE COLLISIONS:
        slots 1 and 2 overlapped in time and share cores [1, 2, 3, 4] on frontier01796
        slots 1 and 3 overlapped in time and share cores [1, 2, 3, 4] on frontier01796
        slots 1 and 4 overlapped in time and share cores [1, 2, 3, 4] on frontier01796
        slots 2 and 3 overlapped in time and share cores [1, 2, 3, 4] on frontier01796
        slots 2 and 4 overlapped in time and share cores [1, 2, 3, 4] on frontier01796
        slots 3 and 4 overlapped in time and share cores [1, 2, 3, 4] on frontier01796
  B_overlap_mask: no payload output -- launches probably failed
      launcher messages:
        [4x] srun: error: Application launch failed: Unable to satisfy cpu bind request
  C_concurrent_mpi_exact: 4 slot(s) reported, peak concurrency 1, hosts ['frontier01796'], cores/rank [4]
      GPUs: slot1=['0', '1', '2', '3', '4', '5', '6', '7'] slot2=['0', '1', '2', '3', '4', '5', '6', '7'] slot3=['0', '1', '2', '3', '4', '5', '6', '7'] slot4=['0', '1', '2', '3', '4', '5', '6', '7']
      (no gpu verdict -- slots never ran at the same time)
      (no core verdict -- slots never ran at the same time)
  C_overlap_mask: no payload output -- launches probably failed
      launcher messages:
        [4x] srun: error: Application launch failed: Unable to satisfy cpu bind request
  D_overlap_mask_gpu: no payload output -- launches probably failed
      launcher messages:
        [4x] srun: error: Application launch failed: Unable to satisfy cpu bind request

Reading the results:
  A sequential fast + B peak concurrency == slots  -> Tier A works, use --overlap --exact
  A sequential fast + B peak concurrency == 1   -> job-step exclusivity; check B0 control and flags
  A sequential slow (~1/min)                   -> genuine throttling; Tier A is out, evaluate Flux
  C/D peak < slots or core collisions            -> placement is not enforced at MPI width

To record these results on the branch, from a LOGIN node:
  cd /autofs/nccs-svm1_home1/xylar/e3sm_work/polaris/add-launcher-spike/utils/launcher_spike/spike_results_5331414/scripts
  ./record_results.sh /autofs/nccs-svm1_home1/xylar/e3sm_work/polaris/add-launcher-spike/utils/launcher_spike/spike_results_5331414 /autofs/nccs-svm1_home1/xylar/e3sm_work/polaris/add-launcher-spike/utils/launcher_spike/launcher_spike.o5331414
