verifying deployed polaris version...
  Verified version 1.1.0-alpha.6.
loading compute pixi env...
   pixi env loaded.
activating spack env...

The following have been reloaded with a version change:
  1) perl/5.38.0-annnuds => perl/5.32.0-bsnc6lt

   spack env activated.
loading polaris environment variables...
   polaris environment variables loaded.
Running 178 step(s)

Allocation:
  chr-0101: 64 cores, 0 gpus, 240712 MiB (available)
      hardware: 257155 MiB
      configured: 253000 MiB
  chr-0102: 64 cores, 0 gpus, 240609 MiB (available)
      hardware: 257155 MiB
      configured: 253000 MiB
  chr-0103: 64 cores, 0 gpus, 240703 MiB (available)
      hardware: 257155 MiB
      configured: 253000 MiB
  chr-0104: 64 cores, 0 gpus, 253000 MiB (config)
      configured: 253000 MiB
  chr-0105: 64 cores, 0 gpus, 253000 MiB (config)
      configured: 253000 MiB
  chr-0106: 64 cores, 0 gpus, 241806 MiB (available)
      hardware: 257155 MiB
      configured: 253000 MiB
  chr-0107: 64 cores, 0 gpus, 253000 MiB (config)
      configured: 253000 MiB
  chr-0109: 64 cores, 0 gpus, 253000 MiB (config)
      configured: 253000 MiB
  chr-0110: 64 cores, 0 gpus, 242147 MiB (available)
      hardware: 257155 MiB
      configured: 253000 MiB
  chr-0111: 64 cores, 0 gpus, 241555 MiB (available)
      hardware: 257155 MiB
      configured: 253000 MiB
  chr-0113: 64 cores, 0 gpus, 240981 MiB (available)
      hardware: 257155 MiB
      configured: 253000 MiB
  chr-0116: 64 cores, 0 gpus, 240990 MiB (available)
      hardware: 257155 MiB
      configured: 253000 MiB
  chr-0117: 64 cores, 0 gpus, 253000 MiB (config)
      configured: 253000 MiB
  chr-0101 credits 12288 MiB less than the machine's configured 253000 MiB, which is what a job does not get to use.
  chr-0102 credits 12391 MiB less than the machine's configured 253000 MiB, which is what a job does not get to use.
  chr-0103 credits 12297 MiB less than the machine's configured 253000 MiB, which is what a job does not get to use.
  chr-0106 credits 11194 MiB less than the machine's configured 253000 MiB, which is what a job does not get to use.
  chr-0110 credits 10853 MiB less than the machine's configured 253000 MiB, which is what a job does not get to use.
  chr-0111 credits 11445 MiB less than the machine's configured 253000 MiB, which is what a job does not get to use.
  chr-0113 credits 12019 MiB less than the machine's configured 253000 MiB, which is what a job does not get to use.
  chr-0116 credits 12010 MiB less than the machine's configured 253000 MiB, which is what a job does not get to use.
  * ocean/column/horiz_press_grad/salinity_gradient/init_4km: started on ['chr-0101']
  * ocean/column/horiz_press_grad/salinity_gradient/init_3km: started on ['chr-0101']
  * ocean/column/horiz_press_grad/salinity_gradient/init_2km: started on ['chr-0101']
  * ocean/column/horiz_press_grad/salinity_gradient/init_1.5km: started on ['chr-0101']
  * ocean/column/horiz_press_grad/salinity_gradient/init_1km: started on ['chr-0101']
  * ocean/column/horiz_press_grad/salinity_gradient/init_750m: started on ['chr-0101']
  * ocean/column/horiz_press_grad/salinity_gradient/init_500m: started on ['chr-0101']
  * ocean/column/horiz_press_grad/surface_pressure_gradient/init_4km: started on ['chr-0101']
  * ocean/column/horiz_press_grad/surface_pressure_gradient/init_3km: started on ['chr-0101']
  * ocean/column/horiz_press_grad/surface_pressure_gradient/init_2km: started on ['chr-0101']
  * ocean/column/horiz_press_grad/surface_pressure_gradient/init_1.5km: started on ['chr-0101']
  * ocean/column/horiz_press_grad/surface_pressure_gradient/init_1km: started on ['chr-0101']
  * ocean/column/horiz_press_grad/surface_pressure_gradient/init_750m: started on ['chr-0101']
  * ocean/column/horiz_press_grad/surface_pressure_gradient/init_500m: started on ['chr-0101']
  * ocean/column/horiz_press_grad/temperature_gradient/init_4km: started on ['chr-0101']
  * ocean/column/horiz_press_grad/temperature_gradient/init_3km: started on ['chr-0101']
  * ocean/column/horiz_press_grad/temperature_gradient/init_2km: started on ['chr-0101']
  * ocean/column/horiz_press_grad/temperature_gradient/init_1.5km: started on ['chr-0101']
  * ocean/column/horiz_press_grad/temperature_gradient/init_1km: started on ['chr-0101']
  * ocean/column/horiz_press_grad/temperature_gradient/init_750m: started on ['chr-0101']
  * ocean/column/horiz_press_grad/temperature_gradient/init_500m: started on ['chr-0101']
  * ocean/column/horiz_press_grad/ztilde_gradient/init_4km: started on ['chr-0101']
  * ocean/column/horiz_press_grad/ztilde_gradient/init_3km: started on ['chr-0101']
  * ocean/column/horiz_press_grad/ztilde_gradient/init_2km: started on ['chr-0101']
  * ocean/column/horiz_press_grad/ztilde_gradient/init_1.5km: started on ['chr-0101']
  * ocean/column/horiz_press_grad/ztilde_gradient/init_1km: started on ['chr-0101']
  * ocean/column/horiz_press_grad/ztilde_gradient/init_750m: started on ['chr-0101']
  * ocean/column/horiz_press_grad/ztilde_gradient/init_500m: started on ['chr-0101']
  * ocean/planar/baroclinic_channel/10km/init: started on ['chr-0101']
  * ocean/planar/barotropic_gyre/munk/free-slip/init: started on ['chr-0101']
  * ocean/planar/manufactured_solution/init/200km: started on ['chr-0101']
  * ocean/planar/manufactured_solution/init/100km: started on ['chr-0101']
  * ocean/planar/manufactured_solution/init/50km: started on ['chr-0101']
  * ocean/planar/manufactured_solution/init/25km: started on ['chr-0101']
  * ocean/planar/merry_go_round/init/5m: started on ['chr-0101']
  * ocean/planar/merry_go_round/init/2.5m: started on ['chr-0101']
  * ocean/planar/merry_go_round/init/1.25m: started on ['chr-0101']
  * ocean/planar/overflow/linear/zstar/init: started on ['chr-0101']
  * mesh/spherical/icos/base_mesh/480km: started on ['chr-0101']
  * ocean/planar/manufactured_solution/init/200km: [92mSUCCESS[0m [94m2.8s[0m
  * ocean/planar/manufactured_solution/default/forward/200km_300s: started on ['chr-0102']
  * ocean/planar/manufactured_solution/del2/forward/200km_300s: started on ['chr-0102']
  * ocean/planar/manufactured_solution/del4/forward/200km_300s: started on ['chr-0102']
  * ocean/planar/overflow/linear/zstar/init: [92mSUCCESS[0m [94m3.2s[0m
  * ocean/planar/overflow/linear/zstar/smoke_test_horiz_adv_order_2/forward: started on ['chr-0101']
  * ocean/planar/overflow/linear/zstar/smoke_test_horiz_adv_order_3/forward: started on ['chr-0102']
  * ocean/planar/overflow/linear/zstar/smoke_test_horiz_adv_order_4/forward: started on ['chr-0102']
  * ocean/planar/manufactured_solution/init/100km: [92mSUCCESS[0m [94m3.4s[0m
  * ocean/planar/manufactured_solution/default/forward/100km_150s: started on ['chr-0103']
  * ocean/planar/manufactured_solution/del2/forward/100km_150s: started on ['chr-0104']
  * ocean/planar/manufactured_solution/del4/forward/100km_150s: started on ['chr-0105']
  * mesh/spherical/icos/base_mesh/480km: [92mSUCCESS[0m [94m3.3s[0m
  * ocean/spherical/icos/correlated_tracers_2d/init/480km: started on ['chr-0101']
  * mesh/spherical/icos/base_mesh/240km: started on ['chr-0101']
  * ocean/column/horiz_press_grad/temperature_gradient/init_1km: [92mSUCCESS[0m [94m4.0s[0m
  * ocean/column/horiz_press_grad/temperature_gradient/forward_1km: started on ['chr-0101']
  * ocean/column/horiz_press_grad/salinity_gradient/init_500m: [92mSUCCESS[0m [94m4.3s[0m
  * ocean/column/horiz_press_grad/salinity_gradient/forward_500m: started on ['chr-0101']
  * ocean/column/horiz_press_grad/surface_pressure_gradient/init_4km: [92mSUCCESS[0m [94m4.3s[0m
  * ocean/column/horiz_press_grad/surface_pressure_gradient/forward_4km: started on ['chr-0101']
  * ocean/column/horiz_press_grad/salinity_gradient/init_1.5km: [92mSUCCESS[0m [94m4.4s[0m
  * ocean/column/horiz_press_grad/salinity_gradient/forward_1.5km: started on ['chr-0101']
  * ocean/column/horiz_press_grad/surface_pressure_gradient/init_3km: [92mSUCCESS[0m [94m4.4s[0m
  * ocean/column/horiz_press_grad/surface_pressure_gradient/forward_3km: started on ['chr-0101']
  * ocean/column/horiz_press_grad/salinity_gradient/init_1km: [92mSUCCESS[0m [94m4.4s[0m
  * ocean/column/horiz_press_grad/salinity_gradient/forward_1km: started on ['chr-0101']
  * ocean/column/horiz_press_grad/salinity_gradient/init_4km: [92mSUCCESS[0m [94m4.5s[0m
  * ocean/column/horiz_press_grad/salinity_gradient/forward_4km: started on ['chr-0101']
  * ocean/column/horiz_press_grad/salinity_gradient/init_3km: [92mSUCCESS[0m [94m4.5s[0m
  * ocean/column/horiz_press_grad/salinity_gradient/forward_3km: started on ['chr-0101']
  * ocean/column/horiz_press_grad/salinity_gradient/init_750m: [92mSUCCESS[0m [94m4.5s[0m
  * ocean/column/horiz_press_grad/salinity_gradient/forward_750m: started on ['chr-0101']
  * ocean/column/horiz_press_grad/salinity_gradient/init_2km: [92mSUCCESS[0m [94m4.6s[0m
  * ocean/column/horiz_press_grad/salinity_gradient/forward_2km: started on ['chr-0101']
  * ocean/column/horiz_press_grad/surface_pressure_gradient/init_2km: [92mSUCCESS[0m [94m4.5s[0m
  * ocean/column/horiz_press_grad/surface_pressure_gradient/forward_2km: started on ['chr-0101']
  * ocean/column/horiz_press_grad/surface_pressure_gradient/init_1.5km: [92mSUCCESS[0m [94m4.5s[0m
  * ocean/column/horiz_press_grad/surface_pressure_gradient/forward_1.5km: started on ['chr-0101']
  * ocean/column/horiz_press_grad/surface_pressure_gradient/init_1km: [92mSUCCESS[0m [94m4.5s[0m
  * ocean/column/horiz_press_grad/surface_pressure_gradient/forward_1km: started on ['chr-0101']
  * ocean/column/horiz_press_grad/surface_pressure_gradient/init_750m: [92mSUCCESS[0m [94m4.5s[0m
  * ocean/column/horiz_press_grad/surface_pressure_gradient/forward_750m: started on ['chr-0101']
  * ocean/column/horiz_press_grad/surface_pressure_gradient/init_500m: [92mSUCCESS[0m [94m4.5s[0m
  * ocean/column/horiz_press_grad/surface_pressure_gradient/forward_500m: started on ['chr-0101']
  * ocean/column/horiz_press_grad/temperature_gradient/init_4km: [92mSUCCESS[0m [94m4.5s[0m
  * ocean/column/horiz_press_grad/temperature_gradient/forward_4km: started on ['chr-0101']
  * ocean/column/horiz_press_grad/temperature_gradient/init_3km: [92mSUCCESS[0m [94m4.5s[0m
  * ocean/column/horiz_press_grad/temperature_gradient/forward_3km: started on ['chr-0101']
  * ocean/column/horiz_press_grad/temperature_gradient/init_2km: [92mSUCCESS[0m [94m4.5s[0m
  * ocean/column/horiz_press_grad/temperature_gradient/forward_2km: started on ['chr-0101']
  * ocean/column/horiz_press_grad/temperature_gradient/init_1.5km: [92mSUCCESS[0m [94m4.5s[0m
  * ocean/column/horiz_press_grad/temperature_gradient/forward_1.5km: started on ['chr-0101']
  * ocean/column/horiz_press_grad/temperature_gradient/init_750m: [92mSUCCESS[0m [94m4.5s[0m
  * ocean/column/horiz_press_grad/temperature_gradient/forward_750m: started on ['chr-0101']
  * ocean/column/horiz_press_grad/temperature_gradient/init_500m: [92mSUCCESS[0m [94m4.5s[0m
  * ocean/column/horiz_press_grad/temperature_gradient/forward_500m: started on ['chr-0101']
  * ocean/column/horiz_press_grad/ztilde_gradient/init_4km: [92mSUCCESS[0m [94m4.5s[0m
  * ocean/column/horiz_press_grad/ztilde_gradient/forward_4km: started on ['chr-0101']
  * ocean/column/horiz_press_grad/ztilde_gradient/init_3km: [92mSUCCESS[0m [94m4.5s[0m
  * ocean/column/horiz_press_grad/ztilde_gradient/forward_3km: started on ['chr-0101']
  * ocean/column/horiz_press_grad/ztilde_gradient/init_2km: [92mSUCCESS[0m [94m4.5s[0m
  * ocean/column/horiz_press_grad/ztilde_gradient/forward_2km: started on ['chr-0101']
  * ocean/column/horiz_press_grad/ztilde_gradient/init_1.5km: [92mSUCCESS[0m [94m4.5s[0m
  * ocean/column/horiz_press_grad/ztilde_gradient/forward_1.5km: started on ['chr-0101']
  * ocean/column/horiz_press_grad/ztilde_gradient/init_1km: [92mSUCCESS[0m [94m4.5s[0m
  * ocean/column/horiz_press_grad/ztilde_gradient/forward_1km: started on ['chr-0101']
  * ocean/column/horiz_press_grad/ztilde_gradient/init_750m: [92mSUCCESS[0m [94m4.5s[0m
  * ocean/column/horiz_press_grad/ztilde_gradient/forward_750m: started on ['chr-0101']
  * ocean/column/horiz_press_grad/ztilde_gradient/init_500m: [92mSUCCESS[0m [94m4.5s[0m
  * ocean/column/horiz_press_grad/ztilde_gradient/forward_500m: started on ['chr-0101']
  * ocean/spherical/icos/correlated_tracers_2d/init/480km: [92mSUCCESS[0m [94m0.9s[0m
  * ocean/spherical/icos/correlated_tracers_2d/forward/480km_480s: started on ['chr-0103']
  * ocean/spherical/icos/cosine_bell/init/480km: started on ['chr-0101']
  * ocean/planar/baroclinic_channel/10km/init: [92mSUCCESS[0m [94m5.2s[0m
  * ocean/planar/baroclinic_channel/10km/decomp/4proc: started on ['chr-0102']
  * ocean/planar/baroclinic_channel/10km/decomp/8proc: started on ['chr-0104']
  * ocean/planar/baroclinic_channel/10km/restart/full_run: started on ['chr-0103']
  * ocean/planar/baroclinic_channel/10km/threads/1thread: started on ['chr-0104']
  * ocean/planar/baroclinic_channel/10km/threads/2thread: started on ['chr-0105']
  * ocean/spherical/icos/geostrophic/init/480km: started on ['chr-0101']
  * ocean/planar/merry_go_round/init/5m: [92mSUCCESS[0m [94m5.2s[0m
  * ocean/planar/merry_go_round/forward/5m_90s_limiter: started on ['chr-0101']
  * ocean/planar/merry_go_round/init/2.5m: [92mSUCCESS[0m [94m5.3s[0m
  * ocean/planar/merry_go_round/forward/5m_90s_order2: started on ['chr-0101']
  * ocean/planar/merry_go_round/forward/2.5m_45s_order2: started on ['chr-0104']
  * ocean/planar/merry_go_round/forward/2.5m_45s_order4: started on ['chr-0105']
  * ocean/planar/manufactured_solution/init/50km: [92mSUCCESS[0m [94m5.4s[0m
  * ocean/planar/manufactured_solution/default/forward/50km_75s: started on ['chr-0106', 'chr-0107', 'chr-0109', 'chr-0110']
  * ocean/planar/manufactured_solution/del2/forward/50km_75s: started on ['chr-0111', 'chr-0113', 'chr-0116', 'chr-0117']
  * ocean/planar/merry_go_round/forward/5m_90s_order4: started on ['chr-0101']
  * ocean/spherical/icos/cosine_bell/init/480km: [92mSUCCESS[0m [94m1.2s[0m
  * ocean/spherical/icos/cosine_bell/decomp/12proc: started on ['chr-0106']
  * ocean/spherical/icos/cosine_bell/decomp/24proc: started on ['chr-0107', 'chr-0109']
  * ocean/spherical/icos/cosine_bell/restart/full_run: started on ['chr-0110']
  * ocean/spherical/icos/cosine_bell/restart/restart_run: started on ['chr-0111']
  * ocean/spherical/icos/divergent_2d/init/480km: started on ['chr-0101']
  * ocean/planar/barotropic_gyre/munk/free-slip/init: [92mSUCCESS[0m [94m6.1s[0m
  * ocean/spherical/icos/nondivergent_2d/init/480km: started on ['chr-0101']
  * ocean/planar/merry_go_round/init/1.25m: [92mSUCCESS[0m [94m6.3s[0m
  * ocean/planar/merry_go_round/forward/1.25m_23s_order2: started on ['chr-0113']
  * ocean/planar/merry_go_round/forward/1.25m_23s_order4: started on ['chr-0116']
  * ocean/spherical/icos/rotation_2d/init/480km: started on ['chr-0101']
  * ocean/spherical/icos/divergent_2d/init/480km: [92mSUCCESS[0m [94m1.0s[0m
  * ocean/spherical/icos/divergent_2d/forward/480km_480s: started on ['chr-0117']
  * ocean/spherical/icos/nondivergent_2d/init/480km: [92mSUCCESS[0m [94m0.7s[0m
  * ocean/spherical/icos/nondivergent_2d/forward/480km_480s: started on ['chr-0113', 'chr-0116']
  * ocean/spherical/icos/rotation_2d/init/480km: [92mSUCCESS[0m [94m0.7s[0m
  * mesh/spherical/icos/base_mesh/240km: [92mSUCCESS[0m [94m3.9s[0m
  * ocean/spherical/icos/correlated_tracers_2d/init/240km: started on ['chr-0101']
  * mesh/spherical/icos/base_mesh/120km: started on ['chr-0101']
  * ocean/spherical/icos/geostrophic/init/240km: started on ['chr-0101']
  * ocean/spherical/icos/divergent_2d/init/240km: started on ['chr-0101']
  * ocean/spherical/icos/rotation_2d/forward/480km_480s: started on ['chr-0105', 'chr-0106', 'chr-0107', 'chr-0109', 'chr-0110', 'chr-0111']
  * ocean/spherical/icos/divergent_2d/init/240km: [92mSUCCESS[0m [94m0.8s[0m
  * ocean/spherical/icos/nondivergent_2d/init/240km: started on ['chr-0101']
  * ocean/spherical/icos/correlated_tracers_2d/init/240km: [92mSUCCESS[0m [94m0.9s[0m
  * ocean/spherical/icos/rotation_2d/init/240km: started on ['chr-0101']
  * ocean/spherical/icos/rotation_2d/init/240km: [92mSUCCESS[0m [94m0.7s[0m
  * ocean/spherical/icos/nondivergent_2d/init/240km: [92mSUCCESS[0m [94m0.9s[0m
  * ocean/spherical/icos/geostrophic/init/480km: [92mSUCCESS[0m [94m5.2s[0m
  * ocean/spherical/icos/geostrophic/init/240km: [92mSUCCESS[0m [94m3.1s[0m
  * ocean/planar/manufactured_solution/init/25km: [92mSUCCESS[0m [94m11.9s[0m
  * ocean/column/horiz_press_grad/salinity_gradient/forward_500m: [92mSUCCESS[0m [94m9.9s[0m
  * ocean/column/horiz_press_grad/surface_pressure_gradient/forward_4km: [92mSUCCESS[0m [94m9.9s[0m
  * ocean/column/horiz_press_grad/surface_pressure_gradient/forward_1.5km: [92mSUCCESS[0m [94m9.7s[0m
  * ocean/column/horiz_press_grad/surface_pressure_gradient/forward_3km: [92mSUCCESS[0m [94m9.9s[0m
  * ocean/column/horiz_press_grad/temperature_gradient/forward_1km: [92mSUCCESS[0m [94m10.0s[0m
  * ocean/column/horiz_press_grad/salinity_gradient/forward_1.5km: [92mSUCCESS[0m [94m9.9s[0m
  * ocean/column/horiz_press_grad/salinity_gradient/forward_4km: [92mSUCCESS[0m [94m9.8s[0m
  * ocean/spherical/icos/geostrophic/forward/480km_960s: started on ['chr-0101']
  * ocean/column/horiz_press_grad/salinity_gradient/forward_1km: [92mSUCCESS[0m [94m9.9s[0m
  * ocean/column/horiz_press_grad/salinity_gradient/forward_750m: [92mSUCCESS[0m [94m9.8s[0m
  * ocean/column/horiz_press_grad/surface_pressure_gradient/forward_2km: [92mSUCCESS[0m [94m10.3s[0m
  * ocean/column/horiz_press_grad/surface_pressure_gradient/forward_500m: [92mSUCCESS[0m [94m10.4s[0m
  * ocean/column/horiz_press_grad/salinity_gradient/forward_2km: [92mSUCCESS[0m [94m10.5s[0m
  * ocean/column/horiz_press_grad/salinity_gradient/forward_3km: [92mSUCCESS[0m [94m10.7s[0m
  * ocean/column/horiz_press_grad/salinity_gradient/analysis: started on ['chr-0101']
  * ocean/column/horiz_press_grad/surface_pressure_gradient/forward_1km: [92mSUCCESS[0m [94m10.6s[0m
  * ocean/column/horiz_press_grad/temperature_gradient/forward_3km: [92mSUCCESS[0m [94m10.5s[0m
  * ocean/column/horiz_press_grad/surface_pressure_gradient/forward_750m: [92mSUCCESS[0m [94m10.6s[0m
  * ocean/column/horiz_press_grad/surface_pressure_gradient/analysis: started on ['chr-0101']
  * ocean/column/horiz_press_grad/temperature_gradient/forward_500m: [92mSUCCESS[0m [94m10.6s[0m
  * ocean/column/horiz_press_grad/ztilde_gradient/forward_3km: [92mSUCCESS[0m [94m10.5s[0m
  * ocean/column/horiz_press_grad/temperature_gradient/forward_1.5km: [92mSUCCESS[0m [94m10.7s[0m
  * ocean/column/horiz_press_grad/ztilde_gradient/forward_1km: [92mSUCCESS[0m [94m10.5s[0m
  * ocean/column/horiz_press_grad/ztilde_gradient/forward_2km: [92mSUCCESS[0m [94m10.6s[0m
  * ocean/column/horiz_press_grad/ztilde_gradient/forward_1.5km: [92mSUCCESS[0m [94m10.5s[0m
  * ocean/column/horiz_press_grad/temperature_gradient/forward_2km: [92mSUCCESS[0m [94m10.7s[0m
  * ocean/column/horiz_press_grad/temperature_gradient/forward_750m: [92mSUCCESS[0m [94m10.7s[0m
  * ocean/column/horiz_press_grad/temperature_gradient/forward_4km: [92mSUCCESS[0m [94m10.8s[0m
  * ocean/column/horiz_press_grad/temperature_gradient/analysis: started on ['chr-0101']
  * ocean/column/horiz_press_grad/ztilde_gradient/forward_4km: [92mSUCCESS[0m [94m10.7s[0m
  * mesh/spherical/icos/base_mesh/60km: started on ['chr-0101']
  * ocean/column/horiz_press_grad/ztilde_gradient/forward_500m: [92mSUCCESS[0m [94m10.7s[0m
  * ocean/column/horiz_press_grad/ztilde_gradient/forward_750m: [92mSUCCESS[0m [94m10.7s[0m
  * ocean/column/horiz_press_grad/ztilde_gradient/analysis: started on ['chr-0101']
  * mesh/spherical/icos/base_mesh/120km: [92mSUCCESS[0m [94m10.6s[0m
  * ocean/spherical/icos/correlated_tracers_2d/init/120km: started on ['chr-0101']
  * ocean/spherical/icos/geostrophic/init/120km: started on ['chr-0101']
  * ocean/spherical/icos/divergent_2d/init/120km: started on ['chr-0101']
  * ocean/spherical/icos/nondivergent_2d/init/120km: started on ['chr-0101']
  * ocean/spherical/icos/rotation_2d/init/120km: started on ['chr-0101']
  * ocean/planar/merry_go_round/forward/5m_90s_order2: [92mSUCCESS[0m [94m14.3s[0m
  * ocean/planar/merry_go_round/forward/5m_90s_order4: [92mSUCCESS[0m [94m14.4s[0m
  * ocean/spherical/icos/rotation_2d/init/120km: [92mSUCCESS[0m [94m2.1s[0m
  * ocean/spherical/icos/correlated_tracers_2d/init/120km: [92mSUCCESS[0m [94m2.2s[0m
  * mesh/spherical/qu/base_mesh/180km: started on ['chr-0101']
  * ocean/spherical/icos/divergent_2d/init/120km: [92mSUCCESS[0m [94m2.3s[0m
  * ocean/spherical/icos/nondivergent_2d/init/120km: [92mSUCCESS[0m [94m2.4s[0m
  * ocean/planar/merry_go_round/forward/5m_90s_limiter: [92mSUCCESS[0m [94m15.7s[0m
  * ocean/planar/baroclinic_channel/10km/threads/2thread: [92mSUCCESS[0m [94m16.3s[0m
  * ocean/spherical/icos/geostrophic/forward/480km_960s: [92mSUCCESS[0m [94m8.1s[0m
  * ocean/planar/baroclinic_channel/10km/decomp/4proc: [92mSUCCESS[0m [94m16.8s[0m
  * ocean/spherical/icos/geostrophic/init/120km: [92mSUCCESS[0m [94m4.4s[0m
  * mesh/spherical/qu/base_mesh/150km: started on ['chr-0101']
  * ocean/planar/baroclinic_channel/10km/decomp/8proc: [92mSUCCESS[0m [94m17.8s[0m
  * ocean/planar/baroclinic_channel/10km/threads/1thread: [92mSUCCESS[0m [94m17.7s[0m
  * ocean/planar/manufactured_solution/del4/forward/200km_300s: [92mSUCCESS[0m [94m19.9s[0m
  * ocean/planar/manufactured_solution/default/forward/200km_300s: [92mSUCCESS[0m [94m20.0s[0m
  * ocean/planar/manufactured_solution/del2/forward/200km_300s: [92mSUCCESS[0m [94m20.0s[0m
  * ocean/planar/baroclinic_channel/10km/restart/full_run: [92mSUCCESS[0m [94m18.2s[0m
  * ocean/planar/baroclinic_channel/10km/restart/restart_run: started on ['chr-0102']
  * ocean/spherical/icos/cosine_bell/restart/restart_run: [91mFAIL[0m (exit code 1), see /lcrc/group/e3sm/ac.xylar/polaris_1.1/chrysalis/test_20260910/nightly_scaling/concurrent_13/case_outputs/ocean_spherical_icos_cosine_bell_restart_restart_run.log
      1 step(s) that needed it will not run
  * ocean/spherical/icos/cosine_bell/restart/full_run: [92mSUCCESS[0m [94m18.6s[0m
  * ocean/planar/overflow/linear/zstar/smoke_test_horiz_adv_order_2/forward: [92mSUCCESS[0m [94m22.2s[0m
  * ocean/planar/baroclinic_channel/10km/decomp/validate: started on ['chr-0101']
  * ocean/planar/baroclinic_channel/10km/threads/validate: started on ['chr-0101']
  * ocean/planar/baroclinic_channel/10km/threads/validate: [92mSUCCESS[0m [94m0.2s[0m
  * ocean/planar/baroclinic_channel/10km/decomp/validate: [92mSUCCESS[0m [94m0.3s[0m
  * ocean/planar/manufactured_solution/del4/forward/100km_150s: [92mSUCCESS[0m [94m22.5s[0m
  * ocean/planar/barotropic_gyre/munk/free-slip/short_forward: started on ['chr-0105']
  * ocean/planar/baroclinic_channel/10km/restart/restart_run: [92mSUCCESS[0m [94m3.3s[0m
  * ocean/planar/baroclinic_channel/10km/restart/validate: started on ['chr-0101']
  * ocean/planar/manufactured_solution/default/forward/100km_150s: [92mSUCCESS[0m [94m23.3s[0m
  * ocean/spherical/icos/correlated_tracers_2d/forward/240km_240s: started on ['chr-0103']
  * ocean/planar/manufactured_solution/del2/forward/100km_150s: [92mSUCCESS[0m [94m23.4s[0m
  * ocean/spherical/icos/geostrophic/forward/240km_480s: started on ['chr-0104']
  * mesh/spherical/qu/base_mesh/180km: [92mSUCCESS[0m [94m6.6s[0m
  * ocean/spherical/qu/rotation_2d/init/180km: started on ['chr-0101']
  * mesh/spherical/qu/base_mesh/120km: started on ['chr-0101']
  * ocean/planar/baroclinic_channel/10km/restart/validate: [92mSUCCESS[0m [94m0.2s[0m
  * ocean/spherical/qu/rotation_2d/init/180km: [92mSUCCESS[0m [94m1.3s[0m
  * mesh/spherical/qu/base_mesh/150km: [92mSUCCESS[0m [94m7.4s[0m
  * ocean/spherical/qu/rotation_2d/init/150km: started on ['chr-0101']
  * mesh/spherical/qu/base_mesh/90km: started on ['chr-0101']
  * ocean/planar/overflow/linear/zstar/smoke_test_horiz_adv_order_4/forward: [92mSUCCESS[0m [94m27.7s[0m
  * ocean/spherical/icos/divergent_2d/forward/240km_240s: started on ['chr-0102']
  * ocean/planar/overflow/linear/zstar/smoke_test_horiz_adv_order_3/forward: [92mSUCCESS[0m [94m27.7s[0m
  * ocean/spherical/icos/cosine_bell/decomp/24proc: [92mSUCCESS[0m [94m25.4s[0m
  * ocean/spherical/qu/rotation_2d/init/150km: [92mSUCCESS[0m [94m1.5s[0m
  * ocean/planar/merry_go_round/forward/2.5m_45s_order4: [92mSUCCESS[0m [94m26.6s[0m
  * ocean/planar/manufactured_solution/default/forward/50km_75s: [92mSUCCESS[0m [94m27.1s[0m
  * ocean/planar/manufactured_solution/del4/forward/50km_75s: started on ['chr-0106', 'chr-0107', 'chr-0109', 'chr-0110']
  * ocean/planar/manufactured_solution/del2/forward/50km_75s: [92mSUCCESS[0m [94m27.3s[0m
  * ocean/spherical/icos/nondivergent_2d/forward/240km_240s: started on ['chr-0111']
  * ocean/spherical/icos/rotation_2d/forward/240km_240s: started on ['chr-0117']
  * ocean/spherical/qu/rotation_2d/forward/180km_180s: started on ['chr-0113', 'chr-0116']
  * ocean/planar/merry_go_round/forward/2.5m_45s_order2: [92mSUCCESS[0m [94m27.9s[0m
  * ocean/spherical/icos/cosine_bell/decomp/12proc: [92mSUCCESS[0m [94m27.8s[0m
  * ocean/spherical/icos/cosine_bell/decomp/validate: started on ['chr-0101']
  * ocean/spherical/icos/cosine_bell/decomp/validate: [92mSUCCESS[0m [94m0.2s[0m
  * mesh/spherical/qu/base_mesh/120km: [92mSUCCESS[0m [94m9.3s[0m
  * ocean/spherical/qu/rotation_2d/init/120km: started on ['chr-0101']
  * ocean/spherical/qu/rotation_2d/init/120km: [92mSUCCESS[0m [94m1.4s[0m
  * mesh/spherical/icos/base_mesh/60km: [92mSUCCESS[0m [94m29.5s[0m
  * ocean/spherical/icos/correlated_tracers_2d/init/60km: started on ['chr-0101']
  * ocean/spherical/icos/geostrophic/init/60km: started on ['chr-0101']
  * ocean/spherical/icos/divergent_2d/init/60km: started on ['chr-0101']
  * ocean/spherical/icos/nondivergent_2d/init/60km: started on ['chr-0101']
  * ocean/spherical/icos/rotation_2d/init/60km: started on ['chr-0101']
  * ocean/spherical/icos/nondivergent_2d/init/60km: [92mSUCCESS[0m [94m3.0s[0m
  * ocean/spherical/icos/rotation_2d/init/60km: [92mSUCCESS[0m [94m2.9s[0m
  * ocean/spherical/icos/correlated_tracers_2d/init/60km: [92mSUCCESS[0m [94m3.0s[0m
  * ocean/spherical/icos/divergent_2d/init/60km: [92mSUCCESS[0m [94m3.1s[0m
  * mesh/spherical/qu/base_mesh/90km: [92mSUCCESS[0m [94m17.7s[0m
  * ocean/spherical/qu/rotation_2d/init/90km: started on ['chr-0101']
  * ocean/planar/barotropic_gyre/munk/free-slip/short_forward: [92mSUCCESS[0m [94m22.4s[0m
  * ocean/spherical/icos/geostrophic/init/60km: [92mSUCCESS[0m [94m4.9s[0m
  * ocean/spherical/icos/correlated_tracers_2d/forward/480km_480s: [92mSUCCESS[0m [94m45.1s[0m
  * ocean/spherical/qu/rotation_2d/init/90km: [92mSUCCESS[0m [94m3.4s[0m
  * ocean/spherical/icos/rotation_2d/forward/480km_480s: [92mSUCCESS[0m [94m43.5s[0m
  * ocean/spherical/icos/divergent_2d/forward/480km_480s: [92mSUCCESS[0m [94m44.4s[0m
  * ocean/spherical/icos/geostrophic/forward/240km_480s: [92mSUCCESS[0m [94m24.6s[0m
  * ocean/spherical/qu/rotation_2d/forward/150km_150s: started on ['chr-0101', 'chr-0104', 'chr-0105']
  * ocean/spherical/icos/nondivergent_2d/forward/480km_480s: [92mSUCCESS[0m [94m45.2s[0m
  * ocean/column/horiz_press_grad/salinity_gradient/analysis: [92mSUCCESS[0m [94m39.1s[0m
  * ocean/column/horiz_press_grad/ztilde_gradient/analysis: [92mSUCCESS[0m [94m38.7s[0m
  * ocean/column/horiz_press_grad/surface_pressure_gradient/analysis: [92mSUCCESS[0m [94m39.2s[0m
  * ocean/column/horiz_press_grad/temperature_gradient/analysis: [92mSUCCESS[0m [94m40.3s[0m
  * ocean/planar/manufactured_solution/del4/forward/50km_75s: [92mSUCCESS[0m [94m23.1s[0m
  * ocean/spherical/icos/correlated_tracers_2d/forward/120km_120s: started on ['chr-0106', 'chr-0107', 'chr-0109', 'chr-0110']
  * ocean/planar/merry_go_round/forward/1.25m_23s_order4: [92mSUCCESS[0m [94m79.4s[0m
  * ocean/planar/merry_go_round/convergence_both_order4/analysis: started on ['chr-0101']
  * ocean/planar/merry_go_round/forward/1.25m_23s_order2: [92mSUCCESS[0m [94m79.6s[0m
  * ocean/planar/merry_go_round/convergence_both_order2/analysis: started on ['chr-0101']
  * ocean/planar/merry_go_round/convergence_both_order4/analysis: [92mSUCCESS[0m [94m1.2s[0m
  * ocean/planar/merry_go_round/convergence_both_order2/analysis: [92mSUCCESS[0m [94m1.1s[0m
  * ocean/spherical/icos/correlated_tracers_2d/forward/240km_240s: [92mSUCCESS[0m [94m75.0s[0m
  * ocean/spherical/icos/rotation_2d/forward/240km_240s: [92mSUCCESS[0m [94m73.6s[0m
  * ocean/spherical/icos/divergent_2d/forward/240km_240s: [92mSUCCESS[0m [94m77.0s[0m
  * ocean/spherical/icos/nondivergent_2d/forward/240km_240s: [92mSUCCESS[0m [94m75.3s[0m
  * ocean/spherical/icos/geostrophic/forward/120km_240s: started on ['chr-0102', 'chr-0103', 'chr-0111', 'chr-0117']
  * ocean/spherical/icos/geostrophic/forward/120km_240s: [92mSUCCESS[0m [94m32.5s[0m
  * ocean/spherical/icos/divergent_2d/forward/120km_120s: started on ['chr-0102', 'chr-0103', 'chr-0111', 'chr-0117']
  * ocean/spherical/qu/rotation_2d/forward/180km_180s: [92mSUCCESS[0m [94m114.1s[0m
  * ocean/spherical/qu/rotation_2d/forward/150km_150s: [92mSUCCESS[0m [94m113.2s[0m
  * ocean/spherical/icos/nondivergent_2d/forward/120km_120s: started on ['chr-0101', 'chr-0104', 'chr-0105', 'chr-0113']
  * ocean/spherical/icos/correlated_tracers_2d/forward/120km_120s: [92mSUCCESS[0m [94m162.0s[0m
  * ocean/spherical/icos/rotation_2d/forward/120km_120s: started on ['chr-0106', 'chr-0107', 'chr-0109', 'chr-0110']
  * ocean/spherical/icos/divergent_2d/forward/120km_120s: [92mSUCCESS[0m [94m164.5s[0m
  * ocean/spherical/qu/rotation_2d/forward/120km_120s: started on ['chr-0102', 'chr-0103', 'chr-0111', 'chr-0116']
  * ocean/spherical/icos/nondivergent_2d/forward/120km_120s: [92mSUCCESS[0m [94m164.3s[0m
  * ocean/spherical/icos/rotation_2d/forward/120km_120s: [92mSUCCESS[0m [94m161.4s[0m
  * ocean/spherical/qu/rotation_2d/forward/90km_90s: started on ['chr-0101', 'chr-0104', 'chr-0105', 'chr-0106', 'chr-0107', 'chr-0109']
  * ocean/spherical/qu/rotation_2d/forward/120km_120s: [92mSUCCESS[0m [94m156.3s[0m
  * ocean/spherical/qu/rotation_2d/forward/90km_90s: [92mSUCCESS[0m [94m224.9s[0m
  * ocean/planar/manufactured_solution/default/forward/25km_38s: started on ['chr-0101', 'chr-0102', 'chr-0103', 'chr-0104', 'chr-0105', 'chr-0106', 'chr-0107', 'chr-0109', 'chr-0110', 'chr-0111', 'chr-0113', 'chr-0116', 'chr-0117']
  * ocean/spherical/qu/rotation_2d/analysis/both: started on ['chr-0101']
  * ocean/spherical/qu/rotation_2d/analysis/both: [92mSUCCESS[0m [94m2.5s[0m

The placement of step ocean/planar/manufactured_solution/default/forward/25km_38s does not describe how it ran.

  On chr-0117 the launch was allowed 61 cores (0-60) but was given 56 (0-55).

Nothing has been changed. The step ran, and its results are as good as they ever were;
what is wrong is the accounting, which believes this step is using less of the machine
than it is. Other steps are being started against that belief.
  * ocean/planar/manufactured_solution/default/forward/25km_38s: [92mSUCCESS[0m [94m39.0s[0m
  * ocean/planar/manufactured_solution/convergence_both/default/analysis: started on ['chr-0101']
  * ocean/planar/manufactured_solution/del2/forward/25km_38s: started on ['chr-0101', 'chr-0102', 'chr-0103', 'chr-0104', 'chr-0105', 'chr-0106', 'chr-0107', 'chr-0109', 'chr-0110', 'chr-0111', 'chr-0113', 'chr-0116', 'chr-0117']
  * ocean/planar/manufactured_solution/convergence_both/default/analysis: [92mSUCCESS[0m [94m1.7s[0m

The placement of step ocean/planar/manufactured_solution/del2/forward/25km_38s does not describe how it ran.

  On chr-0117 the launch was allowed 61 cores (1-61) but was given 56 (1-56).

Nothing has been changed. The step ran, and its results are as good as they ever were;
what is wrong is the accounting, which believes this step is using less of the machine
than it is. Other steps are being started against that belief.
  * ocean/planar/manufactured_solution/del2/forward/25km_38s: [92mSUCCESS[0m [94m38.3s[0m
  * ocean/planar/manufactured_solution/convergence_both/del2/analysis: started on ['chr-0101']
  * ocean/planar/manufactured_solution/del4/forward/25km_38s: started on ['chr-0101', 'chr-0102', 'chr-0103', 'chr-0104', 'chr-0105', 'chr-0106', 'chr-0107', 'chr-0109', 'chr-0110', 'chr-0111', 'chr-0113', 'chr-0116', 'chr-0117']
  * ocean/planar/manufactured_solution/convergence_both/del2/analysis: [92mSUCCESS[0m [94m1.3s[0m

The placement of step ocean/planar/manufactured_solution/del4/forward/25km_38s does not describe how it ran.

  On chr-0117 the launch was allowed 61 cores (1-61) but was given 56 (1-56).

Nothing has been changed. The step ran, and its results are as good as they ever were;
what is wrong is the accounting, which believes this step is using less of the machine
than it is. Other steps are being started against that belief.
  * ocean/planar/manufactured_solution/del4/forward/25km_38s: [92mSUCCESS[0m [94m38.1s[0m
  * ocean/planar/manufactured_solution/convergence_both/del4/analysis: started on ['chr-0101']
  * ocean/planar/manufactured_solution/convergence_both/del4/analysis: [92mSUCCESS[0m [94m1.1s[0m
  * ocean/spherical/icos/correlated_tracers_2d/forward/60km_60s: started on ['chr-0101', 'chr-0102', 'chr-0103', 'chr-0104', 'chr-0105', 'chr-0106', 'chr-0107', 'chr-0109', 'chr-0110', 'chr-0111', 'chr-0113', 'chr-0116', 'chr-0117']
  * ocean/spherical/icos/correlated_tracers_2d/forward/60km_60s: [92mSUCCESS[0m [94m460.0s[0m
  * ocean/spherical/icos/correlated_tracers_2d/analysis/both: started on ['chr-0101']
  * ocean/spherical/icos/correlated_tracers_2d/mixing_analysis: started on ['chr-0101']
  * ocean/spherical/icos/correlated_tracers_2d/mixing_analysis: [92mSUCCESS[0m [94m1.3s[0m
  * ocean/spherical/icos/correlated_tracers_2d/analysis/both: [92mSUCCESS[0m [94m2.8s[0m
  * ocean/spherical/icos/geostrophic/forward/60km_120s: started on ['chr-0101', 'chr-0102', 'chr-0103', 'chr-0104', 'chr-0105', 'chr-0106', 'chr-0107', 'chr-0109', 'chr-0110', 'chr-0111', 'chr-0113', 'chr-0116', 'chr-0117']
  * ocean/spherical/icos/geostrophic/forward/60km_120s: [92mSUCCESS[0m [94m60.6s[0m
  * ocean/spherical/icos/geostrophic/convergence_both/analysis: started on ['chr-0101']
  * ocean/spherical/icos/geostrophic/convergence_both/analysis: [92mSUCCESS[0m [94m2.1s[0m
  * ocean/spherical/icos/divergent_2d/forward/60km_60s: started on ['chr-0101', 'chr-0102', 'chr-0103', 'chr-0104', 'chr-0105', 'chr-0106', 'chr-0107', 'chr-0109', 'chr-0110', 'chr-0111', 'chr-0113', 'chr-0116', 'chr-0117']
  * ocean/spherical/icos/divergent_2d/forward/60km_60s: [92mSUCCESS[0m [94m465.4s[0m
  * ocean/spherical/icos/divergent_2d/analysis/both: started on ['chr-0101']
  * ocean/spherical/icos/divergent_2d/analysis/both: [92mSUCCESS[0m [94m2.8s[0m
  * ocean/spherical/icos/nondivergent_2d/forward/60km_60s: started on ['chr-0101', 'chr-0102', 'chr-0103', 'chr-0104', 'chr-0105', 'chr-0106', 'chr-0107', 'chr-0109', 'chr-0110', 'chr-0111', 'chr-0113', 'chr-0116', 'chr-0117']
  * ocean/spherical/icos/nondivergent_2d/forward/60km_60s: [92mSUCCESS[0m [94m461.7s[0m
  * ocean/spherical/icos/nondivergent_2d/analysis/both: started on ['chr-0101']
  * ocean/spherical/icos/nondivergent_2d/filament_analysis: started on ['chr-0101']
  * ocean/spherical/icos/nondivergent_2d/filament_analysis: [92mSUCCESS[0m [94m1.4s[0m
  * ocean/spherical/icos/nondivergent_2d/analysis/both: [92mSUCCESS[0m [94m2.7s[0m
  * ocean/spherical/icos/rotation_2d/forward/60km_60s: started on ['chr-0101', 'chr-0102', 'chr-0103', 'chr-0104', 'chr-0105', 'chr-0106', 'chr-0107', 'chr-0109', 'chr-0110', 'chr-0111', 'chr-0113', 'chr-0116', 'chr-0117']
  * ocean/spherical/icos/rotation_2d/forward/60km_60s: [92mSUCCESS[0m [94m454.4s[0m
  * ocean/spherical/icos/rotation_2d/analysis/both: started on ['chr-0101']
  * ocean/spherical/icos/rotation_2d/analysis/both: [92mSUCCESS[0m [94m2.7s[0m

Step runtimes:
       2.8s [92mSUCCESS[0m ocean/planar/manufactured_solution/init/200km
       3.2s [92mSUCCESS[0m ocean/planar/overflow/linear/zstar/init
       3.4s [92mSUCCESS[0m ocean/planar/manufactured_solution/init/100km
       3.3s [92mSUCCESS[0m mesh/spherical/icos/base_mesh/480km
       4.0s [92mSUCCESS[0m ocean/column/horiz_press_grad/temperature_gradient/init_1km
       4.3s [92mSUCCESS[0m ocean/column/horiz_press_grad/salinity_gradient/init_500m
       4.3s [92mSUCCESS[0m ocean/column/horiz_press_grad/surface_pressure_gradient/init_4km
       4.4s [92mSUCCESS[0m ocean/column/horiz_press_grad/salinity_gradient/init_1.5km
       4.4s [92mSUCCESS[0m ocean/column/horiz_press_grad/surface_pressure_gradient/init_3km
       4.4s [92mSUCCESS[0m ocean/column/horiz_press_grad/salinity_gradient/init_1km
       4.5s [92mSUCCESS[0m ocean/column/horiz_press_grad/salinity_gradient/init_4km
       4.5s [92mSUCCESS[0m ocean/column/horiz_press_grad/salinity_gradient/init_3km
       4.5s [92mSUCCESS[0m ocean/column/horiz_press_grad/salinity_gradient/init_750m
       4.6s [92mSUCCESS[0m ocean/column/horiz_press_grad/salinity_gradient/init_2km
       4.5s [92mSUCCESS[0m ocean/column/horiz_press_grad/surface_pressure_gradient/init_2km
       4.5s [92mSUCCESS[0m ocean/column/horiz_press_grad/surface_pressure_gradient/init_1.5km
       4.5s [92mSUCCESS[0m ocean/column/horiz_press_grad/surface_pressure_gradient/init_1km
       4.5s [92mSUCCESS[0m ocean/column/horiz_press_grad/surface_pressure_gradient/init_750m
       4.5s [92mSUCCESS[0m ocean/column/horiz_press_grad/surface_pressure_gradient/init_500m
       4.5s [92mSUCCESS[0m ocean/column/horiz_press_grad/temperature_gradient/init_4km
       4.5s [92mSUCCESS[0m ocean/column/horiz_press_grad/temperature_gradient/init_3km
       4.5s [92mSUCCESS[0m ocean/column/horiz_press_grad/temperature_gradient/init_2km
       4.5s [92mSUCCESS[0m ocean/column/horiz_press_grad/temperature_gradient/init_1.5km
       4.5s [92mSUCCESS[0m ocean/column/horiz_press_grad/temperature_gradient/init_750m
       4.5s [92mSUCCESS[0m ocean/column/horiz_press_grad/temperature_gradient/init_500m
       4.5s [92mSUCCESS[0m ocean/column/horiz_press_grad/ztilde_gradient/init_4km
       4.5s [92mSUCCESS[0m ocean/column/horiz_press_grad/ztilde_gradient/init_3km
       4.5s [92mSUCCESS[0m ocean/column/horiz_press_grad/ztilde_gradient/init_2km
       4.5s [92mSUCCESS[0m ocean/column/horiz_press_grad/ztilde_gradient/init_1.5km
       4.5s [92mSUCCESS[0m ocean/column/horiz_press_grad/ztilde_gradient/init_1km
       4.5s [92mSUCCESS[0m ocean/column/horiz_press_grad/ztilde_gradient/init_750m
       4.5s [92mSUCCESS[0m ocean/column/horiz_press_grad/ztilde_gradient/init_500m
       0.9s [92mSUCCESS[0m ocean/spherical/icos/correlated_tracers_2d/init/480km
       5.2s [92mSUCCESS[0m ocean/planar/baroclinic_channel/10km/init
       5.2s [92mSUCCESS[0m ocean/planar/merry_go_round/init/5m
       5.3s [92mSUCCESS[0m ocean/planar/merry_go_round/init/2.5m
       5.4s [92mSUCCESS[0m ocean/planar/manufactured_solution/init/50km
       1.2s [92mSUCCESS[0m ocean/spherical/icos/cosine_bell/init/480km
       6.1s [92mSUCCESS[0m ocean/planar/barotropic_gyre/munk/free-slip/init
       6.3s [92mSUCCESS[0m ocean/planar/merry_go_round/init/1.25m
       1.0s [92mSUCCESS[0m ocean/spherical/icos/divergent_2d/init/480km
       0.7s [92mSUCCESS[0m ocean/spherical/icos/nondivergent_2d/init/480km
       0.7s [92mSUCCESS[0m ocean/spherical/icos/rotation_2d/init/480km
       3.9s [92mSUCCESS[0m mesh/spherical/icos/base_mesh/240km
       0.8s [92mSUCCESS[0m ocean/spherical/icos/divergent_2d/init/240km
       0.9s [92mSUCCESS[0m ocean/spherical/icos/correlated_tracers_2d/init/240km
       0.7s [92mSUCCESS[0m ocean/spherical/icos/rotation_2d/init/240km
       0.9s [92mSUCCESS[0m ocean/spherical/icos/nondivergent_2d/init/240km
       5.2s [92mSUCCESS[0m ocean/spherical/icos/geostrophic/init/480km
       3.1s [92mSUCCESS[0m ocean/spherical/icos/geostrophic/init/240km
      11.9s [92mSUCCESS[0m ocean/planar/manufactured_solution/init/25km
       9.9s [92mSUCCESS[0m ocean/column/horiz_press_grad/salinity_gradient/forward_500m
       9.9s [92mSUCCESS[0m ocean/column/horiz_press_grad/surface_pressure_gradient/forward_4km
       9.7s [92mSUCCESS[0m ocean/column/horiz_press_grad/surface_pressure_gradient/forward_1.5km
       9.9s [92mSUCCESS[0m ocean/column/horiz_press_grad/surface_pressure_gradient/forward_3km
      10.0s [92mSUCCESS[0m ocean/column/horiz_press_grad/temperature_gradient/forward_1km
       9.9s [92mSUCCESS[0m ocean/column/horiz_press_grad/salinity_gradient/forward_1.5km
       9.8s [92mSUCCESS[0m ocean/column/horiz_press_grad/salinity_gradient/forward_4km
       9.9s [92mSUCCESS[0m ocean/column/horiz_press_grad/salinity_gradient/forward_1km
       9.8s [92mSUCCESS[0m ocean/column/horiz_press_grad/salinity_gradient/forward_750m
      10.3s [92mSUCCESS[0m ocean/column/horiz_press_grad/surface_pressure_gradient/forward_2km
      10.4s [92mSUCCESS[0m ocean/column/horiz_press_grad/surface_pressure_gradient/forward_500m
      10.5s [92mSUCCESS[0m ocean/column/horiz_press_grad/salinity_gradient/forward_2km
      10.7s [92mSUCCESS[0m ocean/column/horiz_press_grad/salinity_gradient/forward_3km
      10.6s [92mSUCCESS[0m ocean/column/horiz_press_grad/surface_pressure_gradient/forward_1km
      10.5s [92mSUCCESS[0m ocean/column/horiz_press_grad/temperature_gradient/forward_3km
      10.6s [92mSUCCESS[0m ocean/column/horiz_press_grad/surface_pressure_gradient/forward_750m
      10.6s [92mSUCCESS[0m ocean/column/horiz_press_grad/temperature_gradient/forward_500m
      10.5s [92mSUCCESS[0m ocean/column/horiz_press_grad/ztilde_gradient/forward_3km
      10.7s [92mSUCCESS[0m ocean/column/horiz_press_grad/temperature_gradient/forward_1.5km
      10.5s [92mSUCCESS[0m ocean/column/horiz_press_grad/ztilde_gradient/forward_1km
      10.6s [92mSUCCESS[0m ocean/column/horiz_press_grad/ztilde_gradient/forward_2km
      10.5s [92mSUCCESS[0m ocean/column/horiz_press_grad/ztilde_gradient/forward_1.5km
      10.7s [92mSUCCESS[0m ocean/column/horiz_press_grad/temperature_gradient/forward_2km
      10.7s [92mSUCCESS[0m ocean/column/horiz_press_grad/temperature_gradient/forward_750m
      10.8s [92mSUCCESS[0m ocean/column/horiz_press_grad/temperature_gradient/forward_4km
      10.7s [92mSUCCESS[0m ocean/column/horiz_press_grad/ztilde_gradient/forward_4km
      10.7s [92mSUCCESS[0m ocean/column/horiz_press_grad/ztilde_gradient/forward_500m
      10.7s [92mSUCCESS[0m ocean/column/horiz_press_grad/ztilde_gradient/forward_750m
      10.6s [92mSUCCESS[0m mesh/spherical/icos/base_mesh/120km
      14.3s [92mSUCCESS[0m ocean/planar/merry_go_round/forward/5m_90s_order2
      14.4s [92mSUCCESS[0m ocean/planar/merry_go_round/forward/5m_90s_order4
       2.1s [92mSUCCESS[0m ocean/spherical/icos/rotation_2d/init/120km
       2.2s [92mSUCCESS[0m ocean/spherical/icos/correlated_tracers_2d/init/120km
       2.3s [92mSUCCESS[0m ocean/spherical/icos/divergent_2d/init/120km
       2.4s [92mSUCCESS[0m ocean/spherical/icos/nondivergent_2d/init/120km
      15.7s [92mSUCCESS[0m ocean/planar/merry_go_round/forward/5m_90s_limiter
      16.3s [92mSUCCESS[0m ocean/planar/baroclinic_channel/10km/threads/2thread
       8.1s [92mSUCCESS[0m ocean/spherical/icos/geostrophic/forward/480km_960s
      16.8s [92mSUCCESS[0m ocean/planar/baroclinic_channel/10km/decomp/4proc
       4.4s [92mSUCCESS[0m ocean/spherical/icos/geostrophic/init/120km
      17.8s [92mSUCCESS[0m ocean/planar/baroclinic_channel/10km/decomp/8proc
      17.7s [92mSUCCESS[0m ocean/planar/baroclinic_channel/10km/threads/1thread
      19.9s [92mSUCCESS[0m ocean/planar/manufactured_solution/del4/forward/200km_300s
      20.0s [92mSUCCESS[0m ocean/planar/manufactured_solution/default/forward/200km_300s
      20.0s [92mSUCCESS[0m ocean/planar/manufactured_solution/del2/forward/200km_300s
      18.2s [92mSUCCESS[0m ocean/planar/baroclinic_channel/10km/restart/full_run
      17.7s [91mFAIL[0m ocean/spherical/icos/cosine_bell/restart/restart_run
      18.6s [92mSUCCESS[0m ocean/spherical/icos/cosine_bell/restart/full_run
      22.2s [92mSUCCESS[0m ocean/planar/overflow/linear/zstar/smoke_test_horiz_adv_order_2/forward
       0.2s [92mSUCCESS[0m ocean/planar/baroclinic_channel/10km/threads/validate
       0.3s [92mSUCCESS[0m ocean/planar/baroclinic_channel/10km/decomp/validate
      22.5s [92mSUCCESS[0m ocean/planar/manufactured_solution/del4/forward/100km_150s
       3.3s [92mSUCCESS[0m ocean/planar/baroclinic_channel/10km/restart/restart_run
      23.3s [92mSUCCESS[0m ocean/planar/manufactured_solution/default/forward/100km_150s
      23.4s [92mSUCCESS[0m ocean/planar/manufactured_solution/del2/forward/100km_150s
       6.6s [92mSUCCESS[0m mesh/spherical/qu/base_mesh/180km
       0.2s [92mSUCCESS[0m ocean/planar/baroclinic_channel/10km/restart/validate
       1.3s [92mSUCCESS[0m ocean/spherical/qu/rotation_2d/init/180km
       7.4s [92mSUCCESS[0m mesh/spherical/qu/base_mesh/150km
      27.7s [92mSUCCESS[0m ocean/planar/overflow/linear/zstar/smoke_test_horiz_adv_order_4/forward
      27.7s [92mSUCCESS[0m ocean/planar/overflow/linear/zstar/smoke_test_horiz_adv_order_3/forward
      25.4s [92mSUCCESS[0m ocean/spherical/icos/cosine_bell/decomp/24proc
       1.5s [92mSUCCESS[0m ocean/spherical/qu/rotation_2d/init/150km
      26.6s [92mSUCCESS[0m ocean/planar/merry_go_round/forward/2.5m_45s_order4
      27.1s [92mSUCCESS[0m ocean/planar/manufactured_solution/default/forward/50km_75s
      27.3s [92mSUCCESS[0m ocean/planar/manufactured_solution/del2/forward/50km_75s
      27.9s [92mSUCCESS[0m ocean/planar/merry_go_round/forward/2.5m_45s_order2
      27.8s [92mSUCCESS[0m ocean/spherical/icos/cosine_bell/decomp/12proc
       0.2s [92mSUCCESS[0m ocean/spherical/icos/cosine_bell/decomp/validate
       9.3s [92mSUCCESS[0m mesh/spherical/qu/base_mesh/120km
       1.4s [92mSUCCESS[0m ocean/spherical/qu/rotation_2d/init/120km
      29.5s [92mSUCCESS[0m mesh/spherical/icos/base_mesh/60km
       3.0s [92mSUCCESS[0m ocean/spherical/icos/nondivergent_2d/init/60km
       2.9s [92mSUCCESS[0m ocean/spherical/icos/rotation_2d/init/60km
       3.0s [92mSUCCESS[0m ocean/spherical/icos/correlated_tracers_2d/init/60km
       3.1s [92mSUCCESS[0m ocean/spherical/icos/divergent_2d/init/60km
      17.7s [92mSUCCESS[0m mesh/spherical/qu/base_mesh/90km
      22.4s [92mSUCCESS[0m ocean/planar/barotropic_gyre/munk/free-slip/short_forward
       4.9s [92mSUCCESS[0m ocean/spherical/icos/geostrophic/init/60km
      45.1s [92mSUCCESS[0m ocean/spherical/icos/correlated_tracers_2d/forward/480km_480s
       3.4s [92mSUCCESS[0m ocean/spherical/qu/rotation_2d/init/90km
      43.5s [92mSUCCESS[0m ocean/spherical/icos/rotation_2d/forward/480km_480s
      44.4s [92mSUCCESS[0m ocean/spherical/icos/divergent_2d/forward/480km_480s
      24.6s [92mSUCCESS[0m ocean/spherical/icos/geostrophic/forward/240km_480s
      45.2s [92mSUCCESS[0m ocean/spherical/icos/nondivergent_2d/forward/480km_480s
      39.1s [92mSUCCESS[0m ocean/column/horiz_press_grad/salinity_gradient/analysis
      38.7s [92mSUCCESS[0m ocean/column/horiz_press_grad/ztilde_gradient/analysis
      39.2s [92mSUCCESS[0m ocean/column/horiz_press_grad/surface_pressure_gradient/analysis
      40.3s [92mSUCCESS[0m ocean/column/horiz_press_grad/temperature_gradient/analysis
      23.1s [92mSUCCESS[0m ocean/planar/manufactured_solution/del4/forward/50km_75s
      79.4s [92mSUCCESS[0m ocean/planar/merry_go_round/forward/1.25m_23s_order4
      79.6s [92mSUCCESS[0m ocean/planar/merry_go_round/forward/1.25m_23s_order2
       1.2s [92mSUCCESS[0m ocean/planar/merry_go_round/convergence_both_order4/analysis
       1.1s [92mSUCCESS[0m ocean/planar/merry_go_round/convergence_both_order2/analysis
      75.0s [92mSUCCESS[0m ocean/spherical/icos/correlated_tracers_2d/forward/240km_240s
      73.6s [92mSUCCESS[0m ocean/spherical/icos/rotation_2d/forward/240km_240s
      77.0s [92mSUCCESS[0m ocean/spherical/icos/divergent_2d/forward/240km_240s
      75.3s [92mSUCCESS[0m ocean/spherical/icos/nondivergent_2d/forward/240km_240s
      32.5s [92mSUCCESS[0m ocean/spherical/icos/geostrophic/forward/120km_240s
     114.1s [92mSUCCESS[0m ocean/spherical/qu/rotation_2d/forward/180km_180s
     113.2s [92mSUCCESS[0m ocean/spherical/qu/rotation_2d/forward/150km_150s
     162.0s [92mSUCCESS[0m ocean/spherical/icos/correlated_tracers_2d/forward/120km_120s
     164.5s [92mSUCCESS[0m ocean/spherical/icos/divergent_2d/forward/120km_120s
     164.3s [92mSUCCESS[0m ocean/spherical/icos/nondivergent_2d/forward/120km_120s
     161.4s [92mSUCCESS[0m ocean/spherical/icos/rotation_2d/forward/120km_120s
     156.3s [92mSUCCESS[0m ocean/spherical/qu/rotation_2d/forward/120km_120s
     224.9s [92mSUCCESS[0m ocean/spherical/qu/rotation_2d/forward/90km_90s
       2.5s [92mSUCCESS[0m ocean/spherical/qu/rotation_2d/analysis/both
      39.0s [92mSUCCESS[0m ocean/planar/manufactured_solution/default/forward/25km_38s
       1.7s [92mSUCCESS[0m ocean/planar/manufactured_solution/convergence_both/default/analysis
      38.3s [92mSUCCESS[0m ocean/planar/manufactured_solution/del2/forward/25km_38s
       1.3s [92mSUCCESS[0m ocean/planar/manufactured_solution/convergence_both/del2/analysis
      38.1s [92mSUCCESS[0m ocean/planar/manufactured_solution/del4/forward/25km_38s
       1.1s [92mSUCCESS[0m ocean/planar/manufactured_solution/convergence_both/del4/analysis
     460.0s [92mSUCCESS[0m ocean/spherical/icos/correlated_tracers_2d/forward/60km_60s
       1.3s [92mSUCCESS[0m ocean/spherical/icos/correlated_tracers_2d/mixing_analysis
       2.8s [92mSUCCESS[0m ocean/spherical/icos/correlated_tracers_2d/analysis/both
      60.6s [92mSUCCESS[0m ocean/spherical/icos/geostrophic/forward/60km_120s
       2.1s [92mSUCCESS[0m ocean/spherical/icos/geostrophic/convergence_both/analysis
     465.4s [92mSUCCESS[0m ocean/spherical/icos/divergent_2d/forward/60km_60s
       2.8s [92mSUCCESS[0m ocean/spherical/icos/divergent_2d/analysis/both
     461.7s [92mSUCCESS[0m ocean/spherical/icos/nondivergent_2d/forward/60km_60s
       1.4s [92mSUCCESS[0m ocean/spherical/icos/nondivergent_2d/filament_analysis
       2.7s [92mSUCCESS[0m ocean/spherical/icos/nondivergent_2d/analysis/both
     454.4s [92mSUCCESS[0m ocean/spherical/icos/rotation_2d/forward/60km_60s
       2.7s [92mSUCCESS[0m ocean/spherical/icos/rotation_2d/analysis/both
Total runtime: 0:43:56
Step time was 5343s, so this run did 2.0x the work of running one step at a time for as long.

Property checks: 36 passed, 0 failed

3 step(s) did not get the part of the allocation they were placed on, so the packing above does not describe how this run used the machine: ocean/planar/manufactured_solution/default/forward/25km_38s, ocean/planar/manufactured_solution/del2/forward/25km_38s, ocean/planar/manufactured_solution/del4/forward/25km_38s
FAIL: 1 step(s) failed or differed from the baseline, see above.
