verifying deployed polaris version...
  Verified version 1.1.0-alpha.6.
loading compute pixi env...
   pixi env loaded.
activating spack env...

The following have been reloaded with a version change:
  1) perl/5.38.0-annnuds => perl/5.32.0-bsnc6lt

   spack env activated.
loading polaris environment variables...
   polaris environment variables loaded.
Running 178 step(s)

Allocation:
  chr-0185: 64 cores, 0 gpus, 240476 MiB (available)
      hardware: 257155 MiB
      configured: 253000 MiB
  chr-0186: 64 cores, 0 gpus, 253000 MiB (config)
      configured: 253000 MiB
  chr-0187: 64 cores, 0 gpus, 253000 MiB (config)
      configured: 253000 MiB
  chr-0188: 64 cores, 0 gpus, 253000 MiB (config)
      configured: 253000 MiB
  chr-0189: 64 cores, 0 gpus, 253000 MiB (config)
      configured: 253000 MiB
  chr-0193: 64 cores, 0 gpus, 253000 MiB (config)
      configured: 253000 MiB
  chr-0194: 64 cores, 0 gpus, 240932 MiB (available)
      hardware: 257155 MiB
      configured: 253000 MiB
  chr-0195: 64 cores, 0 gpus, 253000 MiB (config)
      configured: 253000 MiB
  chr-0185 credits 12524 MiB less than the machine's configured 253000 MiB, which is what a job does not get to use.
  chr-0194 credits 12068 MiB less than the machine's configured 253000 MiB, which is what a job does not get to use.
  * ocean/column/horiz_press_grad/salinity_gradient/init_4km: started on ['chr-0185']
  * ocean/column/horiz_press_grad/salinity_gradient/init_3km: started on ['chr-0185']
  * ocean/column/horiz_press_grad/salinity_gradient/init_2km: started on ['chr-0185']
  * ocean/column/horiz_press_grad/salinity_gradient/init_1.5km: started on ['chr-0185']
  * ocean/column/horiz_press_grad/salinity_gradient/init_1km: started on ['chr-0185']
  * ocean/column/horiz_press_grad/salinity_gradient/init_750m: started on ['chr-0185']
  * ocean/column/horiz_press_grad/salinity_gradient/init_500m: started on ['chr-0185']
  * ocean/column/horiz_press_grad/surface_pressure_gradient/init_4km: started on ['chr-0185']
  * ocean/column/horiz_press_grad/surface_pressure_gradient/init_3km: started on ['chr-0185']
  * ocean/column/horiz_press_grad/surface_pressure_gradient/init_2km: started on ['chr-0185']
  * ocean/column/horiz_press_grad/surface_pressure_gradient/init_1.5km: started on ['chr-0185']
  * ocean/column/horiz_press_grad/surface_pressure_gradient/init_1km: started on ['chr-0185']
  * ocean/column/horiz_press_grad/surface_pressure_gradient/init_750m: started on ['chr-0185']
  * ocean/column/horiz_press_grad/surface_pressure_gradient/init_500m: started on ['chr-0185']
  * ocean/column/horiz_press_grad/temperature_gradient/init_4km: started on ['chr-0185']
  * ocean/column/horiz_press_grad/temperature_gradient/init_3km: started on ['chr-0185']
  * ocean/column/horiz_press_grad/temperature_gradient/init_2km: started on ['chr-0185']
  * ocean/column/horiz_press_grad/temperature_gradient/init_1.5km: started on ['chr-0185']
  * ocean/column/horiz_press_grad/temperature_gradient/init_1km: started on ['chr-0185']
  * ocean/column/horiz_press_grad/temperature_gradient/init_750m: started on ['chr-0185']
  * ocean/column/horiz_press_grad/temperature_gradient/init_500m: started on ['chr-0185']
  * ocean/column/horiz_press_grad/ztilde_gradient/init_4km: started on ['chr-0185']
  * ocean/column/horiz_press_grad/ztilde_gradient/init_3km: started on ['chr-0185']
  * ocean/column/horiz_press_grad/ztilde_gradient/init_2km: started on ['chr-0185']
  * ocean/column/horiz_press_grad/ztilde_gradient/init_1.5km: started on ['chr-0185']
  * ocean/column/horiz_press_grad/ztilde_gradient/init_1km: started on ['chr-0185']
  * ocean/column/horiz_press_grad/ztilde_gradient/init_750m: started on ['chr-0185']
  * ocean/column/horiz_press_grad/ztilde_gradient/init_500m: started on ['chr-0185']
  * ocean/planar/baroclinic_channel/10km/init: started on ['chr-0185']
  * ocean/planar/barotropic_gyre/munk/free-slip/init: started on ['chr-0185']
  * ocean/planar/manufactured_solution/init/200km: started on ['chr-0185']
  * ocean/planar/manufactured_solution/init/100km: started on ['chr-0185']
  * ocean/planar/manufactured_solution/init/50km: started on ['chr-0185']
  * ocean/planar/manufactured_solution/init/25km: started on ['chr-0185']
  * ocean/planar/merry_go_round/init/5m: started on ['chr-0185']
  * ocean/planar/merry_go_round/init/2.5m: started on ['chr-0185']
  * ocean/planar/merry_go_round/init/1.25m: started on ['chr-0185']
  * ocean/planar/overflow/linear/zstar/init: started on ['chr-0185']
  * mesh/spherical/icos/base_mesh/480km: started on ['chr-0185']
  * ocean/planar/manufactured_solution/init/200km: [92mSUCCESS[0m [94m2.7s[0m
  * ocean/planar/manufactured_solution/default/forward/200km_300s: started on ['chr-0186']
  * ocean/planar/manufactured_solution/del2/forward/200km_300s: started on ['chr-0186']
  * ocean/planar/manufactured_solution/del4/forward/200km_300s: started on ['chr-0186']
  * ocean/planar/overflow/linear/zstar/init: [92mSUCCESS[0m [94m2.7s[0m
  * ocean/planar/overflow/linear/zstar/smoke_test_horiz_adv_order_2/forward: started on ['chr-0185']
  * ocean/planar/overflow/linear/zstar/smoke_test_horiz_adv_order_3/forward: started on ['chr-0186']
  * ocean/planar/overflow/linear/zstar/smoke_test_horiz_adv_order_4/forward: started on ['chr-0186']
  * ocean/planar/manufactured_solution/init/100km: [92mSUCCESS[0m [94m3.3s[0m
  * ocean/planar/manufactured_solution/default/forward/100km_150s: started on ['chr-0187']
  * ocean/planar/manufactured_solution/del2/forward/100km_150s: started on ['chr-0188']
  * ocean/planar/manufactured_solution/del4/forward/100km_150s: started on ['chr-0189']
  * ocean/column/horiz_press_grad/surface_pressure_gradient/init_1km: [92mSUCCESS[0m [94m4.0s[0m
  * ocean/column/horiz_press_grad/surface_pressure_gradient/forward_1km: started on ['chr-0185']
  * ocean/column/horiz_press_grad/ztilde_gradient/init_2km: [92mSUCCESS[0m [94m3.8s[0m
  * ocean/column/horiz_press_grad/ztilde_gradient/forward_2km: started on ['chr-0185']
  * ocean/column/horiz_press_grad/surface_pressure_gradient/init_3km: [92mSUCCESS[0m [94m4.1s[0m
  * ocean/column/horiz_press_grad/surface_pressure_gradient/forward_3km: started on ['chr-0185']
  * ocean/column/horiz_press_grad/salinity_gradient/init_3km: [92mSUCCESS[0m [94m4.3s[0m
  * ocean/column/horiz_press_grad/salinity_gradient/forward_3km: started on ['chr-0185']
  * ocean/column/horiz_press_grad/salinity_gradient/init_4km: [92mSUCCESS[0m [94m4.3s[0m
  * ocean/column/horiz_press_grad/salinity_gradient/forward_4km: started on ['chr-0185']
  * ocean/column/horiz_press_grad/salinity_gradient/init_2km: [92mSUCCESS[0m [94m4.3s[0m
  * ocean/column/horiz_press_grad/salinity_gradient/forward_2km: started on ['chr-0185']
  * ocean/column/horiz_press_grad/salinity_gradient/init_1.5km: [92mSUCCESS[0m [94m4.3s[0m
  * ocean/column/horiz_press_grad/salinity_gradient/forward_1.5km: started on ['chr-0185']
  * ocean/column/horiz_press_grad/salinity_gradient/init_1km: [92mSUCCESS[0m [94m4.4s[0m
  * ocean/column/horiz_press_grad/salinity_gradient/forward_1km: started on ['chr-0185']
  * ocean/column/horiz_press_grad/salinity_gradient/init_750m: [92mSUCCESS[0m [94m4.4s[0m
  * ocean/column/horiz_press_grad/salinity_gradient/forward_750m: started on ['chr-0185']
  * ocean/column/horiz_press_grad/salinity_gradient/init_500m: [92mSUCCESS[0m [94m4.4s[0m
  * ocean/column/horiz_press_grad/salinity_gradient/forward_500m: started on ['chr-0185']
  * ocean/column/horiz_press_grad/surface_pressure_gradient/init_4km: [92mSUCCESS[0m [94m4.4s[0m
  * ocean/column/horiz_press_grad/surface_pressure_gradient/forward_4km: started on ['chr-0185']
  * ocean/column/horiz_press_grad/surface_pressure_gradient/init_2km: [92mSUCCESS[0m [94m4.4s[0m
  * ocean/column/horiz_press_grad/surface_pressure_gradient/forward_2km: started on ['chr-0185']
  * ocean/column/horiz_press_grad/surface_pressure_gradient/init_1.5km: [92mSUCCESS[0m [94m4.4s[0m
  * ocean/column/horiz_press_grad/surface_pressure_gradient/forward_1.5km: started on ['chr-0185']
  * ocean/column/horiz_press_grad/surface_pressure_gradient/init_750m: [92mSUCCESS[0m [94m4.4s[0m
  * ocean/column/horiz_press_grad/surface_pressure_gradient/forward_750m: started on ['chr-0185']
  * ocean/column/horiz_press_grad/surface_pressure_gradient/init_500m: [92mSUCCESS[0m [94m4.4s[0m
  * ocean/column/horiz_press_grad/surface_pressure_gradient/forward_500m: started on ['chr-0185']
  * ocean/column/horiz_press_grad/temperature_gradient/init_4km: [92mSUCCESS[0m [94m4.4s[0m
  * ocean/column/horiz_press_grad/temperature_gradient/forward_4km: started on ['chr-0185']
  * ocean/column/horiz_press_grad/temperature_gradient/init_3km: [92mSUCCESS[0m [94m4.4s[0m
  * ocean/column/horiz_press_grad/temperature_gradient/forward_3km: started on ['chr-0185']
  * ocean/column/horiz_press_grad/temperature_gradient/init_2km: [92mSUCCESS[0m [94m4.4s[0m
  * ocean/column/horiz_press_grad/temperature_gradient/forward_2km: started on ['chr-0185']
  * ocean/column/horiz_press_grad/temperature_gradient/init_1.5km: [92mSUCCESS[0m [94m4.4s[0m
  * ocean/column/horiz_press_grad/temperature_gradient/forward_1.5km: started on ['chr-0185']
  * ocean/column/horiz_press_grad/temperature_gradient/init_1km: [92mSUCCESS[0m [94m4.4s[0m
  * ocean/column/horiz_press_grad/temperature_gradient/forward_1km: started on ['chr-0185']
  * ocean/column/horiz_press_grad/temperature_gradient/init_750m: [92mSUCCESS[0m [94m4.4s[0m
  * ocean/column/horiz_press_grad/temperature_gradient/forward_750m: started on ['chr-0185']
  * ocean/column/horiz_press_grad/temperature_gradient/init_500m: [92mSUCCESS[0m [94m4.4s[0m
  * ocean/column/horiz_press_grad/temperature_gradient/forward_500m: started on ['chr-0185']
  * ocean/column/horiz_press_grad/ztilde_gradient/init_4km: [92mSUCCESS[0m [94m4.4s[0m
  * ocean/column/horiz_press_grad/ztilde_gradient/forward_4km: started on ['chr-0185']
  * ocean/column/horiz_press_grad/ztilde_gradient/init_3km: [92mSUCCESS[0m [94m4.4s[0m
  * ocean/column/horiz_press_grad/ztilde_gradient/forward_3km: started on ['chr-0185']
  * ocean/column/horiz_press_grad/ztilde_gradient/init_1.5km: [92mSUCCESS[0m [94m4.4s[0m
  * ocean/column/horiz_press_grad/ztilde_gradient/forward_1.5km: started on ['chr-0185']
  * ocean/column/horiz_press_grad/ztilde_gradient/init_1km: [92mSUCCESS[0m [94m4.4s[0m
  * ocean/column/horiz_press_grad/ztilde_gradient/forward_1km: started on ['chr-0185']
  * ocean/column/horiz_press_grad/ztilde_gradient/init_750m: [92mSUCCESS[0m [94m4.4s[0m
  * ocean/column/horiz_press_grad/ztilde_gradient/forward_750m: started on ['chr-0185']
  * ocean/column/horiz_press_grad/ztilde_gradient/init_500m: [92mSUCCESS[0m [94m4.4s[0m
  * ocean/column/horiz_press_grad/ztilde_gradient/forward_500m: started on ['chr-0185']
  * mesh/spherical/icos/base_mesh/480km: [92mSUCCESS[0m [94m4.2s[0m
  * ocean/spherical/icos/correlated_tracers_2d/init/480km: started on ['chr-0185']
  * mesh/spherical/icos/base_mesh/240km: started on ['chr-0185']
  * ocean/planar/merry_go_round/init/5m: [92mSUCCESS[0m [94m4.6s[0m
  * ocean/planar/merry_go_round/forward/5m_90s_limiter: started on ['chr-0185']
  * ocean/planar/merry_go_round/init/2.5m: [92mSUCCESS[0m [94m5.2s[0m
  * ocean/planar/merry_go_round/forward/5m_90s_order2: started on ['chr-0185']
  * ocean/planar/merry_go_round/forward/2.5m_45s_order2: started on ['chr-0186']
  * ocean/planar/merry_go_round/forward/2.5m_45s_order4: started on ['chr-0187']
  * ocean/planar/baroclinic_channel/10km/init: [92mSUCCESS[0m [94m5.4s[0m
  * ocean/planar/baroclinic_channel/10km/decomp/4proc: started on ['chr-0187']
  * ocean/planar/baroclinic_channel/10km/decomp/8proc: started on ['chr-0187']
  * ocean/planar/baroclinic_channel/10km/restart/full_run: started on ['chr-0188']
  * ocean/planar/baroclinic_channel/10km/threads/1thread: started on ['chr-0188']
  * ocean/planar/baroclinic_channel/10km/threads/2thread: started on ['chr-0188']
  * ocean/planar/merry_go_round/forward/5m_90s_order4: started on ['chr-0185']
  * ocean/planar/barotropic_gyre/munk/free-slip/init: [92mSUCCESS[0m [94m5.5s[0m
  * ocean/planar/barotropic_gyre/munk/free-slip/short_forward: started on ['chr-0193']
  * ocean/spherical/icos/cosine_bell/init/480km: started on ['chr-0185']
  * ocean/spherical/icos/correlated_tracers_2d/init/480km: [92mSUCCESS[0m [94m1.4s[0m
  * ocean/spherical/icos/correlated_tracers_2d/forward/480km_480s: started on ['chr-0189']
  * ocean/spherical/icos/geostrophic/init/480km: started on ['chr-0185']
  * ocean/spherical/icos/cosine_bell/init/480km: [92mSUCCESS[0m [94m0.7s[0m
  * ocean/spherical/icos/cosine_bell/decomp/12proc: started on ['chr-0194']
  * ocean/spherical/icos/cosine_bell/decomp/24proc: started on ['chr-0194']
  * ocean/spherical/icos/cosine_bell/restart/full_run: started on ['chr-0194']
  * ocean/spherical/icos/cosine_bell/restart/restart_run: started on ['chr-0194']
  * ocean/spherical/icos/divergent_2d/init/480km: started on ['chr-0185']
  * ocean/planar/manufactured_solution/init/50km: [92mSUCCESS[0m [94m6.4s[0m
  * ocean/spherical/icos/nondivergent_2d/init/480km: started on ['chr-0185']
  * ocean/planar/merry_go_round/init/1.25m: [92mSUCCESS[0m [94m6.3s[0m
  * ocean/planar/merry_go_round/forward/1.25m_23s_order2: started on ['chr-0193']
  * ocean/planar/merry_go_round/forward/1.25m_23s_order4: started on ['chr-0195']
  * ocean/spherical/icos/rotation_2d/init/480km: started on ['chr-0185']
  * ocean/spherical/icos/nondivergent_2d/init/480km: [92mSUCCESS[0m [94m1.0s[0m
  * ocean/spherical/icos/nondivergent_2d/forward/480km_480s: started on ['chr-0195']
  * ocean/spherical/icos/rotation_2d/init/480km: [92mSUCCESS[0m [94m1.0s[0m
  * ocean/spherical/icos/rotation_2d/forward/480km_480s: started on ['chr-0195']
  * ocean/spherical/icos/divergent_2d/init/480km: [92mSUCCESS[0m [94m1.3s[0m
  * ocean/spherical/icos/divergent_2d/forward/480km_480s: started on ['chr-0195']
  * mesh/spherical/icos/base_mesh/240km: [92mSUCCESS[0m [94m4.4s[0m
  * ocean/spherical/icos/correlated_tracers_2d/init/240km: started on ['chr-0185']
  * mesh/spherical/icos/base_mesh/120km: started on ['chr-0185']
  * ocean/spherical/icos/geostrophic/init/240km: started on ['chr-0185']
  * ocean/spherical/icos/divergent_2d/init/240km: started on ['chr-0185']
  * ocean/spherical/icos/geostrophic/init/480km: [92mSUCCESS[0m [94m4.0s[0m
  * ocean/spherical/icos/geostrophic/forward/480km_960s: started on ['chr-0195']
  * ocean/spherical/icos/nondivergent_2d/init/240km: started on ['chr-0185']
  * ocean/spherical/icos/divergent_2d/init/240km: [92mSUCCESS[0m [94m1.0s[0m
  * ocean/spherical/icos/rotation_2d/init/240km: started on ['chr-0185']
  * ocean/spherical/icos/correlated_tracers_2d/init/240km: [92mSUCCESS[0m [94m1.3s[0m
  * ocean/spherical/icos/nondivergent_2d/init/240km: [92mSUCCESS[0m [94m0.8s[0m
  * ocean/spherical/icos/rotation_2d/init/240km: [92mSUCCESS[0m [94m0.9s[0m
  * ocean/spherical/icos/geostrophic/init/240km: [92mSUCCESS[0m [94m2.6s[0m
  * ocean/planar/manufactured_solution/init/25km: [92mSUCCESS[0m [94m12.5s[0m
  * ocean/column/horiz_press_grad/temperature_gradient/forward_3km: [92mSUCCESS[0m [94m11.3s[0m
  * ocean/column/horiz_press_grad/temperature_gradient/forward_500m: [92mSUCCESS[0m [94m11.2s[0m
  * ocean/column/horiz_press_grad/salinity_gradient/forward_2km: [92mSUCCESS[0m [94m11.8s[0m
  * ocean/column/horiz_press_grad/surface_pressure_gradient/forward_750m: [92mSUCCESS[0m [94m11.7s[0m
  * ocean/column/horiz_press_grad/ztilde_gradient/forward_2km: [92mSUCCESS[0m [94m12.0s[0m
  * ocean/column/horiz_press_grad/salinity_gradient/forward_500m: [92mSUCCESS[0m [94m11.8s[0m
  * ocean/column/horiz_press_grad/surface_pressure_gradient/forward_3km: [92mSUCCESS[0m [94m12.1s[0m
  * ocean/column/horiz_press_grad/surface_pressure_gradient/forward_1.5km: [92mSUCCESS[0m [94m11.9s[0m
  * ocean/column/horiz_press_grad/temperature_gradient/forward_2km: [92mSUCCESS[0m [94m11.7s[0m
  * ocean/column/horiz_press_grad/salinity_gradient/forward_3km: [92mSUCCESS[0m [94m12.1s[0m
  * ocean/column/horiz_press_grad/ztilde_gradient/forward_3km: [92mSUCCESS[0m [94m11.6s[0m
  * mesh/spherical/icos/base_mesh/60km: started on ['chr-0185']
  * ocean/column/horiz_press_grad/surface_pressure_gradient/forward_2km: [92mSUCCESS[0m [94m11.9s[0m
  * ocean/column/horiz_press_grad/surface_pressure_gradient/forward_1km: [92mSUCCESS[0m [94m12.3s[0m
  * ocean/column/horiz_press_grad/temperature_gradient/forward_1km: [92mSUCCESS[0m [94m11.8s[0m
  * ocean/column/horiz_press_grad/salinity_gradient/forward_1km: [92mSUCCESS[0m [94m12.1s[0m
  * ocean/column/horiz_press_grad/temperature_gradient/forward_750m: [92mSUCCESS[0m [94m11.9s[0m
  * ocean/column/horiz_press_grad/surface_pressure_gradient/forward_4km: [92mSUCCESS[0m [94m12.1s[0m
  * ocean/column/horiz_press_grad/salinity_gradient/forward_4km: [92mSUCCESS[0m [94m12.3s[0m
  * ocean/column/horiz_press_grad/ztilde_gradient/forward_500m: [92mSUCCESS[0m [94m11.7s[0m
  * ocean/column/horiz_press_grad/temperature_gradient/forward_4km: [92mSUCCESS[0m [94m12.0s[0m
  * ocean/column/horiz_press_grad/ztilde_gradient/forward_750m: [92mSUCCESS[0m [94m11.8s[0m
  * ocean/column/horiz_press_grad/salinity_gradient/forward_1.5km: [92mSUCCESS[0m [94m12.2s[0m
  * ocean/column/horiz_press_grad/salinity_gradient/forward_750m: [92mSUCCESS[0m [94m12.2s[0m
  * ocean/column/horiz_press_grad/salinity_gradient/analysis: started on ['chr-0185']
  * ocean/column/horiz_press_grad/temperature_gradient/forward_1.5km: [92mSUCCESS[0m [94m12.0s[0m
  * ocean/column/horiz_press_grad/temperature_gradient/analysis: started on ['chr-0185']
  * ocean/column/horiz_press_grad/ztilde_gradient/forward_4km: [92mSUCCESS[0m [94m11.9s[0m
  * ocean/column/horiz_press_grad/surface_pressure_gradient/forward_500m: [92mSUCCESS[0m [94m12.2s[0m
  * ocean/column/horiz_press_grad/surface_pressure_gradient/analysis: started on ['chr-0185']
  * ocean/column/horiz_press_grad/ztilde_gradient/forward_1.5km: [92mSUCCESS[0m [94m12.0s[0m
  * ocean/column/horiz_press_grad/ztilde_gradient/forward_1km: [92mSUCCESS[0m [94m12.0s[0m
  * ocean/column/horiz_press_grad/ztilde_gradient/analysis: started on ['chr-0185']
  * mesh/spherical/icos/base_mesh/120km: [92mSUCCESS[0m [94m8.9s[0m
  * ocean/spherical/icos/correlated_tracers_2d/init/120km: started on ['chr-0185']
  * ocean/spherical/icos/geostrophic/init/120km: started on ['chr-0185']
  * ocean/spherical/icos/divergent_2d/init/120km: started on ['chr-0185']
  * ocean/spherical/icos/nondivergent_2d/init/120km: started on ['chr-0185']
  * ocean/spherical/icos/rotation_2d/init/120km: started on ['chr-0185']
  * mesh/spherical/qu/base_mesh/180km: started on ['chr-0185']
  * ocean/spherical/icos/divergent_2d/init/120km: [92mSUCCESS[0m [94m1.3s[0m
  * ocean/spherical/icos/correlated_tracers_2d/init/120km: [92mSUCCESS[0m [94m1.3s[0m
  * ocean/spherical/icos/nondivergent_2d/init/120km: [92mSUCCESS[0m [94m1.3s[0m
  * ocean/spherical/icos/rotation_2d/init/120km: [92mSUCCESS[0m [94m1.4s[0m
  * ocean/planar/merry_go_round/forward/5m_90s_order4: [92mSUCCESS[0m [94m14.7s[0m
  * ocean/planar/merry_go_round/forward/5m_90s_order2: [92mSUCCESS[0m [94m15.2s[0m
  * ocean/planar/baroclinic_channel/10km/threads/1thread: [92mSUCCESS[0m [94m16.2s[0m
  * ocean/planar/baroclinic_channel/10km/threads/2thread: [92mSUCCESS[0m [94m16.2s[0m
  * ocean/planar/baroclinic_channel/10km/threads/validate: started on ['chr-0185']
  * ocean/planar/merry_go_round/forward/5m_90s_limiter: [92mSUCCESS[0m [94m17.2s[0m
  * ocean/spherical/icos/geostrophic/init/120km: [92mSUCCESS[0m [94m4.1s[0m
  * ocean/planar/baroclinic_channel/10km/threads/validate: [92mSUCCESS[0m [94m0.3s[0m
  * mesh/spherical/qu/base_mesh/150km: started on ['chr-0185']
  * ocean/planar/baroclinic_channel/10km/restart/full_run: [92mSUCCESS[0m [94m17.1s[0m
  * ocean/planar/baroclinic_channel/10km/restart/restart_run: started on ['chr-0188']
  * ocean/planar/baroclinic_channel/10km/decomp/4proc: [92mSUCCESS[0m [94m17.2s[0m
  * ocean/planar/baroclinic_channel/10km/decomp/8proc: [92mSUCCESS[0m [94m17.5s[0m
  * ocean/planar/manufactured_solution/del4/forward/200km_300s: [92mSUCCESS[0m [94m20.2s[0m
  * ocean/planar/manufactured_solution/del2/forward/200km_300s: [92mSUCCESS[0m [94m20.3s[0m
  * ocean/planar/manufactured_solution/default/forward/200km_300s: [92mSUCCESS[0m [94m20.4s[0m
  * mesh/spherical/qu/base_mesh/180km: [92mSUCCESS[0m [94m6.0s[0m
  * ocean/planar/baroclinic_channel/10km/decomp/validate: started on ['chr-0185']
  * ocean/spherical/qu/rotation_2d/init/180km: started on ['chr-0185']
  * ocean/planar/baroclinic_channel/10km/decomp/validate: [92mSUCCESS[0m [94m0.3s[0m
  * ocean/spherical/icos/cosine_bell/restart/restart_run: [92mSUCCESS[0m [94m18.0s[0m
  * ocean/spherical/icos/cosine_bell/restart/full_run: [92mSUCCESS[0m [94m18.1s[0m
  * ocean/spherical/icos/cosine_bell/restart/validate: started on ['chr-0185']
  * ocean/spherical/icos/cosine_bell/restart/validate: [92mSUCCESS[0m [94m0.3s[0m
  * ocean/spherical/icos/geostrophic/forward/480km_960s: [92mSUCCESS[0m [94m15.3s[0m
  * ocean/spherical/qu/rotation_2d/init/180km: [92mSUCCESS[0m [94m1.4s[0m
  * mesh/spherical/qu/base_mesh/120km: started on ['chr-0185']
  * ocean/planar/baroclinic_channel/10km/restart/restart_run: [92mSUCCESS[0m [94m3.6s[0m
  * ocean/planar/overflow/linear/zstar/smoke_test_horiz_adv_order_2/forward: [92mSUCCESS[0m [94m23.3s[0m
  * ocean/planar/baroclinic_channel/10km/restart/validate: started on ['chr-0185']
  * ocean/planar/manufactured_solution/del4/forward/100km_150s: [92mSUCCESS[0m [94m22.8s[0m
  * ocean/spherical/icos/correlated_tracers_2d/forward/240km_240s: started on ['chr-0189']
  * ocean/planar/manufactured_solution/default/forward/100km_150s: [92mSUCCESS[0m [94m23.0s[0m
  * ocean/spherical/icos/geostrophic/forward/240km_480s: started on ['chr-0187']
  * ocean/planar/baroclinic_channel/10km/restart/validate: [92mSUCCESS[0m [94m0.2s[0m
  * ocean/planar/manufactured_solution/del2/forward/100km_150s: [92mSUCCESS[0m [94m23.0s[0m
  * ocean/spherical/icos/divergent_2d/forward/240km_240s: started on ['chr-0188']
  * ocean/planar/barotropic_gyre/munk/free-slip/short_forward: [92mSUCCESS[0m [94m23.0s[0m
  * ocean/spherical/icos/nondivergent_2d/forward/240km_240s: started on ['chr-0193']
  * mesh/spherical/qu/base_mesh/150km: [92mSUCCESS[0m [94m7.7s[0m
  * ocean/spherical/qu/rotation_2d/init/150km: started on ['chr-0185']
  * mesh/spherical/qu/base_mesh/90km: started on ['chr-0185']
  * ocean/spherical/qu/rotation_2d/init/150km: [92mSUCCESS[0m [94m1.4s[0m
  * ocean/planar/overflow/linear/zstar/smoke_test_horiz_adv_order_4/forward: [92mSUCCESS[0m [94m28.3s[0m
  * ocean/spherical/icos/cosine_bell/decomp/24proc: [92mSUCCESS[0m [94m25.0s[0m
  * ocean/spherical/icos/rotation_2d/forward/240km_240s: started on ['chr-0194']
  * ocean/planar/merry_go_round/forward/2.5m_45s_order2: [92mSUCCESS[0m [94m27.0s[0m
  * ocean/planar/overflow/linear/zstar/smoke_test_horiz_adv_order_3/forward: [92mSUCCESS[0m [94m29.5s[0m
  * ocean/planar/merry_go_round/forward/2.5m_45s_order4: [92mSUCCESS[0m [94m27.4s[0m
  * ocean/spherical/icos/cosine_bell/decomp/12proc: [92mSUCCESS[0m [94m27.2s[0m
  * ocean/spherical/icos/cosine_bell/decomp/validate: started on ['chr-0185']
  * ocean/spherical/icos/cosine_bell/decomp/validate: [92mSUCCESS[0m [94m0.2s[0m
  * mesh/spherical/qu/base_mesh/120km: [92mSUCCESS[0m [94m9.4s[0m
  * ocean/spherical/qu/rotation_2d/init/120km: started on ['chr-0185']
  * ocean/spherical/qu/rotation_2d/init/120km: [92mSUCCESS[0m [94m1.5s[0m
  * mesh/spherical/qu/base_mesh/90km: [92mSUCCESS[0m [94m16.5s[0m
  * ocean/spherical/qu/rotation_2d/init/90km: started on ['chr-0185']
  * mesh/spherical/icos/base_mesh/60km: [92mSUCCESS[0m [94m30.6s[0m
  * ocean/spherical/icos/correlated_tracers_2d/init/60km: started on ['chr-0185']
  * ocean/spherical/icos/geostrophic/init/60km: started on ['chr-0185']
  * ocean/spherical/icos/divergent_2d/init/60km: started on ['chr-0185']
  * ocean/spherical/icos/nondivergent_2d/init/60km: started on ['chr-0185']
  * ocean/spherical/icos/rotation_2d/init/60km: started on ['chr-0185']
  * ocean/spherical/qu/rotation_2d/forward/180km_180s: started on ['chr-0185', 'chr-0186']
  * ocean/spherical/icos/rotation_2d/forward/480km_480s: [92mSUCCESS[0m [94m40.5s[0m
  * ocean/spherical/qu/rotation_2d/init/90km: [92mSUCCESS[0m [94m2.8s[0m
  * ocean/spherical/icos/correlated_tracers_2d/forward/480km_480s: [92mSUCCESS[0m [94m43.4s[0m
  * ocean/spherical/icos/nondivergent_2d/forward/480km_480s: [92mSUCCESS[0m [94m41.8s[0m
  * ocean/spherical/icos/nondivergent_2d/init/60km: [92mSUCCESS[0m [94m3.0s[0m
  * ocean/spherical/icos/correlated_tracers_2d/init/60km: [92mSUCCESS[0m [94m3.1s[0m
  * ocean/spherical/icos/divergent_2d/forward/480km_480s: [92mSUCCESS[0m [94m41.9s[0m
  * ocean/spherical/icos/rotation_2d/init/60km: [92mSUCCESS[0m [94m3.4s[0m
  * ocean/spherical/icos/divergent_2d/init/60km: [92mSUCCESS[0m [94m3.6s[0m
  * ocean/spherical/icos/geostrophic/forward/240km_480s: [92mSUCCESS[0m [94m24.8s[0m
  * ocean/spherical/icos/geostrophic/init/60km: [92mSUCCESS[0m [94m5.4s[0m
  * ocean/column/horiz_press_grad/temperature_gradient/analysis: [92mSUCCESS[0m [94m38.2s[0m
  * ocean/column/horiz_press_grad/salinity_gradient/analysis: [92mSUCCESS[0m [94m38.2s[0m
  * ocean/column/horiz_press_grad/surface_pressure_gradient/analysis: [92mSUCCESS[0m [94m38.1s[0m
  * ocean/column/horiz_press_grad/ztilde_gradient/analysis: [92mSUCCESS[0m [94m38.2s[0m
  * ocean/planar/merry_go_round/forward/1.25m_23s_order4: [92mSUCCESS[0m [94m86.5s[0m
  * ocean/planar/merry_go_round/convergence_both_order4/analysis: started on ['chr-0185']
  * ocean/planar/merry_go_round/convergence_both_order4/analysis: [92mSUCCESS[0m [94m1.2s[0m
  * ocean/planar/merry_go_round/forward/1.25m_23s_order2: [92mSUCCESS[0m [94m95.2s[0m
  * ocean/planar/merry_go_round/convergence_both_order2/analysis: started on ['chr-0185']
  * ocean/spherical/icos/divergent_2d/forward/240km_240s: [92mSUCCESS[0m [94m75.4s[0m
  * ocean/spherical/qu/rotation_2d/forward/150km_150s: started on ['chr-0187', 'chr-0188', 'chr-0195']
  * ocean/spherical/icos/correlated_tracers_2d/forward/240km_240s: [92mSUCCESS[0m [94m76.2s[0m
  * ocean/planar/merry_go_round/convergence_both_order2/analysis: [92mSUCCESS[0m [94m1.0s[0m
  * ocean/spherical/icos/nondivergent_2d/forward/240km_240s: [92mSUCCESS[0m [94m75.8s[0m
  * ocean/spherical/icos/rotation_2d/forward/240km_240s: [92mSUCCESS[0m [94m74.0s[0m
  * ocean/spherical/qu/rotation_2d/forward/180km_180s: [92mSUCCESS[0m [94m110.1s[0m
  * ocean/planar/manufactured_solution/default/forward/50km_75s: started on ['chr-0185', 'chr-0186', 'chr-0189', 'chr-0193']
  * ocean/planar/manufactured_solution/default/forward/50km_75s: [92mSUCCESS[0m [94m22.9s[0m
  * ocean/planar/manufactured_solution/del2/forward/50km_75s: started on ['chr-0185', 'chr-0186', 'chr-0189', 'chr-0193']
  * ocean/planar/manufactured_solution/del2/forward/50km_75s: [92mSUCCESS[0m [94m22.8s[0m
  * ocean/planar/manufactured_solution/del4/forward/50km_75s: started on ['chr-0185', 'chr-0186', 'chr-0189', 'chr-0193']
  * ocean/spherical/qu/rotation_2d/forward/150km_150s: [92mSUCCESS[0m [94m118.3s[0m
  * ocean/spherical/icos/correlated_tracers_2d/forward/120km_120s: started on ['chr-0187', 'chr-0188', 'chr-0194', 'chr-0195']
  * ocean/planar/manufactured_solution/del4/forward/50km_75s: [92mSUCCESS[0m [94m22.7s[0m
  * ocean/spherical/icos/geostrophic/forward/120km_240s: started on ['chr-0185', 'chr-0186', 'chr-0189', 'chr-0193']
  * ocean/spherical/icos/geostrophic/forward/120km_240s: [92mSUCCESS[0m [94m32.2s[0m
  * ocean/spherical/icos/divergent_2d/forward/120km_120s: started on ['chr-0185', 'chr-0186', 'chr-0189', 'chr-0193']
  * ocean/spherical/icos/correlated_tracers_2d/forward/120km_120s: [92mSUCCESS[0m [94m159.7s[0m
  * ocean/spherical/icos/nondivergent_2d/forward/120km_120s: started on ['chr-0187', 'chr-0188', 'chr-0194', 'chr-0195']
  * ocean/spherical/icos/divergent_2d/forward/120km_120s: [92mSUCCESS[0m [94m160.9s[0m
  * ocean/spherical/icos/rotation_2d/forward/120km_120s: started on ['chr-0185', 'chr-0186', 'chr-0189', 'chr-0193']
  * ocean/spherical/icos/nondivergent_2d/forward/120km_120s: [92mSUCCESS[0m [94m156.9s[0m
  * ocean/spherical/qu/rotation_2d/forward/120km_120s: started on ['chr-0187', 'chr-0188', 'chr-0194', 'chr-0195']
  * ocean/spherical/icos/rotation_2d/forward/120km_120s: [92mSUCCESS[0m [94m161.4s[0m
  * ocean/spherical/qu/rotation_2d/forward/120km_120s: [92mSUCCESS[0m [94m154.6s[0m
  * ocean/planar/manufactured_solution/default/forward/25km_38s: started on ['chr-0185', 'chr-0186', 'chr-0187', 'chr-0188', 'chr-0189', 'chr-0193', 'chr-0194', 'chr-0195']
  * ocean/planar/manufactured_solution/default/forward/25km_38s: [92mSUCCESS[0m [94m39.0s[0m
  * ocean/planar/manufactured_solution/convergence_both/default/analysis: started on ['chr-0185']
  * ocean/spherical/qu/rotation_2d/forward/90km_90s: started on ['chr-0185', 'chr-0186', 'chr-0187', 'chr-0188', 'chr-0189', 'chr-0193']
  * ocean/planar/manufactured_solution/convergence_both/default/analysis: [92mSUCCESS[0m [94m1.6s[0m
  * ocean/spherical/qu/rotation_2d/forward/90km_90s: [92mSUCCESS[0m [94m222.0s[0m
  * ocean/planar/manufactured_solution/del2/forward/25km_38s: started on ['chr-0185', 'chr-0186', 'chr-0187', 'chr-0188', 'chr-0189', 'chr-0193', 'chr-0194', 'chr-0195']
  * ocean/planar/manufactured_solution/del2/forward/25km_38s: [92mSUCCESS[0m [94m38.8s[0m
  * ocean/planar/manufactured_solution/convergence_both/del2/analysis: started on ['chr-0185']
  * ocean/spherical/qu/rotation_2d/analysis/both: started on ['chr-0185']
  * ocean/planar/manufactured_solution/convergence_both/del2/analysis: [92mSUCCESS[0m [94m1.2s[0m
  * ocean/spherical/qu/rotation_2d/analysis/both: [92mSUCCESS[0m [94m3.2s[0m
  * ocean/planar/manufactured_solution/del4/forward/25km_38s: started on ['chr-0185', 'chr-0186', 'chr-0187', 'chr-0188', 'chr-0189', 'chr-0193', 'chr-0194', 'chr-0195']
  * ocean/planar/manufactured_solution/del4/forward/25km_38s: [92mSUCCESS[0m [94m38.1s[0m
  * ocean/planar/manufactured_solution/convergence_both/del4/analysis: started on ['chr-0185']
  * ocean/planar/manufactured_solution/convergence_both/del4/analysis: [92mSUCCESS[0m [94m1.1s[0m
  * ocean/spherical/icos/correlated_tracers_2d/forward/60km_60s: started on ['chr-0185', 'chr-0186', 'chr-0187', 'chr-0188', 'chr-0189', 'chr-0193', 'chr-0194', 'chr-0195']
  * ocean/spherical/icos/correlated_tracers_2d/forward/60km_60s: [92mSUCCESS[0m [94m541.5s[0m
  * ocean/spherical/icos/correlated_tracers_2d/analysis/both: started on ['chr-0185']
  * ocean/spherical/icos/correlated_tracers_2d/mixing_analysis: started on ['chr-0185']
  * ocean/spherical/icos/correlated_tracers_2d/mixing_analysis: [92mSUCCESS[0m [94m1.7s[0m
  * ocean/spherical/icos/correlated_tracers_2d/analysis/both: [92mSUCCESS[0m [94m3.6s[0m
  * ocean/spherical/icos/geostrophic/forward/60km_120s: started on ['chr-0185', 'chr-0186', 'chr-0187', 'chr-0188', 'chr-0189', 'chr-0193', 'chr-0194', 'chr-0195']
  * ocean/spherical/icos/geostrophic/forward/60km_120s: [92mSUCCESS[0m [94m66.5s[0m
  * ocean/spherical/icos/geostrophic/convergence_both/analysis: started on ['chr-0185']
  * ocean/spherical/icos/geostrophic/convergence_both/analysis: [92mSUCCESS[0m [94m1.9s[0m
  * ocean/spherical/icos/divergent_2d/forward/60km_60s: started on ['chr-0185', 'chr-0186', 'chr-0187', 'chr-0188', 'chr-0189', 'chr-0193', 'chr-0194', 'chr-0195']
  * ocean/spherical/icos/divergent_2d/forward/60km_60s: [92mSUCCESS[0m [94m547.5s[0m
  * ocean/spherical/icos/divergent_2d/analysis/both: started on ['chr-0185']
  * ocean/spherical/icos/divergent_2d/analysis/both: [92mSUCCESS[0m [94m2.4s[0m
  * ocean/spherical/icos/nondivergent_2d/forward/60km_60s: started on ['chr-0185', 'chr-0186', 'chr-0187', 'chr-0188', 'chr-0189', 'chr-0193', 'chr-0194', 'chr-0195']
  * ocean/spherical/icos/nondivergent_2d/forward/60km_60s: [92mSUCCESS[0m [94m541.4s[0m
  * ocean/spherical/icos/nondivergent_2d/analysis/both: started on ['chr-0185']
  * ocean/spherical/icos/nondivergent_2d/filament_analysis: started on ['chr-0185']
  * ocean/spherical/icos/nondivergent_2d/filament_analysis: [92mSUCCESS[0m [94m1.5s[0m
  * ocean/spherical/icos/nondivergent_2d/analysis/both: [92mSUCCESS[0m [94m2.4s[0m
  * ocean/spherical/icos/rotation_2d/forward/60km_60s: started on ['chr-0185', 'chr-0186', 'chr-0187', 'chr-0188', 'chr-0189', 'chr-0193', 'chr-0194', 'chr-0195']
  * ocean/spherical/icos/rotation_2d/forward/60km_60s: [92mSUCCESS[0m [94m534.2s[0m
  * ocean/spherical/icos/rotation_2d/analysis/both: started on ['chr-0185']
  * ocean/spherical/icos/rotation_2d/analysis/both: [92mSUCCESS[0m [94m2.6s[0m

Step runtimes:
       2.7s [92mSUCCESS[0m ocean/planar/manufactured_solution/init/200km
       2.7s [92mSUCCESS[0m ocean/planar/overflow/linear/zstar/init
       3.3s [92mSUCCESS[0m ocean/planar/manufactured_solution/init/100km
       4.0s [92mSUCCESS[0m ocean/column/horiz_press_grad/surface_pressure_gradient/init_1km
       3.8s [92mSUCCESS[0m ocean/column/horiz_press_grad/ztilde_gradient/init_2km
       4.1s [92mSUCCESS[0m ocean/column/horiz_press_grad/surface_pressure_gradient/init_3km
       4.3s [92mSUCCESS[0m ocean/column/horiz_press_grad/salinity_gradient/init_3km
       4.3s [92mSUCCESS[0m ocean/column/horiz_press_grad/salinity_gradient/init_4km
       4.3s [92mSUCCESS[0m ocean/column/horiz_press_grad/salinity_gradient/init_2km
       4.3s [92mSUCCESS[0m ocean/column/horiz_press_grad/salinity_gradient/init_1.5km
       4.4s [92mSUCCESS[0m ocean/column/horiz_press_grad/salinity_gradient/init_1km
       4.4s [92mSUCCESS[0m ocean/column/horiz_press_grad/salinity_gradient/init_750m
       4.4s [92mSUCCESS[0m ocean/column/horiz_press_grad/salinity_gradient/init_500m
       4.4s [92mSUCCESS[0m ocean/column/horiz_press_grad/surface_pressure_gradient/init_4km
       4.4s [92mSUCCESS[0m ocean/column/horiz_press_grad/surface_pressure_gradient/init_2km
       4.4s [92mSUCCESS[0m ocean/column/horiz_press_grad/surface_pressure_gradient/init_1.5km
       4.4s [92mSUCCESS[0m ocean/column/horiz_press_grad/surface_pressure_gradient/init_750m
       4.4s [92mSUCCESS[0m ocean/column/horiz_press_grad/surface_pressure_gradient/init_500m
       4.4s [92mSUCCESS[0m ocean/column/horiz_press_grad/temperature_gradient/init_4km
       4.4s [92mSUCCESS[0m ocean/column/horiz_press_grad/temperature_gradient/init_3km
       4.4s [92mSUCCESS[0m ocean/column/horiz_press_grad/temperature_gradient/init_2km
       4.4s [92mSUCCESS[0m ocean/column/horiz_press_grad/temperature_gradient/init_1.5km
       4.4s [92mSUCCESS[0m ocean/column/horiz_press_grad/temperature_gradient/init_1km
       4.4s [92mSUCCESS[0m ocean/column/horiz_press_grad/temperature_gradient/init_750m
       4.4s [92mSUCCESS[0m ocean/column/horiz_press_grad/temperature_gradient/init_500m
       4.4s [92mSUCCESS[0m ocean/column/horiz_press_grad/ztilde_gradient/init_4km
       4.4s [92mSUCCESS[0m ocean/column/horiz_press_grad/ztilde_gradient/init_3km
       4.4s [92mSUCCESS[0m ocean/column/horiz_press_grad/ztilde_gradient/init_1.5km
       4.4s [92mSUCCESS[0m ocean/column/horiz_press_grad/ztilde_gradient/init_1km
       4.4s [92mSUCCESS[0m ocean/column/horiz_press_grad/ztilde_gradient/init_750m
       4.4s [92mSUCCESS[0m ocean/column/horiz_press_grad/ztilde_gradient/init_500m
       4.2s [92mSUCCESS[0m mesh/spherical/icos/base_mesh/480km
       4.6s [92mSUCCESS[0m ocean/planar/merry_go_round/init/5m
       5.2s [92mSUCCESS[0m ocean/planar/merry_go_round/init/2.5m
       5.4s [92mSUCCESS[0m ocean/planar/baroclinic_channel/10km/init
       5.5s [92mSUCCESS[0m ocean/planar/barotropic_gyre/munk/free-slip/init
       1.4s [92mSUCCESS[0m ocean/spherical/icos/correlated_tracers_2d/init/480km
       0.7s [92mSUCCESS[0m ocean/spherical/icos/cosine_bell/init/480km
       6.4s [92mSUCCESS[0m ocean/planar/manufactured_solution/init/50km
       6.3s [92mSUCCESS[0m ocean/planar/merry_go_round/init/1.25m
       1.0s [92mSUCCESS[0m ocean/spherical/icos/nondivergent_2d/init/480km
       1.0s [92mSUCCESS[0m ocean/spherical/icos/rotation_2d/init/480km
       1.3s [92mSUCCESS[0m ocean/spherical/icos/divergent_2d/init/480km
       4.4s [92mSUCCESS[0m mesh/spherical/icos/base_mesh/240km
       4.0s [92mSUCCESS[0m ocean/spherical/icos/geostrophic/init/480km
       1.0s [92mSUCCESS[0m ocean/spherical/icos/divergent_2d/init/240km
       1.3s [92mSUCCESS[0m ocean/spherical/icos/correlated_tracers_2d/init/240km
       0.8s [92mSUCCESS[0m ocean/spherical/icos/nondivergent_2d/init/240km
       0.9s [92mSUCCESS[0m ocean/spherical/icos/rotation_2d/init/240km
       2.6s [92mSUCCESS[0m ocean/spherical/icos/geostrophic/init/240km
      12.5s [92mSUCCESS[0m ocean/planar/manufactured_solution/init/25km
      11.3s [92mSUCCESS[0m ocean/column/horiz_press_grad/temperature_gradient/forward_3km
      11.2s [92mSUCCESS[0m ocean/column/horiz_press_grad/temperature_gradient/forward_500m
      11.8s [92mSUCCESS[0m ocean/column/horiz_press_grad/salinity_gradient/forward_2km
      11.7s [92mSUCCESS[0m ocean/column/horiz_press_grad/surface_pressure_gradient/forward_750m
      12.0s [92mSUCCESS[0m ocean/column/horiz_press_grad/ztilde_gradient/forward_2km
      11.8s [92mSUCCESS[0m ocean/column/horiz_press_grad/salinity_gradient/forward_500m
      12.1s [92mSUCCESS[0m ocean/column/horiz_press_grad/surface_pressure_gradient/forward_3km
      11.9s [92mSUCCESS[0m ocean/column/horiz_press_grad/surface_pressure_gradient/forward_1.5km
      11.7s [92mSUCCESS[0m ocean/column/horiz_press_grad/temperature_gradient/forward_2km
      12.1s [92mSUCCESS[0m ocean/column/horiz_press_grad/salinity_gradient/forward_3km
      11.6s [92mSUCCESS[0m ocean/column/horiz_press_grad/ztilde_gradient/forward_3km
      11.9s [92mSUCCESS[0m ocean/column/horiz_press_grad/surface_pressure_gradient/forward_2km
      12.3s [92mSUCCESS[0m ocean/column/horiz_press_grad/surface_pressure_gradient/forward_1km
      11.8s [92mSUCCESS[0m ocean/column/horiz_press_grad/temperature_gradient/forward_1km
      12.1s [92mSUCCESS[0m ocean/column/horiz_press_grad/salinity_gradient/forward_1km
      11.9s [92mSUCCESS[0m ocean/column/horiz_press_grad/temperature_gradient/forward_750m
      12.1s [92mSUCCESS[0m ocean/column/horiz_press_grad/surface_pressure_gradient/forward_4km
      12.3s [92mSUCCESS[0m ocean/column/horiz_press_grad/salinity_gradient/forward_4km
      11.7s [92mSUCCESS[0m ocean/column/horiz_press_grad/ztilde_gradient/forward_500m
      12.0s [92mSUCCESS[0m ocean/column/horiz_press_grad/temperature_gradient/forward_4km
      11.8s [92mSUCCESS[0m ocean/column/horiz_press_grad/ztilde_gradient/forward_750m
      12.2s [92mSUCCESS[0m ocean/column/horiz_press_grad/salinity_gradient/forward_1.5km
      12.2s [92mSUCCESS[0m ocean/column/horiz_press_grad/salinity_gradient/forward_750m
      12.0s [92mSUCCESS[0m ocean/column/horiz_press_grad/temperature_gradient/forward_1.5km
      11.9s [92mSUCCESS[0m ocean/column/horiz_press_grad/ztilde_gradient/forward_4km
      12.2s [92mSUCCESS[0m ocean/column/horiz_press_grad/surface_pressure_gradient/forward_500m
      12.0s [92mSUCCESS[0m ocean/column/horiz_press_grad/ztilde_gradient/forward_1.5km
      12.0s [92mSUCCESS[0m ocean/column/horiz_press_grad/ztilde_gradient/forward_1km
       8.9s [92mSUCCESS[0m mesh/spherical/icos/base_mesh/120km
       1.3s [92mSUCCESS[0m ocean/spherical/icos/divergent_2d/init/120km
       1.3s [92mSUCCESS[0m ocean/spherical/icos/correlated_tracers_2d/init/120km
       1.3s [92mSUCCESS[0m ocean/spherical/icos/nondivergent_2d/init/120km
       1.4s [92mSUCCESS[0m ocean/spherical/icos/rotation_2d/init/120km
      14.7s [92mSUCCESS[0m ocean/planar/merry_go_round/forward/5m_90s_order4
      15.2s [92mSUCCESS[0m ocean/planar/merry_go_round/forward/5m_90s_order2
      16.2s [92mSUCCESS[0m ocean/planar/baroclinic_channel/10km/threads/1thread
      16.2s [92mSUCCESS[0m ocean/planar/baroclinic_channel/10km/threads/2thread
      17.2s [92mSUCCESS[0m ocean/planar/merry_go_round/forward/5m_90s_limiter
       4.1s [92mSUCCESS[0m ocean/spherical/icos/geostrophic/init/120km
       0.3s [92mSUCCESS[0m ocean/planar/baroclinic_channel/10km/threads/validate
      17.1s [92mSUCCESS[0m ocean/planar/baroclinic_channel/10km/restart/full_run
      17.2s [92mSUCCESS[0m ocean/planar/baroclinic_channel/10km/decomp/4proc
      17.5s [92mSUCCESS[0m ocean/planar/baroclinic_channel/10km/decomp/8proc
      20.2s [92mSUCCESS[0m ocean/planar/manufactured_solution/del4/forward/200km_300s
      20.3s [92mSUCCESS[0m ocean/planar/manufactured_solution/del2/forward/200km_300s
      20.4s [92mSUCCESS[0m ocean/planar/manufactured_solution/default/forward/200km_300s
       6.0s [92mSUCCESS[0m mesh/spherical/qu/base_mesh/180km
       0.3s [92mSUCCESS[0m ocean/planar/baroclinic_channel/10km/decomp/validate
      18.0s [92mSUCCESS[0m ocean/spherical/icos/cosine_bell/restart/restart_run
      18.1s [92mSUCCESS[0m ocean/spherical/icos/cosine_bell/restart/full_run
       0.3s [92mSUCCESS[0m ocean/spherical/icos/cosine_bell/restart/validate
      15.3s [92mSUCCESS[0m ocean/spherical/icos/geostrophic/forward/480km_960s
       1.4s [92mSUCCESS[0m ocean/spherical/qu/rotation_2d/init/180km
       3.6s [92mSUCCESS[0m ocean/planar/baroclinic_channel/10km/restart/restart_run
      23.3s [92mSUCCESS[0m ocean/planar/overflow/linear/zstar/smoke_test_horiz_adv_order_2/forward
      22.8s [92mSUCCESS[0m ocean/planar/manufactured_solution/del4/forward/100km_150s
      23.0s [92mSUCCESS[0m ocean/planar/manufactured_solution/default/forward/100km_150s
       0.2s [92mSUCCESS[0m ocean/planar/baroclinic_channel/10km/restart/validate
      23.0s [92mSUCCESS[0m ocean/planar/manufactured_solution/del2/forward/100km_150s
      23.0s [92mSUCCESS[0m ocean/planar/barotropic_gyre/munk/free-slip/short_forward
       7.7s [92mSUCCESS[0m mesh/spherical/qu/base_mesh/150km
       1.4s [92mSUCCESS[0m ocean/spherical/qu/rotation_2d/init/150km
      28.3s [92mSUCCESS[0m ocean/planar/overflow/linear/zstar/smoke_test_horiz_adv_order_4/forward
      25.0s [92mSUCCESS[0m ocean/spherical/icos/cosine_bell/decomp/24proc
      27.0s [92mSUCCESS[0m ocean/planar/merry_go_round/forward/2.5m_45s_order2
      29.5s [92mSUCCESS[0m ocean/planar/overflow/linear/zstar/smoke_test_horiz_adv_order_3/forward
      27.4s [92mSUCCESS[0m ocean/planar/merry_go_round/forward/2.5m_45s_order4
      27.2s [92mSUCCESS[0m ocean/spherical/icos/cosine_bell/decomp/12proc
       0.2s [92mSUCCESS[0m ocean/spherical/icos/cosine_bell/decomp/validate
       9.4s [92mSUCCESS[0m mesh/spherical/qu/base_mesh/120km
       1.5s [92mSUCCESS[0m ocean/spherical/qu/rotation_2d/init/120km
      16.5s [92mSUCCESS[0m mesh/spherical/qu/base_mesh/90km
      30.6s [92mSUCCESS[0m mesh/spherical/icos/base_mesh/60km
      40.5s [92mSUCCESS[0m ocean/spherical/icos/rotation_2d/forward/480km_480s
       2.8s [92mSUCCESS[0m ocean/spherical/qu/rotation_2d/init/90km
      43.4s [92mSUCCESS[0m ocean/spherical/icos/correlated_tracers_2d/forward/480km_480s
      41.8s [92mSUCCESS[0m ocean/spherical/icos/nondivergent_2d/forward/480km_480s
       3.0s [92mSUCCESS[0m ocean/spherical/icos/nondivergent_2d/init/60km
       3.1s [92mSUCCESS[0m ocean/spherical/icos/correlated_tracers_2d/init/60km
      41.9s [92mSUCCESS[0m ocean/spherical/icos/divergent_2d/forward/480km_480s
       3.4s [92mSUCCESS[0m ocean/spherical/icos/rotation_2d/init/60km
       3.6s [92mSUCCESS[0m ocean/spherical/icos/divergent_2d/init/60km
      24.8s [92mSUCCESS[0m ocean/spherical/icos/geostrophic/forward/240km_480s
       5.4s [92mSUCCESS[0m ocean/spherical/icos/geostrophic/init/60km
      38.2s [92mSUCCESS[0m ocean/column/horiz_press_grad/temperature_gradient/analysis
      38.2s [92mSUCCESS[0m ocean/column/horiz_press_grad/salinity_gradient/analysis
      38.1s [92mSUCCESS[0m ocean/column/horiz_press_grad/surface_pressure_gradient/analysis
      38.2s [92mSUCCESS[0m ocean/column/horiz_press_grad/ztilde_gradient/analysis
      86.5s [92mSUCCESS[0m ocean/planar/merry_go_round/forward/1.25m_23s_order4
       1.2s [92mSUCCESS[0m ocean/planar/merry_go_round/convergence_both_order4/analysis
      95.2s [92mSUCCESS[0m ocean/planar/merry_go_round/forward/1.25m_23s_order2
      75.4s [92mSUCCESS[0m ocean/spherical/icos/divergent_2d/forward/240km_240s
      76.2s [92mSUCCESS[0m ocean/spherical/icos/correlated_tracers_2d/forward/240km_240s
       1.0s [92mSUCCESS[0m ocean/planar/merry_go_round/convergence_both_order2/analysis
      75.8s [92mSUCCESS[0m ocean/spherical/icos/nondivergent_2d/forward/240km_240s
      74.0s [92mSUCCESS[0m ocean/spherical/icos/rotation_2d/forward/240km_240s
     110.1s [92mSUCCESS[0m ocean/spherical/qu/rotation_2d/forward/180km_180s
      22.9s [92mSUCCESS[0m ocean/planar/manufactured_solution/default/forward/50km_75s
      22.8s [92mSUCCESS[0m ocean/planar/manufactured_solution/del2/forward/50km_75s
     118.3s [92mSUCCESS[0m ocean/spherical/qu/rotation_2d/forward/150km_150s
      22.7s [92mSUCCESS[0m ocean/planar/manufactured_solution/del4/forward/50km_75s
      32.2s [92mSUCCESS[0m ocean/spherical/icos/geostrophic/forward/120km_240s
     159.7s [92mSUCCESS[0m ocean/spherical/icos/correlated_tracers_2d/forward/120km_120s
     160.9s [92mSUCCESS[0m ocean/spherical/icos/divergent_2d/forward/120km_120s
     156.9s [92mSUCCESS[0m ocean/spherical/icos/nondivergent_2d/forward/120km_120s
     161.4s [92mSUCCESS[0m ocean/spherical/icos/rotation_2d/forward/120km_120s
     154.6s [92mSUCCESS[0m ocean/spherical/qu/rotation_2d/forward/120km_120s
      39.0s [92mSUCCESS[0m ocean/planar/manufactured_solution/default/forward/25km_38s
       1.6s [92mSUCCESS[0m ocean/planar/manufactured_solution/convergence_both/default/analysis
     222.0s [92mSUCCESS[0m ocean/spherical/qu/rotation_2d/forward/90km_90s
      38.8s [92mSUCCESS[0m ocean/planar/manufactured_solution/del2/forward/25km_38s
       1.2s [92mSUCCESS[0m ocean/planar/manufactured_solution/convergence_both/del2/analysis
       3.2s [92mSUCCESS[0m ocean/spherical/qu/rotation_2d/analysis/both
      38.1s [92mSUCCESS[0m ocean/planar/manufactured_solution/del4/forward/25km_38s
       1.1s [92mSUCCESS[0m ocean/planar/manufactured_solution/convergence_both/del4/analysis
     541.5s [92mSUCCESS[0m ocean/spherical/icos/correlated_tracers_2d/forward/60km_60s
       1.7s [92mSUCCESS[0m ocean/spherical/icos/correlated_tracers_2d/mixing_analysis
       3.6s [92mSUCCESS[0m ocean/spherical/icos/correlated_tracers_2d/analysis/both
      66.5s [92mSUCCESS[0m ocean/spherical/icos/geostrophic/forward/60km_120s
       1.9s [92mSUCCESS[0m ocean/spherical/icos/geostrophic/convergence_both/analysis
     547.5s [92mSUCCESS[0m ocean/spherical/icos/divergent_2d/forward/60km_60s
       2.4s [92mSUCCESS[0m ocean/spherical/icos/divergent_2d/analysis/both
     541.4s [92mSUCCESS[0m ocean/spherical/icos/nondivergent_2d/forward/60km_60s
       1.5s [92mSUCCESS[0m ocean/spherical/icos/nondivergent_2d/filament_analysis
       2.4s [92mSUCCESS[0m ocean/spherical/icos/nondivergent_2d/analysis/both
     534.2s [92mSUCCESS[0m ocean/spherical/icos/rotation_2d/forward/60km_60s
       2.6s [92mSUCCESS[0m ocean/spherical/icos/rotation_2d/analysis/both
Total runtime: 0:54:38
Step time was 5702s, so this run did 1.7x the work of running one step at a time for as long.

Property checks: 37 passed, 0 failed
PASS: All passed successfully!
