verifying deployed polaris version...
  Verified version 1.1.0-alpha.6.
loading compute pixi env...
   pixi env loaded.
activating spack env...

The following have been reloaded with a version change:
  1) perl/5.38.0-annnuds => perl/5.32.0-bsnc6lt

   spack env activated.
loading polaris environment variables...
   polaris environment variables loaded.
Running 178 step(s)

Allocation:
  chr-0118: 64 cores, 0 gpus, 241734 MiB (available)
      hardware: 257155 MiB
      configured: 253000 MiB
  chr-0119: 64 cores, 0 gpus, 241504 MiB (available)
      hardware: 257155 MiB
      configured: 253000 MiB
  chr-0120: 64 cores, 0 gpus, 253000 MiB (config)
      configured: 253000 MiB
  chr-0118 credits 11266 MiB less than the machine's configured 253000 MiB, which is what a job does not get to use.
  chr-0119 credits 11496 MiB less than the machine's configured 253000 MiB, which is what a job does not get to use.
  * ocean/column/horiz_press_grad/salinity_gradient/init_4km: started on ['chr-0118']
  * ocean/column/horiz_press_grad/salinity_gradient/init_3km: started on ['chr-0118']
  * ocean/column/horiz_press_grad/salinity_gradient/init_2km: started on ['chr-0118']
  * ocean/column/horiz_press_grad/salinity_gradient/init_1.5km: started on ['chr-0118']
  * ocean/column/horiz_press_grad/salinity_gradient/init_1km: started on ['chr-0118']
  * ocean/column/horiz_press_grad/salinity_gradient/init_750m: started on ['chr-0118']
  * ocean/column/horiz_press_grad/salinity_gradient/init_500m: started on ['chr-0118']
  * ocean/column/horiz_press_grad/surface_pressure_gradient/init_4km: started on ['chr-0118']
  * ocean/column/horiz_press_grad/surface_pressure_gradient/init_3km: started on ['chr-0118']
  * ocean/column/horiz_press_grad/surface_pressure_gradient/init_2km: started on ['chr-0118']
  * ocean/column/horiz_press_grad/surface_pressure_gradient/init_1.5km: started on ['chr-0118']
  * ocean/column/horiz_press_grad/surface_pressure_gradient/init_1km: started on ['chr-0118']
  * ocean/column/horiz_press_grad/surface_pressure_gradient/init_750m: started on ['chr-0118']
  * ocean/column/horiz_press_grad/surface_pressure_gradient/init_500m: started on ['chr-0118']
  * ocean/column/horiz_press_grad/temperature_gradient/init_4km: started on ['chr-0118']
  * ocean/column/horiz_press_grad/temperature_gradient/init_3km: started on ['chr-0118']
  * ocean/column/horiz_press_grad/temperature_gradient/init_2km: started on ['chr-0118']
  * ocean/column/horiz_press_grad/temperature_gradient/init_1.5km: started on ['chr-0118']
  * ocean/column/horiz_press_grad/temperature_gradient/init_1km: started on ['chr-0118']
  * ocean/column/horiz_press_grad/temperature_gradient/init_750m: started on ['chr-0118']
  * ocean/column/horiz_press_grad/temperature_gradient/init_500m: started on ['chr-0118']
  * ocean/column/horiz_press_grad/ztilde_gradient/init_4km: started on ['chr-0118']
  * ocean/column/horiz_press_grad/ztilde_gradient/init_3km: started on ['chr-0118']
  * ocean/column/horiz_press_grad/ztilde_gradient/init_2km: started on ['chr-0118']
  * ocean/column/horiz_press_grad/ztilde_gradient/init_1.5km: started on ['chr-0118']
  * ocean/column/horiz_press_grad/ztilde_gradient/init_1km: started on ['chr-0118']
  * ocean/column/horiz_press_grad/ztilde_gradient/init_750m: started on ['chr-0118']
  * ocean/column/horiz_press_grad/ztilde_gradient/init_500m: started on ['chr-0118']
  * ocean/planar/baroclinic_channel/10km/init: started on ['chr-0118']
  * ocean/planar/barotropic_gyre/munk/free-slip/init: started on ['chr-0118']
  * ocean/planar/manufactured_solution/init/200km: started on ['chr-0118']
  * ocean/planar/manufactured_solution/init/100km: started on ['chr-0118']
  * ocean/planar/manufactured_solution/init/50km: started on ['chr-0118']
  * ocean/planar/manufactured_solution/init/25km: started on ['chr-0118']
  * ocean/planar/merry_go_round/init/5m: started on ['chr-0118']
  * ocean/planar/merry_go_round/init/2.5m: started on ['chr-0118']
  * ocean/planar/merry_go_round/init/1.25m: started on ['chr-0118']
  * ocean/planar/overflow/linear/zstar/init: started on ['chr-0118']
  * mesh/spherical/icos/base_mesh/480km: started on ['chr-0118']
  * ocean/planar/overflow/linear/zstar/init: [92mSUCCESS[0m [94m2.7s[0m
  * ocean/planar/overflow/linear/zstar/smoke_test_horiz_adv_order_2/forward: started on ['chr-0119']
  * ocean/planar/overflow/linear/zstar/smoke_test_horiz_adv_order_3/forward: started on ['chr-0119']
  * ocean/planar/overflow/linear/zstar/smoke_test_horiz_adv_order_4/forward: started on ['chr-0119']
  * ocean/planar/manufactured_solution/init/100km: [92mSUCCESS[0m [94m3.2s[0m
  * ocean/planar/manufactured_solution/default/forward/100km_150s: started on ['chr-0120']
  * mesh/spherical/icos/base_mesh/480km: [92mSUCCESS[0m [94m3.3s[0m
  * ocean/planar/manufactured_solution/del2/forward/100km_150s: started on ['chr-0118', 'chr-0119']
  * ocean/spherical/icos/correlated_tracers_2d/init/480km: started on ['chr-0118']
  * ocean/spherical/icos/cosine_bell/init/480km: started on ['chr-0118']
  * ocean/spherical/icos/geostrophic/init/480km: started on ['chr-0118']
  * ocean/spherical/icos/divergent_2d/init/480km: started on ['chr-0118']
  * ocean/column/horiz_press_grad/salinity_gradient/init_750m: [92mSUCCESS[0m [94m4.2s[0m
  * ocean/column/horiz_press_grad/salinity_gradient/forward_750m: started on ['chr-0118']
  * ocean/column/horiz_press_grad/salinity_gradient/init_3km: [92mSUCCESS[0m [94m4.3s[0m
  * ocean/column/horiz_press_grad/salinity_gradient/forward_3km: started on ['chr-0118']
  * ocean/column/horiz_press_grad/salinity_gradient/init_500m: [92mSUCCESS[0m [94m4.2s[0m
  * ocean/column/horiz_press_grad/salinity_gradient/forward_500m: started on ['chr-0118']
  * ocean/column/horiz_press_grad/salinity_gradient/init_4km: [92mSUCCESS[0m [94m4.4s[0m
  * ocean/column/horiz_press_grad/salinity_gradient/forward_4km: started on ['chr-0118']
  * ocean/column/horiz_press_grad/salinity_gradient/init_1.5km: [92mSUCCESS[0m [94m4.3s[0m
  * ocean/column/horiz_press_grad/salinity_gradient/forward_1.5km: started on ['chr-0118']
  * ocean/column/horiz_press_grad/salinity_gradient/init_1km: [92mSUCCESS[0m [94m4.3s[0m
  * ocean/column/horiz_press_grad/salinity_gradient/forward_1km: started on ['chr-0118']
  * ocean/column/horiz_press_grad/surface_pressure_gradient/init_4km: [92mSUCCESS[0m [94m4.3s[0m
  * ocean/column/horiz_press_grad/surface_pressure_gradient/forward_4km: started on ['chr-0118']
  * ocean/column/horiz_press_grad/surface_pressure_gradient/init_2km: [92mSUCCESS[0m [94m4.3s[0m
  * ocean/column/horiz_press_grad/surface_pressure_gradient/forward_2km: started on ['chr-0118']
  * ocean/column/horiz_press_grad/surface_pressure_gradient/init_1.5km: [92mSUCCESS[0m [94m4.4s[0m
  * ocean/column/horiz_press_grad/surface_pressure_gradient/forward_1.5km: started on ['chr-0118']
  * ocean/column/horiz_press_grad/surface_pressure_gradient/init_1km: [92mSUCCESS[0m [94m4.4s[0m
  * ocean/column/horiz_press_grad/surface_pressure_gradient/forward_1km: started on ['chr-0118']
  * ocean/column/horiz_press_grad/surface_pressure_gradient/init_750m: [92mSUCCESS[0m [94m4.4s[0m
  * ocean/column/horiz_press_grad/surface_pressure_gradient/forward_750m: started on ['chr-0118']
  * ocean/column/horiz_press_grad/temperature_gradient/init_4km: [92mSUCCESS[0m [94m4.4s[0m
  * ocean/column/horiz_press_grad/temperature_gradient/forward_4km: started on ['chr-0118']
  * ocean/column/horiz_press_grad/temperature_gradient/init_3km: [92mSUCCESS[0m [94m4.4s[0m
  * ocean/column/horiz_press_grad/temperature_gradient/forward_3km: started on ['chr-0118']
  * ocean/column/horiz_press_grad/temperature_gradient/init_2km: [92mSUCCESS[0m [94m4.4s[0m
  * ocean/column/horiz_press_grad/temperature_gradient/forward_2km: started on ['chr-0118']
  * ocean/column/horiz_press_grad/temperature_gradient/init_1.5km: [92mSUCCESS[0m [94m4.4s[0m
  * ocean/column/horiz_press_grad/temperature_gradient/forward_1.5km: started on ['chr-0118']
  * ocean/column/horiz_press_grad/temperature_gradient/init_1km: [92mSUCCESS[0m [94m4.4s[0m
  * ocean/column/horiz_press_grad/temperature_gradient/forward_1km: started on ['chr-0118']
  * ocean/column/horiz_press_grad/temperature_gradient/init_750m: [92mSUCCESS[0m [94m4.4s[0m
  * ocean/column/horiz_press_grad/temperature_gradient/forward_750m: started on ['chr-0118']
  * ocean/column/horiz_press_grad/temperature_gradient/init_500m: [92mSUCCESS[0m [94m4.4s[0m
  * ocean/column/horiz_press_grad/temperature_gradient/forward_500m: started on ['chr-0118']
  * ocean/column/horiz_press_grad/ztilde_gradient/init_4km: [92mSUCCESS[0m [94m4.4s[0m
  * ocean/column/horiz_press_grad/ztilde_gradient/forward_4km: started on ['chr-0118']
  * ocean/column/horiz_press_grad/ztilde_gradient/init_2km: [92mSUCCESS[0m [94m4.4s[0m
  * ocean/column/horiz_press_grad/ztilde_gradient/forward_2km: started on ['chr-0118']
  * ocean/column/horiz_press_grad/ztilde_gradient/init_1km: [92mSUCCESS[0m [94m4.3s[0m
  * ocean/column/horiz_press_grad/ztilde_gradient/forward_1km: started on ['chr-0118']
  * ocean/column/horiz_press_grad/ztilde_gradient/init_500m: [92mSUCCESS[0m [94m4.3s[0m
  * ocean/column/horiz_press_grad/ztilde_gradient/forward_500m: started on ['chr-0118']
  * ocean/column/horiz_press_grad/ztilde_gradient/init_3km: [92mSUCCESS[0m [94m4.4s[0m
  * ocean/column/horiz_press_grad/ztilde_gradient/forward_3km: started on ['chr-0118']
  * ocean/column/horiz_press_grad/salinity_gradient/init_2km: [92mSUCCESS[0m [94m4.8s[0m
  * ocean/column/horiz_press_grad/salinity_gradient/forward_2km: started on ['chr-0118']
  * ocean/planar/manufactured_solution/init/200km: [92mSUCCESS[0m [94m4.3s[0m
  * ocean/planar/manufactured_solution/default/forward/200km_300s: started on ['chr-0120']
  * ocean/spherical/icos/nondivergent_2d/init/480km: started on ['chr-0118']
  * ocean/spherical/icos/cosine_bell/init/480km: [92mSUCCESS[0m [94m0.8s[0m
  * ocean/spherical/icos/rotation_2d/init/480km: started on ['chr-0118']
  * ocean/spherical/icos/divergent_2d/init/480km: [92mSUCCESS[0m [94m0.8s[0m
  * ocean/spherical/icos/correlated_tracers_2d/init/480km: [92mSUCCESS[0m [94m1.0s[0m
  * ocean/column/horiz_press_grad/surface_pressure_gradient/init_3km: [92mSUCCESS[0m [94m5.2s[0m
  * ocean/column/horiz_press_grad/surface_pressure_gradient/forward_3km: started on ['chr-0118']
  * ocean/column/horiz_press_grad/surface_pressure_gradient/init_500m: [92mSUCCESS[0m [94m5.2s[0m
  * ocean/column/horiz_press_grad/surface_pressure_gradient/forward_500m: started on ['chr-0118']
  * ocean/planar/merry_go_round/init/2.5m: [92mSUCCESS[0m [94m5.0s[0m
  * ocean/planar/merry_go_round/forward/2.5m_45s_order2: started on ['chr-0119']
  * ocean/planar/merry_go_round/forward/2.5m_45s_order4: started on ['chr-0120']
  * ocean/planar/baroclinic_channel/10km/init: [92mSUCCESS[0m [94m5.2s[0m
  * ocean/planar/baroclinic_channel/10km/decomp/4proc: started on ['chr-0118']
  * ocean/planar/merry_go_round/init/5m: [92mSUCCESS[0m [94m5.1s[0m
  * ocean/planar/merry_go_round/forward/5m_90s_limiter: started on ['chr-0118']
  * ocean/spherical/icos/rotation_2d/init/480km: [92mSUCCESS[0m [94m0.9s[0m
  * ocean/planar/merry_go_round/forward/5m_90s_order2: started on ['chr-0118']
  * ocean/spherical/icos/nondivergent_2d/init/480km: [92mSUCCESS[0m [94m1.1s[0m
  * ocean/planar/merry_go_round/forward/5m_90s_order4: started on ['chr-0118']
  * ocean/column/horiz_press_grad/ztilde_gradient/init_1.5km: [92mSUCCESS[0m [94m6.1s[0m
  * ocean/column/horiz_press_grad/ztilde_gradient/forward_1.5km: started on ['chr-0118']
  * ocean/column/horiz_press_grad/ztilde_gradient/init_750m: [92mSUCCESS[0m [94m6.1s[0m
  * ocean/column/horiz_press_grad/ztilde_gradient/forward_750m: started on ['chr-0118']
  * ocean/planar/barotropic_gyre/munk/free-slip/init: [92mSUCCESS[0m [94m6.0s[0m
  * ocean/planar/manufactured_solution/init/50km: [92mSUCCESS[0m [94m6.4s[0m
  * ocean/planar/merry_go_round/init/1.25m: [92mSUCCESS[0m [94m6.4s[0m
  * ocean/spherical/icos/geostrophic/init/480km: [92mSUCCESS[0m [94m4.6s[0m
  * ocean/planar/baroclinic_channel/10km/restart/full_run: started on ['chr-0118']
  * ocean/planar/manufactured_solution/init/25km: [92mSUCCESS[0m [94m12.1s[0m
  * ocean/column/horiz_press_grad/salinity_gradient/forward_750m: [92mSUCCESS[0m [94m13.2s[0m
  * ocean/column/horiz_press_grad/temperature_gradient/forward_4km: [92mSUCCESS[0m [94m12.9s[0m
  * ocean/column/horiz_press_grad/temperature_gradient/forward_3km: [92mSUCCESS[0m [94m13.0s[0m
  * ocean/planar/baroclinic_channel/10km/threads/1thread: started on ['chr-0118']
  * ocean/column/horiz_press_grad/temperature_gradient/forward_2km: [92mSUCCESS[0m [94m13.0s[0m
  * ocean/column/horiz_press_grad/salinity_gradient/forward_4km: [92mSUCCESS[0m [94m13.3s[0m
  * ocean/column/horiz_press_grad/ztilde_gradient/forward_4km: [92mSUCCESS[0m [94m12.9s[0m
  * ocean/column/horiz_press_grad/salinity_gradient/forward_500m: [92mSUCCESS[0m [94m13.5s[0m
  * ocean/column/horiz_press_grad/surface_pressure_gradient/forward_4km: [92mSUCCESS[0m [94m13.3s[0m
  * ocean/column/horiz_press_grad/salinity_gradient/forward_1km: [92mSUCCESS[0m [94m13.4s[0m
  * ocean/column/horiz_press_grad/ztilde_gradient/forward_1km: [92mSUCCESS[0m [94m13.0s[0m
  * ocean/column/horiz_press_grad/surface_pressure_gradient/forward_2km: [92mSUCCESS[0m [94m13.3s[0m
  * ocean/planar/baroclinic_channel/10km/decomp/8proc: started on ['chr-0118']
  * ocean/column/horiz_press_grad/surface_pressure_gradient/forward_1.5km: [92mSUCCESS[0m [94m13.3s[0m
  * ocean/column/horiz_press_grad/temperature_gradient/forward_1.5km: [92mSUCCESS[0m [94m13.2s[0m
  * ocean/column/horiz_press_grad/surface_pressure_gradient/forward_1km: [92mSUCCESS[0m [94m13.3s[0m
  * ocean/column/horiz_press_grad/salinity_gradient/forward_1.5km: [92mSUCCESS[0m [94m13.6s[0m
  * ocean/column/horiz_press_grad/surface_pressure_gradient/forward_750m: [92mSUCCESS[0m [94m13.4s[0m
  * ocean/column/horiz_press_grad/ztilde_gradient/forward_2km: [92mSUCCESS[0m [94m13.3s[0m
  * ocean/column/horiz_press_grad/salinity_gradient/forward_3km: [92mSUCCESS[0m [94m13.8s[0m
  * ocean/column/horiz_press_grad/temperature_gradient/forward_500m: [92mSUCCESS[0m [94m13.5s[0m
  * ocean/planar/baroclinic_channel/10km/threads/2thread: started on ['chr-0118']
  * ocean/column/horiz_press_grad/salinity_gradient/forward_2km: [92mSUCCESS[0m [94m13.5s[0m
  * ocean/column/horiz_press_grad/salinity_gradient/analysis: started on ['chr-0118']
  * ocean/column/horiz_press_grad/ztilde_gradient/forward_3km: [92mSUCCESS[0m [94m13.6s[0m
  * ocean/column/horiz_press_grad/temperature_gradient/forward_1km: [92mSUCCESS[0m [94m13.8s[0m
  * ocean/column/horiz_press_grad/temperature_gradient/forward_750m: [92mSUCCESS[0m [94m13.8s[0m
  * ocean/column/horiz_press_grad/temperature_gradient/analysis: started on ['chr-0118']
  * ocean/column/horiz_press_grad/ztilde_gradient/forward_500m: [92mSUCCESS[0m [94m14.1s[0m
  * ocean/column/horiz_press_grad/surface_pressure_gradient/forward_3km: [92mSUCCESS[0m [94m13.7s[0m
  * ocean/column/horiz_press_grad/surface_pressure_gradient/forward_500m: [92mSUCCESS[0m [94m14.3s[0m
  * ocean/column/horiz_press_grad/surface_pressure_gradient/analysis: started on ['chr-0118']
  * ocean/column/horiz_press_grad/ztilde_gradient/forward_1.5km: [92mSUCCESS[0m [94m14.3s[0m
  * ocean/column/horiz_press_grad/ztilde_gradient/forward_750m: [92mSUCCESS[0m [94m14.3s[0m
  * ocean/column/horiz_press_grad/ztilde_gradient/analysis: started on ['chr-0118']
  * ocean/planar/baroclinic_channel/10km/decomp/4proc: [92mSUCCESS[0m [94m15.7s[0m
  * ocean/planar/merry_go_round/forward/1.25m_23s_order2: started on ['chr-0118']
  * ocean/planar/baroclinic_channel/10km/restart/full_run: [92mSUCCESS[0m [94m13.8s[0m
  * ocean/planar/baroclinic_channel/10km/restart/restart_run: started on ['chr-0118']
  * ocean/planar/merry_go_round/forward/5m_90s_order4: [92mSUCCESS[0m [94m18.0s[0m
  * ocean/planar/manufactured_solution/default/forward/200km_300s: [92mSUCCESS[0m [94m19.3s[0m
  * ocean/planar/manufactured_solution/del2/forward/200km_300s: started on ['chr-0120']
  * ocean/planar/baroclinic_channel/10km/threads/1thread: [92mSUCCESS[0m [94m7.0s[0m
  * ocean/planar/baroclinic_channel/10km/threads/2thread: [92mSUCCESS[0m [94m6.5s[0m
  * ocean/planar/baroclinic_channel/10km/threads/validate: started on ['chr-0118']
  * ocean/planar/manufactured_solution/del4/forward/200km_300s: started on ['chr-0118']
  * ocean/planar/baroclinic_channel/10km/decomp/8proc: [92mSUCCESS[0m [94m6.9s[0m
  * ocean/planar/baroclinic_channel/10km/decomp/validate: started on ['chr-0118']
  * ocean/planar/merry_go_round/forward/1.25m_23s_order4: started on ['chr-0118']
  * ocean/planar/merry_go_round/forward/5m_90s_order2: [92mSUCCESS[0m [94m18.9s[0m
  * ocean/planar/baroclinic_channel/10km/threads/validate: [92mSUCCESS[0m [94m0.2s[0m
  * ocean/planar/baroclinic_channel/10km/decomp/validate: [92mSUCCESS[0m [94m0.2s[0m
  * ocean/planar/manufactured_solution/del2/forward/100km_150s: [92mSUCCESS[0m [94m21.4s[0m
  * ocean/planar/manufactured_solution/del4/forward/100km_150s: started on ['chr-0118', 'chr-0119']
  * ocean/planar/merry_go_round/forward/5m_90s_limiter: [92mSUCCESS[0m [94m20.4s[0m
  * ocean/planar/baroclinic_channel/10km/restart/restart_run: [92mSUCCESS[0m [94m4.2s[0m
  * ocean/planar/baroclinic_channel/10km/restart/validate: started on ['chr-0118']
  * ocean/planar/baroclinic_channel/10km/restart/validate: [92mSUCCESS[0m [94m0.2s[0m
  * ocean/planar/manufactured_solution/default/forward/100km_150s: [92mSUCCESS[0m [94m23.5s[0m
  * ocean/spherical/icos/correlated_tracers_2d/forward/480km_480s: started on ['chr-0120']
  * ocean/spherical/icos/cosine_bell/decomp/12proc: started on ['chr-0120']
  * ocean/spherical/icos/cosine_bell/decomp/24proc: started on ['chr-0120']
  * ocean/planar/overflow/linear/zstar/smoke_test_horiz_adv_order_4/forward: [92mSUCCESS[0m [94m26.0s[0m
  * ocean/spherical/icos/cosine_bell/restart/full_run: started on ['chr-0119']
  * ocean/planar/overflow/linear/zstar/smoke_test_horiz_adv_order_3/forward: [92mSUCCESS[0m [94m26.5s[0m
  * ocean/spherical/icos/cosine_bell/restart/restart_run: started on ['chr-0119']
  * ocean/planar/overflow/linear/zstar/smoke_test_horiz_adv_order_2/forward: [92mSUCCESS[0m [94m26.9s[0m
  * ocean/spherical/icos/geostrophic/forward/480km_960s: started on ['chr-0119']
  * ocean/planar/manufactured_solution/del2/forward/200km_300s: [92mSUCCESS[0m [94m6.1s[0m
  * ocean/spherical/icos/divergent_2d/forward/480km_480s: started on ['chr-0120']
  * ocean/planar/merry_go_round/forward/2.5m_45s_order2: [92mSUCCESS[0m [94m24.7s[0m
  * ocean/planar/merry_go_round/forward/2.5m_45s_order4: [92mSUCCESS[0m [94m27.4s[0m
  * ocean/planar/manufactured_solution/del4/forward/200km_300s: [92mSUCCESS[0m [94m11.7s[0m
  * mesh/spherical/icos/base_mesh/240km: started on ['chr-0118']
  * ocean/planar/manufactured_solution/del4/forward/100km_150s: [92mSUCCESS[0m [94m14.6s[0m
  * mesh/spherical/icos/base_mesh/120km: started on ['chr-0118']
  * ocean/spherical/icos/nondivergent_2d/forward/480km_480s: started on ['chr-0118']
  * ocean/spherical/icos/rotation_2d/forward/480km_480s: started on ['chr-0119']
  * mesh/spherical/icos/base_mesh/240km: [92mSUCCESS[0m [94m3.9s[0m
  * ocean/spherical/icos/correlated_tracers_2d/init/240km: started on ['chr-0118']
  * ocean/spherical/icos/geostrophic/init/240km: started on ['chr-0118']
  * ocean/spherical/icos/divergent_2d/init/240km: started on ['chr-0118']
  * ocean/spherical/icos/nondivergent_2d/init/240km: started on ['chr-0118']
  * ocean/spherical/icos/rotation_2d/init/240km: started on ['chr-0118']
  * ocean/spherical/icos/divergent_2d/init/240km: [92mSUCCESS[0m [94m0.8s[0m
  * ocean/spherical/icos/correlated_tracers_2d/init/240km: [92mSUCCESS[0m [94m0.9s[0m
  * ocean/spherical/icos/rotation_2d/init/240km: [92mSUCCESS[0m [94m1.0s[0m
  * ocean/spherical/icos/nondivergent_2d/init/240km: [92mSUCCESS[0m [94m1.1s[0m
  * ocean/spherical/icos/cosine_bell/restart/full_run: [92mSUCCESS[0m [94m12.1s[0m
  * ocean/spherical/icos/cosine_bell/restart/restart_run: [92mSUCCESS[0m [94m12.1s[0m
  * ocean/spherical/icos/cosine_bell/restart/validate: started on ['chr-0118']
  * ocean/spherical/icos/cosine_bell/restart/validate: [92mSUCCESS[0m [94m0.2s[0m
  * ocean/spherical/icos/geostrophic/init/240km: [92mSUCCESS[0m [94m3.1s[0m
  * mesh/spherical/icos/base_mesh/60km: started on ['chr-0118']
  * ocean/spherical/icos/geostrophic/forward/480km_960s: [92mSUCCESS[0m [94m14.0s[0m
  * ocean/spherical/icos/correlated_tracers_2d/forward/240km_240s: started on ['chr-0119']
  * mesh/spherical/icos/base_mesh/120km: [92mSUCCESS[0m [94m9.4s[0m
  * ocean/spherical/icos/correlated_tracers_2d/init/120km: started on ['chr-0118']
  * ocean/spherical/icos/geostrophic/init/120km: started on ['chr-0118']
  * ocean/spherical/icos/divergent_2d/init/120km: started on ['chr-0118']
  * ocean/spherical/icos/nondivergent_2d/init/120km: started on ['chr-0118']
  * ocean/spherical/icos/rotation_2d/init/120km: started on ['chr-0118']
  * ocean/spherical/icos/cosine_bell/decomp/24proc: [92mSUCCESS[0m [94m23.2s[0m
  * ocean/spherical/icos/nondivergent_2d/init/120km: [92mSUCCESS[0m [94m1.4s[0m
  * ocean/spherical/icos/divergent_2d/init/120km: [92mSUCCESS[0m [94m1.5s[0m
  * ocean/spherical/icos/rotation_2d/init/120km: [92mSUCCESS[0m [94m1.5s[0m
  * ocean/spherical/icos/correlated_tracers_2d/init/120km: [92mSUCCESS[0m [94m1.8s[0m
  * ocean/spherical/icos/cosine_bell/decomp/12proc: [92mSUCCESS[0m [94m24.9s[0m
  * ocean/spherical/icos/cosine_bell/decomp/validate: started on ['chr-0118']
  * ocean/spherical/icos/cosine_bell/decomp/validate: [92mSUCCESS[0m [94m0.2s[0m
  * ocean/spherical/icos/geostrophic/init/120km: [92mSUCCESS[0m [94m3.0s[0m
  * mesh/spherical/qu/base_mesh/180km: started on ['chr-0118']
  * ocean/column/horiz_press_grad/salinity_gradient/analysis: [92mSUCCESS[0m [94m38.4s[0m
  * ocean/column/horiz_press_grad/temperature_gradient/analysis: [92mSUCCESS[0m [94m39.1s[0m
  * mesh/spherical/qu/base_mesh/180km: [92mSUCCESS[0m [94m5.5s[0m
  * ocean/spherical/qu/rotation_2d/init/180km: started on ['chr-0118']
  * mesh/spherical/qu/base_mesh/150km: started on ['chr-0118']
  * ocean/column/horiz_press_grad/surface_pressure_gradient/analysis: [92mSUCCESS[0m [94m39.1s[0m
  * ocean/spherical/qu/rotation_2d/init/180km: [92mSUCCESS[0m [94m1.2s[0m
  * ocean/column/horiz_press_grad/ztilde_gradient/analysis: [92mSUCCESS[0m [94m38.7s[0m
  * mesh/spherical/qu/base_mesh/150km: [92mSUCCESS[0m [94m8.7s[0m
  * ocean/spherical/qu/rotation_2d/init/150km: started on ['chr-0118']
  * mesh/spherical/qu/base_mesh/120km: started on ['chr-0118']
  * ocean/spherical/qu/rotation_2d/init/150km: [92mSUCCESS[0m [94m1.4s[0m
  * ocean/spherical/icos/correlated_tracers_2d/forward/480km_480s: [92mSUCCESS[0m [94m42.2s[0m
  * ocean/spherical/icos/geostrophic/forward/240km_480s: started on ['chr-0120']
  * ocean/spherical/icos/divergent_2d/forward/480km_480s: [92mSUCCESS[0m [94m40.7s[0m
  * ocean/spherical/icos/rotation_2d/forward/480km_480s: [92mSUCCESS[0m [94m31.5s[0m
  * ocean/spherical/icos/nondivergent_2d/forward/480km_480s: [92mSUCCESS[0m [94m32.8s[0m
  * mesh/spherical/qu/base_mesh/90km: started on ['chr-0118']
  * mesh/spherical/qu/base_mesh/120km: [92mSUCCESS[0m [94m10.8s[0m
  * ocean/spherical/qu/rotation_2d/init/120km: started on ['chr-0118']
  * ocean/spherical/qu/rotation_2d/init/120km: [92mSUCCESS[0m [94m1.6s[0m
  * mesh/spherical/icos/base_mesh/60km: [92mSUCCESS[0m [94m37.8s[0m
  * ocean/spherical/icos/correlated_tracers_2d/init/60km: started on ['chr-0118']
  * ocean/spherical/icos/geostrophic/init/60km: started on ['chr-0118']
  * ocean/spherical/icos/divergent_2d/init/60km: started on ['chr-0118']
  * ocean/spherical/icos/nondivergent_2d/init/60km: started on ['chr-0118']
  * ocean/spherical/icos/rotation_2d/init/60km: started on ['chr-0118']
  * ocean/planar/merry_go_round/forward/1.25m_23s_order2: [92mSUCCESS[0m [94m61.2s[0m
  * ocean/planar/merry_go_round/convergence_both_order2/analysis: started on ['chr-0118']
  * ocean/spherical/icos/correlated_tracers_2d/init/60km: [92mSUCCESS[0m [94m2.9s[0m
  * ocean/spherical/icos/divergent_2d/init/60km: [92mSUCCESS[0m [94m2.9s[0m
  * ocean/spherical/icos/rotation_2d/init/60km: [92mSUCCESS[0m [94m2.8s[0m
  * ocean/planar/merry_go_round/convergence_both_order2/analysis: [92mSUCCESS[0m [94m1.5s[0m
  * ocean/spherical/icos/nondivergent_2d/init/60km: [92mSUCCESS[0m [94m3.5s[0m
  * ocean/spherical/icos/geostrophic/init/60km: [92mSUCCESS[0m [94m4.7s[0m
  * ocean/planar/merry_go_round/forward/1.25m_23s_order4: [92mSUCCESS[0m [94m63.4s[0m
  * ocean/planar/merry_go_round/convergence_both_order4/analysis: started on ['chr-0118']
  * ocean/planar/merry_go_round/convergence_both_order4/analysis: [92mSUCCESS[0m [94m0.8s[0m
  * mesh/spherical/qu/base_mesh/90km: [92mSUCCESS[0m [94m16.0s[0m
  * ocean/planar/barotropic_gyre/munk/free-slip/short_forward: started on ['chr-0118']
  * ocean/spherical/qu/rotation_2d/init/90km: started on ['chr-0118']
  * ocean/spherical/qu/rotation_2d/init/90km: [92mSUCCESS[0m [94m2.4s[0m
  * ocean/spherical/icos/geostrophic/forward/240km_480s: [92mSUCCESS[0m [94m23.9s[0m
  * ocean/spherical/icos/divergent_2d/forward/240km_240s: started on ['chr-0120']
  * ocean/planar/barotropic_gyre/munk/free-slip/short_forward: [92mSUCCESS[0m [94m21.2s[0m
  * ocean/spherical/icos/nondivergent_2d/forward/240km_240s: started on ['chr-0118']
  * ocean/spherical/icos/correlated_tracers_2d/forward/240km_240s: [92mSUCCESS[0m [94m76.0s[0m
  * ocean/spherical/icos/rotation_2d/forward/240km_240s: started on ['chr-0119']
  * ocean/spherical/icos/divergent_2d/forward/240km_240s: [92mSUCCESS[0m [94m75.8s[0m
  * ocean/spherical/icos/nondivergent_2d/forward/240km_240s: [92mSUCCESS[0m [94m77.8s[0m
  * ocean/spherical/qu/rotation_2d/forward/180km_180s: started on ['chr-0118', 'chr-0120']
  * ocean/spherical/icos/rotation_2d/forward/240km_240s: [92mSUCCESS[0m [94m76.1s[0m
  * ocean/spherical/qu/rotation_2d/forward/180km_180s: [92mSUCCESS[0m [94m115.7s[0m
  * ocean/planar/manufactured_solution/default/forward/50km_75s: started on ['chr-0118', 'chr-0119', 'chr-0120']
  * ocean/planar/manufactured_solution/default/forward/50km_75s: [92mSUCCESS[0m [94m27.7s[0m
  * ocean/planar/manufactured_solution/default/forward/25km_38s: started on ['chr-0118', 'chr-0119', 'chr-0120']
  * ocean/planar/manufactured_solution/default/forward/25km_38s: [92mSUCCESS[0m [94m46.4s[0m
  * ocean/planar/manufactured_solution/convergence_both/default/analysis: started on ['chr-0118']
  * ocean/spherical/qu/rotation_2d/forward/150km_150s: started on ['chr-0118', 'chr-0119', 'chr-0120']
  * ocean/planar/manufactured_solution/convergence_both/default/analysis: [92mSUCCESS[0m [94m1.9s[0m
  * ocean/spherical/qu/rotation_2d/forward/150km_150s: [92mSUCCESS[0m [94m115.8s[0m
  * ocean/planar/manufactured_solution/del2/forward/50km_75s: started on ['chr-0118', 'chr-0119', 'chr-0120']
  * ocean/planar/manufactured_solution/del2/forward/50km_75s: [92mSUCCESS[0m [94m28.0s[0m
  * ocean/planar/manufactured_solution/del2/forward/25km_38s: started on ['chr-0118', 'chr-0119', 'chr-0120']
  * ocean/planar/manufactured_solution/del2/forward/25km_38s: [92mSUCCESS[0m [94m47.2s[0m
  * ocean/planar/manufactured_solution/convergence_both/del2/analysis: started on ['chr-0118']
  * ocean/planar/manufactured_solution/convergence_both/del2/analysis: [92mSUCCESS[0m [94m1.2s[0m
  * ocean/planar/manufactured_solution/del4/forward/50km_75s: started on ['chr-0118', 'chr-0119', 'chr-0120']
  * ocean/planar/manufactured_solution/del4/forward/50km_75s: [92mSUCCESS[0m [94m27.6s[0m
  * ocean/planar/manufactured_solution/del4/forward/25km_38s: started on ['chr-0118', 'chr-0119', 'chr-0120']
  * ocean/planar/manufactured_solution/del4/forward/25km_38s: [92mSUCCESS[0m [94m46.8s[0m
  * ocean/planar/manufactured_solution/convergence_both/del4/analysis: started on ['chr-0118']
  * ocean/planar/manufactured_solution/convergence_both/del4/analysis: [92mSUCCESS[0m [94m1.3s[0m
  * ocean/spherical/icos/correlated_tracers_2d/forward/120km_120s: started on ['chr-0118', 'chr-0119', 'chr-0120']
  * ocean/spherical/icos/correlated_tracers_2d/forward/120km_120s: [92mSUCCESS[0m [94m168.6s[0m
  * ocean/spherical/icos/correlated_tracers_2d/forward/60km_60s: started on ['chr-0118', 'chr-0119', 'chr-0120']
  * ocean/spherical/icos/correlated_tracers_2d/forward/60km_60s: [92mSUCCESS[0m [94m869.6s[0m
  * ocean/spherical/icos/correlated_tracers_2d/analysis/both: started on ['chr-0118']
  * ocean/spherical/icos/correlated_tracers_2d/mixing_analysis: started on ['chr-0118']
  * ocean/spherical/icos/correlated_tracers_2d/mixing_analysis: [92mSUCCESS[0m [94m2.6s[0m
  * ocean/spherical/icos/correlated_tracers_2d/analysis/both: [92mSUCCESS[0m [94m3.7s[0m
  * ocean/spherical/icos/geostrophic/forward/120km_240s: started on ['chr-0118', 'chr-0119', 'chr-0120']
  * ocean/spherical/icos/geostrophic/forward/120km_240s: [92mSUCCESS[0m [94m36.6s[0m
  * ocean/spherical/icos/geostrophic/forward/60km_120s: started on ['chr-0118', 'chr-0119', 'chr-0120']
  * ocean/spherical/icos/geostrophic/forward/60km_120s: [92mSUCCESS[0m [94m95.7s[0m
  * ocean/spherical/icos/geostrophic/convergence_both/analysis: started on ['chr-0118']
  * ocean/spherical/icos/geostrophic/convergence_both/analysis: [92mSUCCESS[0m [94m2.0s[0m
  * ocean/spherical/icos/divergent_2d/forward/120km_120s: started on ['chr-0118', 'chr-0119', 'chr-0120']
  * ocean/spherical/icos/divergent_2d/forward/120km_120s: [92mSUCCESS[0m [94m169.0s[0m
  * ocean/spherical/icos/divergent_2d/forward/60km_60s: started on ['chr-0118', 'chr-0119', 'chr-0120']
  * ocean/spherical/icos/divergent_2d/forward/60km_60s: [92mSUCCESS[0m [94m881.1s[0m
  * ocean/spherical/icos/divergent_2d/analysis/both: started on ['chr-0118']
  * ocean/spherical/icos/divergent_2d/analysis/both: [92mSUCCESS[0m [94m2.3s[0m
  * ocean/spherical/icos/nondivergent_2d/forward/120km_120s: started on ['chr-0118', 'chr-0119', 'chr-0120']
  * ocean/spherical/icos/nondivergent_2d/forward/120km_120s: [92mSUCCESS[0m [94m168.8s[0m
  * ocean/spherical/icos/nondivergent_2d/forward/60km_60s: started on ['chr-0118', 'chr-0119', 'chr-0120']
  * ocean/spherical/icos/nondivergent_2d/forward/60km_60s: [92mSUCCESS[0m [94m869.3s[0m
  * ocean/spherical/icos/nondivergent_2d/analysis/both: started on ['chr-0118']
  * ocean/spherical/icos/nondivergent_2d/filament_analysis: started on ['chr-0118']
  * ocean/spherical/icos/nondivergent_2d/filament_analysis: [92mSUCCESS[0m [94m1.2s[0m
  * ocean/spherical/icos/nondivergent_2d/analysis/both: [92mSUCCESS[0m [94m2.2s[0m
  * ocean/spherical/icos/rotation_2d/forward/120km_120s: started on ['chr-0118', 'chr-0119', 'chr-0120']
  * ocean/spherical/icos/rotation_2d/forward/120km_120s: [92mSUCCESS[0m [94m164.4s[0m
  * ocean/spherical/icos/rotation_2d/forward/60km_60s: started on ['chr-0118', 'chr-0119', 'chr-0120']
  * ocean/spherical/icos/rotation_2d/forward/60km_60s: [92mSUCCESS[0m [94m845.5s[0m
  * ocean/spherical/icos/rotation_2d/analysis/both: started on ['chr-0118']
  * ocean/spherical/icos/rotation_2d/analysis/both: [92mSUCCESS[0m [94m2.4s[0m
  * ocean/spherical/qu/rotation_2d/forward/120km_120s: started on ['chr-0118', 'chr-0119', 'chr-0120']
  * ocean/spherical/qu/rotation_2d/forward/120km_120s: [92mSUCCESS[0m [94m162.8s[0m
  * ocean/spherical/qu/rotation_2d/forward/90km_90s: started on ['chr-0118', 'chr-0119', 'chr-0120']
  * ocean/spherical/qu/rotation_2d/forward/90km_90s: [92mSUCCESS[0m [94m310.0s[0m
  * ocean/spherical/qu/rotation_2d/analysis/both: started on ['chr-0118']
  * ocean/spherical/qu/rotation_2d/analysis/both: [92mSUCCESS[0m [94m3.2s[0m

Step runtimes:
       2.7s [92mSUCCESS[0m ocean/planar/overflow/linear/zstar/init
       3.2s [92mSUCCESS[0m ocean/planar/manufactured_solution/init/100km
       3.3s [92mSUCCESS[0m mesh/spherical/icos/base_mesh/480km
       4.2s [92mSUCCESS[0m ocean/column/horiz_press_grad/salinity_gradient/init_750m
       4.3s [92mSUCCESS[0m ocean/column/horiz_press_grad/salinity_gradient/init_3km
       4.2s [92mSUCCESS[0m ocean/column/horiz_press_grad/salinity_gradient/init_500m
       4.4s [92mSUCCESS[0m ocean/column/horiz_press_grad/salinity_gradient/init_4km
       4.3s [92mSUCCESS[0m ocean/column/horiz_press_grad/salinity_gradient/init_1.5km
       4.3s [92mSUCCESS[0m ocean/column/horiz_press_grad/salinity_gradient/init_1km
       4.3s [92mSUCCESS[0m ocean/column/horiz_press_grad/surface_pressure_gradient/init_4km
       4.3s [92mSUCCESS[0m ocean/column/horiz_press_grad/surface_pressure_gradient/init_2km
       4.4s [92mSUCCESS[0m ocean/column/horiz_press_grad/surface_pressure_gradient/init_1.5km
       4.4s [92mSUCCESS[0m ocean/column/horiz_press_grad/surface_pressure_gradient/init_1km
       4.4s [92mSUCCESS[0m ocean/column/horiz_press_grad/surface_pressure_gradient/init_750m
       4.4s [92mSUCCESS[0m ocean/column/horiz_press_grad/temperature_gradient/init_4km
       4.4s [92mSUCCESS[0m ocean/column/horiz_press_grad/temperature_gradient/init_3km
       4.4s [92mSUCCESS[0m ocean/column/horiz_press_grad/temperature_gradient/init_2km
       4.4s [92mSUCCESS[0m ocean/column/horiz_press_grad/temperature_gradient/init_1.5km
       4.4s [92mSUCCESS[0m ocean/column/horiz_press_grad/temperature_gradient/init_1km
       4.4s [92mSUCCESS[0m ocean/column/horiz_press_grad/temperature_gradient/init_750m
       4.4s [92mSUCCESS[0m ocean/column/horiz_press_grad/temperature_gradient/init_500m
       4.4s [92mSUCCESS[0m ocean/column/horiz_press_grad/ztilde_gradient/init_4km
       4.4s [92mSUCCESS[0m ocean/column/horiz_press_grad/ztilde_gradient/init_2km
       4.3s [92mSUCCESS[0m ocean/column/horiz_press_grad/ztilde_gradient/init_1km
       4.3s [92mSUCCESS[0m ocean/column/horiz_press_grad/ztilde_gradient/init_500m
       4.4s [92mSUCCESS[0m ocean/column/horiz_press_grad/ztilde_gradient/init_3km
       4.8s [92mSUCCESS[0m ocean/column/horiz_press_grad/salinity_gradient/init_2km
       4.3s [92mSUCCESS[0m ocean/planar/manufactured_solution/init/200km
       0.8s [92mSUCCESS[0m ocean/spherical/icos/cosine_bell/init/480km
       0.8s [92mSUCCESS[0m ocean/spherical/icos/divergent_2d/init/480km
       1.0s [92mSUCCESS[0m ocean/spherical/icos/correlated_tracers_2d/init/480km
       5.2s [92mSUCCESS[0m ocean/column/horiz_press_grad/surface_pressure_gradient/init_3km
       5.2s [92mSUCCESS[0m ocean/column/horiz_press_grad/surface_pressure_gradient/init_500m
       5.0s [92mSUCCESS[0m ocean/planar/merry_go_round/init/2.5m
       5.2s [92mSUCCESS[0m ocean/planar/baroclinic_channel/10km/init
       5.1s [92mSUCCESS[0m ocean/planar/merry_go_round/init/5m
       0.9s [92mSUCCESS[0m ocean/spherical/icos/rotation_2d/init/480km
       1.1s [92mSUCCESS[0m ocean/spherical/icos/nondivergent_2d/init/480km
       6.1s [92mSUCCESS[0m ocean/column/horiz_press_grad/ztilde_gradient/init_1.5km
       6.1s [92mSUCCESS[0m ocean/column/horiz_press_grad/ztilde_gradient/init_750m
       6.0s [92mSUCCESS[0m ocean/planar/barotropic_gyre/munk/free-slip/init
       6.4s [92mSUCCESS[0m ocean/planar/manufactured_solution/init/50km
       6.4s [92mSUCCESS[0m ocean/planar/merry_go_round/init/1.25m
       4.6s [92mSUCCESS[0m ocean/spherical/icos/geostrophic/init/480km
      12.1s [92mSUCCESS[0m ocean/planar/manufactured_solution/init/25km
      13.2s [92mSUCCESS[0m ocean/column/horiz_press_grad/salinity_gradient/forward_750m
      12.9s [92mSUCCESS[0m ocean/column/horiz_press_grad/temperature_gradient/forward_4km
      13.0s [92mSUCCESS[0m ocean/column/horiz_press_grad/temperature_gradient/forward_3km
      13.0s [92mSUCCESS[0m ocean/column/horiz_press_grad/temperature_gradient/forward_2km
      13.3s [92mSUCCESS[0m ocean/column/horiz_press_grad/salinity_gradient/forward_4km
      12.9s [92mSUCCESS[0m ocean/column/horiz_press_grad/ztilde_gradient/forward_4km
      13.5s [92mSUCCESS[0m ocean/column/horiz_press_grad/salinity_gradient/forward_500m
      13.3s [92mSUCCESS[0m ocean/column/horiz_press_grad/surface_pressure_gradient/forward_4km
      13.4s [92mSUCCESS[0m ocean/column/horiz_press_grad/salinity_gradient/forward_1km
      13.0s [92mSUCCESS[0m ocean/column/horiz_press_grad/ztilde_gradient/forward_1km
      13.3s [92mSUCCESS[0m ocean/column/horiz_press_grad/surface_pressure_gradient/forward_2km
      13.3s [92mSUCCESS[0m ocean/column/horiz_press_grad/surface_pressure_gradient/forward_1.5km
      13.2s [92mSUCCESS[0m ocean/column/horiz_press_grad/temperature_gradient/forward_1.5km
      13.3s [92mSUCCESS[0m ocean/column/horiz_press_grad/surface_pressure_gradient/forward_1km
      13.6s [92mSUCCESS[0m ocean/column/horiz_press_grad/salinity_gradient/forward_1.5km
      13.4s [92mSUCCESS[0m ocean/column/horiz_press_grad/surface_pressure_gradient/forward_750m
      13.3s [92mSUCCESS[0m ocean/column/horiz_press_grad/ztilde_gradient/forward_2km
      13.8s [92mSUCCESS[0m ocean/column/horiz_press_grad/salinity_gradient/forward_3km
      13.5s [92mSUCCESS[0m ocean/column/horiz_press_grad/temperature_gradient/forward_500m
      13.5s [92mSUCCESS[0m ocean/column/horiz_press_grad/salinity_gradient/forward_2km
      13.6s [92mSUCCESS[0m ocean/column/horiz_press_grad/ztilde_gradient/forward_3km
      13.8s [92mSUCCESS[0m ocean/column/horiz_press_grad/temperature_gradient/forward_1km
      13.8s [92mSUCCESS[0m ocean/column/horiz_press_grad/temperature_gradient/forward_750m
      14.1s [92mSUCCESS[0m ocean/column/horiz_press_grad/ztilde_gradient/forward_500m
      13.7s [92mSUCCESS[0m ocean/column/horiz_press_grad/surface_pressure_gradient/forward_3km
      14.3s [92mSUCCESS[0m ocean/column/horiz_press_grad/surface_pressure_gradient/forward_500m
      14.3s [92mSUCCESS[0m ocean/column/horiz_press_grad/ztilde_gradient/forward_1.5km
      14.3s [92mSUCCESS[0m ocean/column/horiz_press_grad/ztilde_gradient/forward_750m
      15.7s [92mSUCCESS[0m ocean/planar/baroclinic_channel/10km/decomp/4proc
      13.8s [92mSUCCESS[0m ocean/planar/baroclinic_channel/10km/restart/full_run
      18.0s [92mSUCCESS[0m ocean/planar/merry_go_round/forward/5m_90s_order4
      19.3s [92mSUCCESS[0m ocean/planar/manufactured_solution/default/forward/200km_300s
       7.0s [92mSUCCESS[0m ocean/planar/baroclinic_channel/10km/threads/1thread
       6.5s [92mSUCCESS[0m ocean/planar/baroclinic_channel/10km/threads/2thread
       6.9s [92mSUCCESS[0m ocean/planar/baroclinic_channel/10km/decomp/8proc
      18.9s [92mSUCCESS[0m ocean/planar/merry_go_round/forward/5m_90s_order2
       0.2s [92mSUCCESS[0m ocean/planar/baroclinic_channel/10km/threads/validate
       0.2s [92mSUCCESS[0m ocean/planar/baroclinic_channel/10km/decomp/validate
      21.4s [92mSUCCESS[0m ocean/planar/manufactured_solution/del2/forward/100km_150s
      20.4s [92mSUCCESS[0m ocean/planar/merry_go_round/forward/5m_90s_limiter
       4.2s [92mSUCCESS[0m ocean/planar/baroclinic_channel/10km/restart/restart_run
       0.2s [92mSUCCESS[0m ocean/planar/baroclinic_channel/10km/restart/validate
      23.5s [92mSUCCESS[0m ocean/planar/manufactured_solution/default/forward/100km_150s
      26.0s [92mSUCCESS[0m ocean/planar/overflow/linear/zstar/smoke_test_horiz_adv_order_4/forward
      26.5s [92mSUCCESS[0m ocean/planar/overflow/linear/zstar/smoke_test_horiz_adv_order_3/forward
      26.9s [92mSUCCESS[0m ocean/planar/overflow/linear/zstar/smoke_test_horiz_adv_order_2/forward
       6.1s [92mSUCCESS[0m ocean/planar/manufactured_solution/del2/forward/200km_300s
      24.7s [92mSUCCESS[0m ocean/planar/merry_go_round/forward/2.5m_45s_order2
      27.4s [92mSUCCESS[0m ocean/planar/merry_go_round/forward/2.5m_45s_order4
      11.7s [92mSUCCESS[0m ocean/planar/manufactured_solution/del4/forward/200km_300s
      14.6s [92mSUCCESS[0m ocean/planar/manufactured_solution/del4/forward/100km_150s
       3.9s [92mSUCCESS[0m mesh/spherical/icos/base_mesh/240km
       0.8s [92mSUCCESS[0m ocean/spherical/icos/divergent_2d/init/240km
       0.9s [92mSUCCESS[0m ocean/spherical/icos/correlated_tracers_2d/init/240km
       1.0s [92mSUCCESS[0m ocean/spherical/icos/rotation_2d/init/240km
       1.1s [92mSUCCESS[0m ocean/spherical/icos/nondivergent_2d/init/240km
      12.1s [92mSUCCESS[0m ocean/spherical/icos/cosine_bell/restart/full_run
      12.1s [92mSUCCESS[0m ocean/spherical/icos/cosine_bell/restart/restart_run
       0.2s [92mSUCCESS[0m ocean/spherical/icos/cosine_bell/restart/validate
       3.1s [92mSUCCESS[0m ocean/spherical/icos/geostrophic/init/240km
      14.0s [92mSUCCESS[0m ocean/spherical/icos/geostrophic/forward/480km_960s
       9.4s [92mSUCCESS[0m mesh/spherical/icos/base_mesh/120km
      23.2s [92mSUCCESS[0m ocean/spherical/icos/cosine_bell/decomp/24proc
       1.4s [92mSUCCESS[0m ocean/spherical/icos/nondivergent_2d/init/120km
       1.5s [92mSUCCESS[0m ocean/spherical/icos/divergent_2d/init/120km
       1.5s [92mSUCCESS[0m ocean/spherical/icos/rotation_2d/init/120km
       1.8s [92mSUCCESS[0m ocean/spherical/icos/correlated_tracers_2d/init/120km
      24.9s [92mSUCCESS[0m ocean/spherical/icos/cosine_bell/decomp/12proc
       0.2s [92mSUCCESS[0m ocean/spherical/icos/cosine_bell/decomp/validate
       3.0s [92mSUCCESS[0m ocean/spherical/icos/geostrophic/init/120km
      38.4s [92mSUCCESS[0m ocean/column/horiz_press_grad/salinity_gradient/analysis
      39.1s [92mSUCCESS[0m ocean/column/horiz_press_grad/temperature_gradient/analysis
       5.5s [92mSUCCESS[0m mesh/spherical/qu/base_mesh/180km
      39.1s [92mSUCCESS[0m ocean/column/horiz_press_grad/surface_pressure_gradient/analysis
       1.2s [92mSUCCESS[0m ocean/spherical/qu/rotation_2d/init/180km
      38.7s [92mSUCCESS[0m ocean/column/horiz_press_grad/ztilde_gradient/analysis
       8.7s [92mSUCCESS[0m mesh/spherical/qu/base_mesh/150km
       1.4s [92mSUCCESS[0m ocean/spherical/qu/rotation_2d/init/150km
      42.2s [92mSUCCESS[0m ocean/spherical/icos/correlated_tracers_2d/forward/480km_480s
      40.7s [92mSUCCESS[0m ocean/spherical/icos/divergent_2d/forward/480km_480s
      31.5s [92mSUCCESS[0m ocean/spherical/icos/rotation_2d/forward/480km_480s
      32.8s [92mSUCCESS[0m ocean/spherical/icos/nondivergent_2d/forward/480km_480s
      10.8s [92mSUCCESS[0m mesh/spherical/qu/base_mesh/120km
       1.6s [92mSUCCESS[0m ocean/spherical/qu/rotation_2d/init/120km
      37.8s [92mSUCCESS[0m mesh/spherical/icos/base_mesh/60km
      61.2s [92mSUCCESS[0m ocean/planar/merry_go_round/forward/1.25m_23s_order2
       2.9s [92mSUCCESS[0m ocean/spherical/icos/correlated_tracers_2d/init/60km
       2.9s [92mSUCCESS[0m ocean/spherical/icos/divergent_2d/init/60km
       2.8s [92mSUCCESS[0m ocean/spherical/icos/rotation_2d/init/60km
       1.5s [92mSUCCESS[0m ocean/planar/merry_go_round/convergence_both_order2/analysis
       3.5s [92mSUCCESS[0m ocean/spherical/icos/nondivergent_2d/init/60km
       4.7s [92mSUCCESS[0m ocean/spherical/icos/geostrophic/init/60km
      63.4s [92mSUCCESS[0m ocean/planar/merry_go_round/forward/1.25m_23s_order4
       0.8s [92mSUCCESS[0m ocean/planar/merry_go_round/convergence_both_order4/analysis
      16.0s [92mSUCCESS[0m mesh/spherical/qu/base_mesh/90km
       2.4s [92mSUCCESS[0m ocean/spherical/qu/rotation_2d/init/90km
      23.9s [92mSUCCESS[0m ocean/spherical/icos/geostrophic/forward/240km_480s
      21.2s [92mSUCCESS[0m ocean/planar/barotropic_gyre/munk/free-slip/short_forward
      76.0s [92mSUCCESS[0m ocean/spherical/icos/correlated_tracers_2d/forward/240km_240s
      75.8s [92mSUCCESS[0m ocean/spherical/icos/divergent_2d/forward/240km_240s
      77.8s [92mSUCCESS[0m ocean/spherical/icos/nondivergent_2d/forward/240km_240s
      76.1s [92mSUCCESS[0m ocean/spherical/icos/rotation_2d/forward/240km_240s
     115.7s [92mSUCCESS[0m ocean/spherical/qu/rotation_2d/forward/180km_180s
      27.7s [92mSUCCESS[0m ocean/planar/manufactured_solution/default/forward/50km_75s
      46.4s [92mSUCCESS[0m ocean/planar/manufactured_solution/default/forward/25km_38s
       1.9s [92mSUCCESS[0m ocean/planar/manufactured_solution/convergence_both/default/analysis
     115.8s [92mSUCCESS[0m ocean/spherical/qu/rotation_2d/forward/150km_150s
      28.0s [92mSUCCESS[0m ocean/planar/manufactured_solution/del2/forward/50km_75s
      47.2s [92mSUCCESS[0m ocean/planar/manufactured_solution/del2/forward/25km_38s
       1.2s [92mSUCCESS[0m ocean/planar/manufactured_solution/convergence_both/del2/analysis
      27.6s [92mSUCCESS[0m ocean/planar/manufactured_solution/del4/forward/50km_75s
      46.8s [92mSUCCESS[0m ocean/planar/manufactured_solution/del4/forward/25km_38s
       1.3s [92mSUCCESS[0m ocean/planar/manufactured_solution/convergence_both/del4/analysis
     168.6s [92mSUCCESS[0m ocean/spherical/icos/correlated_tracers_2d/forward/120km_120s
     869.6s [92mSUCCESS[0m ocean/spherical/icos/correlated_tracers_2d/forward/60km_60s
       2.6s [92mSUCCESS[0m ocean/spherical/icos/correlated_tracers_2d/mixing_analysis
       3.7s [92mSUCCESS[0m ocean/spherical/icos/correlated_tracers_2d/analysis/both
      36.6s [92mSUCCESS[0m ocean/spherical/icos/geostrophic/forward/120km_240s
      95.7s [92mSUCCESS[0m ocean/spherical/icos/geostrophic/forward/60km_120s
       2.0s [92mSUCCESS[0m ocean/spherical/icos/geostrophic/convergence_both/analysis
     169.0s [92mSUCCESS[0m ocean/spherical/icos/divergent_2d/forward/120km_120s
     881.1s [92mSUCCESS[0m ocean/spherical/icos/divergent_2d/forward/60km_60s
       2.3s [92mSUCCESS[0m ocean/spherical/icos/divergent_2d/analysis/both
     168.8s [92mSUCCESS[0m ocean/spherical/icos/nondivergent_2d/forward/120km_120s
     869.3s [92mSUCCESS[0m ocean/spherical/icos/nondivergent_2d/forward/60km_60s
       1.2s [92mSUCCESS[0m ocean/spherical/icos/nondivergent_2d/filament_analysis
       2.2s [92mSUCCESS[0m ocean/spherical/icos/nondivergent_2d/analysis/both
     164.4s [92mSUCCESS[0m ocean/spherical/icos/rotation_2d/forward/120km_120s
     845.5s [92mSUCCESS[0m ocean/spherical/icos/rotation_2d/forward/60km_60s
       2.4s [92mSUCCESS[0m ocean/spherical/icos/rotation_2d/analysis/both
     162.8s [92mSUCCESS[0m ocean/spherical/qu/rotation_2d/forward/120km_120s
     310.0s [92mSUCCESS[0m ocean/spherical/qu/rotation_2d/forward/90km_90s
       3.2s [92mSUCCESS[0m ocean/spherical/qu/rotation_2d/analysis/both
Total runtime: 1:30:03
Step time was 7115s, so this run did 1.3x the work of running one step at a time for as long.

Property checks: 37 passed, 0 failed
PASS: All passed successfully!
