PE 0: MPICH processor detected:
PE 0:   AMD Milan (25:1:1) (family:model:stepping)
MPI VERSION    : CRAY MPICH version 8.1.30.8 (ANL base 3.4a2)
MPI BUILD INFO : Sat Jun 01  5:39 2024 (git hash 69863f7) (CH4)
PE 0: MPICH environment settings =====================================
PE 0:   MPICH_ENV_DISPLAY                              = 1
PE 0:   MPICH_VERSION_DISPLAY                          = 1
PE 0:   MPICH_ABORT_ON_ERROR                           = 0
PE 0:   MPICH_CPUMASK_DISPLAY                          = 0
PE 0:   MPICH_STATS_DISPLAY                            = 0
PE 0:   MPICH_RANK_REORDER_METHOD                      = 1
PE 0:   MPICH_RANK_REORDER_DISPLAY                     = 0
PE 0:   MPICH_MEMCPY_MEM_CHECK                         = 0
PE 0:   MPICH_USE_SYSTEM_MEMCPY                        = 0
PE 0:   MPICH_OPTIMIZED_MEMCPY                         = 1
PE 0:   MPICH_ALLOC_MEM_PG_SZ                          = 4096
PE 0:   MPICH_ALLOC_MEM_POLICY                         = PREFERRED
PE 0:   MPICH_ALLOC_MEM_AFFINITY                       = SYS_DEFAULT
PE 0:   MPICH_MALLOC_FALLBACK                          = 0
PE 0:   MPICH_MEM_DEBUG_FNAME                          = 
PE 0:   MPICH_INTERNAL_MEM_AFFINITY                    = SYS_DEFAULT
PE 0:   MPICH_NO_BUFFER_ALIAS_CHECK                    = 0
PE 0:   MPICH_COLL_SYNC                                = MPI_Bcast
PE 0:   MPICH_SINGLE_HOST_ENABLED                        = 1
PE 0:   MPICH_USE_PERSISTENT_TOPS                      = 0
PE 0:   MPICH_DISABLE_PERSISTENT_RECV_TOPS             = 0
PE 0:   MPICH_MAX_TOPS_COUNTERS                        = 0
PE 0:   MPICH_ENABLE_ACTIVE_WAIT                       = 0
PE 0: MPICH/RMA environment settings =================================
PE 0:   MPICH_RMA_MAX_PENDING                          = 128
PE 0:   MPICH_RMA_SHM_ACCUMULATE                       = 0
PE 0: MPICH/Dynamic Process Management environment settings ==========
PE 0:   MPICH_DPM_DIR                                  = 
PE 0:   MPICH_LOCAL_SPAWN_SERVER                       = 0
PE 0:   MPICH_SPAWN_USE_RANKPOOL                       = 0
PE 0: MPICH/SMP environment settings =================================
PE 0:   MPICH_SMP_SINGLE_COPY_MODE                     = CMA
PE 0:   MPICH_SMP_SINGLE_COPY_SIZE                     = 8192
PE 0:   MPICH_SHM_PROGRESS_MAX_BATCH_SIZE              = 8
PE 0: MPICH/COLLECTIVE environment settings ==========================
PE 0:   MPICH_COLL_OPT_OFF                             = 0
PE 0:   MPICH_BCAST_ONLY_TREE                          = 1
PE 0:   MPICH_BCAST_INTERNODE_RADIX                    = 4
PE 0:   MPICH_BCAST_INTRANODE_RADIX                    = 4
PE 0:   MPICH_ALLTOALL_SHORT_MSG                       = 64-512
PE 0:   MPICH_ALLTOALL_SYNC_FREQ                       = 1-24
PE 0:   MPICH_ALLTOALLV_THROTTLE                       = 8
PE 0:   MPICH_ALLGATHER_VSHORT_MSG                     = 1024-4096
PE 0:   MPICH_ALLGATHERV_VSHORT_MSG                    = 1024-4096
PE 0:   MPICH_GATHERV_SHORT_MSG                        = 131072
PE 0:   MPICH_GATHERV_MIN_COMM_SIZE                    = 64
PE 0:   MPICH_GATHERV_MAX_TMP_SIZE                     = 536870912
PE 0:   MPICH_GATHERV_SYNC_FREQ                        = 16
PE 0:   MPICH_IGATHERV_MIN_COMM_SIZE                   = 1000
PE 0:   MPICH_IGATHERV_SYNC_FREQ                       = 100
PE 0:   MPICH_IGATHERV_RAND_COMMSIZE                   = 2048
PE 0:   MPICH_IGATHERV_RAND_RECVLIST                   = 0
PE 0:   MPICH_SCATTERV_SHORT_MSG                       = 2048-8192
PE 0:   MPICH_SCATTERV_MIN_COMM_SIZE                   = 64
PE 0:   MPICH_SCATTERV_MAX_TMP_SIZE                    = 536870912
PE 0:   MPICH_SCATTERV_SYNC_FREQ                       = 16
PE 0:   MPICH_SCATTERV_SYNCHRONOUS                     = 0
PE 0:   MPICH_ALLREDUCE_MAX_SMP_SIZE                   = 262144
PE 0:   MPICH_ALLREDUCE_BLK_SIZE                       = 716800
PE 0:   MPICH_GPU_ALLGATHER_VSHORT_MSG_ALGORITHM       = 1
PE 0:   MPICH_GPU_ALLREDUCE_USE_KERNEL                 = 0
PE 0:   MPICH_GPU_COLL_STAGING_BUF_SIZE                = 1048576
PE 0:   MPICH_GPU_ALLREDUCE_STAGING_THRESHOLD          = 256
PE 0:   MPICH_ALLREDUCE_NO_SMP                         = 0
PE 0:   MPICH_REDUCE_NO_SMP                            = 0
PE 0:   MPICH_REDUCE_SCATTER_COMMUTATIVE_LONG_MSG_SIZE = 524288
PE 0:   MPICH_REDUCE_SCATTER_MAX_COMMSIZE              = 1000
PE 0:   MPICH_SHARED_MEM_COLL_OPT                      = 1
PE 0:   MPICH_SHARED_MEM_COLL_NCELLS                   = 8
PE 0:   MPICH_SHARED_MEM_COLL_CELLSZ                   = 256
PE 0: MPICH MPIIO environment settings ===============================
PE 0:   MPICH_MPIIO_HINTS_DISPLAY                      = 0
PE 0:   MPICH_MPIIO_HINTS                              = NULL
PE 0:   MPICH_MPIIO_ABORT_ON_RW_ERROR                  = disable
PE 0:   MPICH_MPIIO_CB_ALIGN                           = 2
PE 0:   MPICH_MPIIO_DVS_MAXNODES                       = 1
PE 0:   MPICH_MPIIO_AGGREGATOR_PLACEMENT_DISPLAY       = 0
PE 0:   MPICH_MPIIO_AGGREGATOR_PLACEMENT_STRIDE        = -1
PE 0:   MPICH_MPIIO_MAX_NUM_IRECV                      = 50
PE 0:   MPICH_MPIIO_MAX_NUM_ISEND                      = 50
PE 0:   MPICH_MPIIO_MAX_SIZE_ISEND                     = 10485760
PE 0:   MPICH_MPIIO_OFI_STARTUP_CONNECT                = disable
PE 0:   MPICH_MPIIO_OFI_STARTUP_NODES_AGGREGATOR        = 2
PE 0: MPICH MPIIO statistics environment settings ====================
PE 0:   MPICH_MPIIO_STATS                              = 0
PE 0:   MPICH_MPIIO_TIMERS                             = 0
PE 0:   MPICH_MPIIO_WRITE_EXIT_BARRIER                 = 1
PE 0: MPICH Thread Safety settings ===================================
PE 0:   MPICH_ASYNC_PROGRESS                           = 0
PE 0:   MPICH_OPT_THREAD_SYNC                          = 1
PE 0:   rank 0 required = single, was provided = single
