verifying deployed polaris version...
  Verified version 1.1.0-alpha.6.
loading compute pixi env...
   pixi env loaded.
activating spack env...

The following have been reloaded with a version change:
  1) perl/5.38.0-annnuds => perl/5.32.0-bsnc6lt

   spack env activated.
loading polaris environment variables...
   polaris environment variables loaded.
Running 115 step(s)

Allocation:
  chr-0494: 64 cores, 0 gpus, 238450 MiB (available)
      hardware: 257155 MiB
      configured: 253000 MiB
  chr-0495: 64 cores, 0 gpus, 239589 MiB (available)
      hardware: 257155 MiB
      configured: 253000 MiB
  chr-0496: 64 cores, 0 gpus, 253000 MiB (config)
      configured: 253000 MiB
The nodes of this allocation do not hold the same memory: 238450 MiB to 253000 MiB. Packing uses each node's own figure, so this is handled, but a node far below its neighbours may have something wrong with it.
  chr-0494 credits 14550 MiB less than the machine's configured 253000 MiB, which is what a job does not get to use.
  chr-0495 credits 13411 MiB less than the machine's configured 253000 MiB, which is what a job does not get to use.
  * ocean/column/horiz_press_grad/salinity_gradient/init_4km: started on ['chr-0494']
  * ocean/column/horiz_press_grad/salinity_gradient/init_3km: started on ['chr-0494']
  * ocean/column/horiz_press_grad/salinity_gradient/init_2km: started on ['chr-0494']
  * ocean/column/horiz_press_grad/salinity_gradient/init_1.5km: started on ['chr-0494']
  * ocean/column/horiz_press_grad/salinity_gradient/init_1km: started on ['chr-0494']
  * ocean/column/horiz_press_grad/salinity_gradient/init_750m: started on ['chr-0494']
  * ocean/column/horiz_press_grad/salinity_gradient/init_500m: started on ['chr-0494']
  * ocean/column/init/wind_evap/stable: started on ['chr-0494']
  * ocean/column/init/no_forcing/unstable: started on ['chr-0494']
  * ocean/column/init/latent_heat_flux/stable: started on ['chr-0494']
  * ocean/column/init/sensible_heat_flux/stable: started on ['chr-0494']
  * ocean/column/init/short_wave_heat_flux/stable: started on ['chr-0494']
  * ocean/column/init/long_wave_heat_flux_up/stable: started on ['chr-0494']
  * ocean/column/init/long_wave_heat_flux_down/stable: started on ['chr-0494']
  * ocean/column/init/evaporation_flux/stable: started on ['chr-0494']
  * ocean/column/init/snow_flux/stable: started on ['chr-0494']
  * ocean/column/init/rain_flux/stable: started on ['chr-0494']
  * ocean/column/init/river_runoff_flux/stable: started on ['chr-0494']
  * ocean/column/init/ice_runoff_flux/stable: started on ['chr-0494']
  * ocean/column/init/sea_ice_fresh_water_flux/stable: started on ['chr-0494']
  * ocean/column/init/sea_ice_heat_flux/stable: started on ['chr-0494']
  * ocean/column/init/sea_ice_salinity_flux/stable: started on ['chr-0494']
  * ocean/column/thermo/conservation_summary: started on ['chr-0494']
  * ocean/planar/baroclinic_channel/10km/init: started on ['chr-0494']
  * ocean/planar/barotropic_gyre/munk/free-slip/init: started on ['chr-0494']
  * ocean/planar/manufactured_solution/init/200km: started on ['chr-0494']
  * ocean/planar/manufactured_solution/init/100km: started on ['chr-0494']
  * ocean/planar/manufactured_solution/init/50km: started on ['chr-0494']
  * ocean/planar/manufactured_solution/init/25km: started on ['chr-0494']
  * ocean/planar/merry_go_round/init/5m: started on ['chr-0494']
  * ocean/planar/overflow/linear/zstar/init: started on ['chr-0494']
  * ocean/planar/overflow/nonlinear/pstar/init: started on ['chr-0494']
  * ocean/planar/seamount/linear/zstar/init: started on ['chr-0494']
  * ocean/planar/seamount/nonlinear/sigma/init: started on ['chr-0494']
  * mesh/spherical/icos/base_mesh/480km: started on ['chr-0494']
  * ocean/spherical/realistic_global/QU.240km/analysis_members_test/forward: started on ['chr-0495']
  * ocean/column/init/wind/neutral: started on ['chr-0494']
  * ocean/column/init/no_forcing/stable: started on ['chr-0494']
  * ocean/column/thermo/conservation_summary: [92mSUCCESS[0m [94m33.0s[0m
  * ocean/column/init/no_forcing/stable: [92mSUCCESS[0m [94m37.8s[0m
  * ocean/column/inertial/forward: started on ['chr-0494']
  * ocean/planar/manufactured_solution/init/200km: [92mSUCCESS[0m [94m38.3s[0m
  * ocean/planar/manufactured_solution/default/forward/200km_300s: started on ['chr-0494']
  * ocean/planar/manufactured_solution/del2/forward/200km_300s: started on ['chr-0494']
  * ocean/planar/manufactured_solution/del4/forward/200km_300s: started on ['chr-0495']
  * ocean/column/init/wind/neutral: [92mSUCCESS[0m [94m38.0s[0m
  * ocean/column/ekman/forward_constant: started on ['chr-0494']
  * ocean/column/init/sea_ice_salinity_flux/stable: [92mSUCCESS[0m [94m38.6s[0m
  * ocean/column/thermo/forward_sea_ice_salinity_flux: started on ['chr-0494']
  * ocean/column/init/river_runoff_flux/stable: [92mSUCCESS[0m [94m38.8s[0m
  * ocean/column/thermo/forward_river_runoff_flux: started on ['chr-0494']
  * ocean/column/init/sea_ice_heat_flux/stable: [92mSUCCESS[0m [94m38.7s[0m
  * ocean/column/thermo/forward_sea_ice_heat_flux: started on ['chr-0494']
  * ocean/column/init/rain_flux/stable: [92mSUCCESS[0m [94m38.9s[0m
  * ocean/column/thermo/forward_rain_flux: started on ['chr-0494']
  * ocean/column/init/ice_runoff_flux/stable: [92mSUCCESS[0m [94m38.8s[0m
  * ocean/column/thermo/forward_ice_runoff_flux: started on ['chr-0494']
  * ocean/column/init/sea_ice_fresh_water_flux/stable: [92mSUCCESS[0m [94m38.8s[0m
  * ocean/column/thermo/forward_sea_ice_fresh_water_flux: started on ['chr-0494']
  * ocean/column/init/no_forcing/unstable: [92mSUCCESS[0m [94m39.2s[0m
  * ocean/column/vmix_unstable/forward_no_hadv: started on ['chr-0494']
  * ocean/column/vmix_unstable/forward: started on ['chr-0494']
  * ocean/column/vmix_unstable/forward_no_hadv_restoring: started on ['chr-0494']
  * ocean/column/vmix_unstable/forward_no_vadv_no_hadv: started on ['chr-0494']
  * ocean/column/vmix_unstable/forward_no_vadv_no_hadv_constant: started on ['chr-0494']
  * mesh/spherical/icos/base_mesh/480km: [92mSUCCESS[0m [94m38.3s[0m
  * ocean/spherical/icos/cosine_bell/init/480km: started on ['chr-0494']
  * ocean/column/init/wind_evap/stable: [92mSUCCESS[0m [94m39.3s[0m
  * ocean/column/vmix_stable/forward_no_hadv: started on ['chr-0494']
  * ocean/column/vmix_stable/forward: started on ['chr-0494']
  * ocean/planar/overflow/linear/zstar/init: [92mSUCCESS[0m [94m38.4s[0m
  * ocean/column/vmix_stable/forward_no_hadv_restoring: started on ['chr-0494']
  * ocean/planar/overflow/linear/zstar/smoke_test_horiz_adv_order_2_del4/forward: started on ['chr-0495']
  * ocean/planar/overflow/linear/zstar/smoke_test_horiz_adv_order_3/forward: started on ['chr-0496']
  * ocean/planar/overflow/linear/zstar/smoke_test_horiz_adv_order_4/forward: started on ['chr-0496']
  * ocean/planar/seamount/linear/zstar/init: [92mSUCCESS[0m [94m38.4s[0m
  * ocean/column/vmix_stable/forward_no_vadv_no_hadv: started on ['chr-0494']
  * ocean/planar/seamount/linear/zstar/short/forward: started on ['chr-0496']
  * ocean/column/init/latent_heat_flux/stable: [92mSUCCESS[0m [94m39.2s[0m
  * ocean/column/vmix_stable/forward_no_vadv_no_hadv_constant: started on ['chr-0494']
  * ocean/column/init/short_wave_heat_flux/stable: [92mSUCCESS[0m [94m39.2s[0m
  * ocean/column/thermo/forward_latent_heat_flux: started on ['chr-0494']
  * ocean/column/init/sensible_heat_flux/stable: [92mSUCCESS[0m [94m39.3s[0m
  * ocean/column/thermo/forward_sensible_heat_flux: started on ['chr-0494']
  * ocean/column/init/long_wave_heat_flux_up/stable: [92mSUCCESS[0m [94m39.2s[0m
  * ocean/column/thermo/forward_short_wave_heat_flux: started on ['chr-0494']
  * ocean/column/init/long_wave_heat_flux_down/stable: [92mSUCCESS[0m [94m39.2s[0m
  * ocean/column/thermo/forward_long_wave_heat_flux_up: started on ['chr-0494']
  * ocean/column/init/snow_flux/stable: [92mSUCCESS[0m [94m39.1s[0m
  * ocean/column/thermo/forward_long_wave_heat_flux_down: started on ['chr-0494']
  * ocean/column/init/evaporation_flux/stable: [92mSUCCESS[0m [94m39.1s[0m
  * ocean/column/thermo/forward_evaporation_flux: started on ['chr-0494']
  * ocean/planar/seamount/nonlinear/sigma/init: [92mSUCCESS[0m [94m38.5s[0m
  * ocean/column/thermo/forward_snow_flux: started on ['chr-0494']
  * ocean/planar/seamount/nonlinear/sigma/short/forward: started on ['chr-0496']
  * ocean/column/horiz_press_grad/salinity_gradient/init_500m: [92mSUCCESS[0m [94m39.6s[0m
  * ocean/column/horiz_press_grad/salinity_gradient/forward_500m: started on ['chr-0494']
  * ocean/planar/manufactured_solution/init/100km: [92mSUCCESS[0m [94m38.8s[0m
  * ocean/column/horiz_press_grad/salinity_gradient/init_1.5km: [92mSUCCESS[0m [94m39.8s[0m
  * ocean/column/horiz_press_grad/salinity_gradient/forward_1.5km: started on ['chr-0494']
  * ocean/column/horiz_press_grad/salinity_gradient/init_4km: [92mSUCCESS[0m [94m39.9s[0m
  * ocean/column/horiz_press_grad/salinity_gradient/forward_4km: started on ['chr-0494']
  * ocean/column/horiz_press_grad/salinity_gradient/init_1km: [92mSUCCESS[0m [94m39.8s[0m
  * ocean/column/horiz_press_grad/salinity_gradient/forward_1km: started on ['chr-0494']
  * ocean/column/horiz_press_grad/salinity_gradient/init_750m: [92mSUCCESS[0m [94m39.7s[0m
  * ocean/column/horiz_press_grad/salinity_gradient/forward_750m: started on ['chr-0494']
  * ocean/column/horiz_press_grad/salinity_gradient/init_3km: [92mSUCCESS[0m [94m39.9s[0m
  * ocean/column/horiz_press_grad/salinity_gradient/forward_3km: started on ['chr-0494']
  * ocean/column/horiz_press_grad/salinity_gradient/init_2km: [92mSUCCESS[0m [94m39.8s[0m
  * ocean/column/horiz_press_grad/salinity_gradient/forward_2km: started on ['chr-0494']
  * ocean/planar/overflow/nonlinear/pstar/init: [92mSUCCESS[0m [94m38.8s[0m
  * ocean/planar/merry_go_round/init/5m: [92mSUCCESS[0m [94m40.1s[0m
  * ocean/planar/merry_go_round/forward/5m_90s_limiter: started on ['chr-0494']
  * ocean/planar/manufactured_solution/init/50km: [92mSUCCESS[0m [94m40.4s[0m
  * ocean/planar/baroclinic_channel/10km/init: [92mSUCCESS[0m [94m40.8s[0m
  * ocean/planar/baroclinic_channel/10km/decomp/4proc: started on ['chr-0494']
  * ocean/planar/baroclinic_channel/10km/decomp/8proc: started on ['chr-0496']
  * ocean/planar/baroclinic_channel/10km/restart/full_run: started on ['chr-0495']
  * ocean/planar/barotropic_gyre/munk/free-slip/init: [92mSUCCESS[0m [94m41.3s[0m
  * ocean/planar/manufactured_solution/init/25km: [92mSUCCESS[0m [94m46.4s[0m
  * ocean/spherical/realistic_global/QU.240km/analysis_members_test/forward: [92mSUCCESS[0m [94m79.8s[0m
  * ocean/planar/baroclinic_channel/10km/threads/1thread: started on ['chr-0495']
  * ocean/planar/baroclinic_channel/10km/threads/2thread: started on ['chr-0495']
  * ocean/planar/overflow/nonlinear/pstar/smoke_test_horiz_adv_order_4_del4/forward: started on ['chr-0495']
  * ocean/spherical/icos/cosine_bell/init/480km: [92mSUCCESS[0m [94m40.9s[0m
  * ocean/spherical/icos/cosine_bell/decomp/12proc: started on ['chr-0495']
  * ocean/planar/baroclinic_channel/10km/restart/full_run: [92mSUCCESS[0m [94m45.5s[0m
  * ocean/planar/baroclinic_channel/10km/restart/restart_run: started on ['chr-0495']
  * ocean/planar/manufactured_solution/del4/forward/200km_300s: [92mSUCCESS[0m [94m48.5s[0m
  * ocean/spherical/icos/cosine_bell/restart/full_run: started on ['chr-0495']
  * ocean/column/horiz_press_grad/salinity_gradient/forward_4km: [92mSUCCESS[0m [94m53.1s[0m
  * ocean/column/horiz_press_grad/salinity_gradient/forward_750m: [92mSUCCESS[0m [94m53.2s[0m
  * ocean/column/horiz_press_grad/salinity_gradient/forward_1km: [92mSUCCESS[0m [94m53.5s[0m
  * ocean/column/horiz_press_grad/salinity_gradient/forward_3km: [92mSUCCESS[0m [94m53.4s[0m
  * ocean/column/horiz_press_grad/salinity_gradient/forward_1.5km: [92mSUCCESS[0m [94m53.8s[0m
  * ocean/column/horiz_press_grad/salinity_gradient/forward_500m: [92mSUCCESS[0m [94m53.8s[0m
  * ocean/column/horiz_press_grad/salinity_gradient/forward_2km: [92mSUCCESS[0m [94m53.7s[0m
  * ocean/column/horiz_press_grad/salinity_gradient/analysis: started on ['chr-0494']
  * ocean/column/vmix_unstable/forward_no_vadv_no_hadv: [92mSUCCESS[0m [94m55.7s[0m
  * ocean/column/thermo/forward_evaporation_flux: [92mSUCCESS[0m [94m55.2s[0m
  * ocean/planar/baroclinic_channel/10km/decomp/4proc: [92mSUCCESS[0m [94m54.6s[0m
  * ocean/spherical/icos/cosine_bell/restart/restart_run: started on ['chr-0494']
  * ocean/column/thermo/forward_sea_ice_fresh_water_flux: [92mSUCCESS[0m [94m56.8s[0m
  * ocean/column/ekman/forward_constant: [92mSUCCESS[0m [94m57.6s[0m
  * ocean/column/ekman/analysis: started on ['chr-0494']
  * ocean/planar/baroclinic_channel/10km/decomp/8proc: [92mSUCCESS[0m [94m55.3s[0m
  * ocean/planar/baroclinic_channel/10km/decomp/validate: started on ['chr-0494']
  * ocean/planar/manufactured_solution/del2/forward/200km_300s: [92mSUCCESS[0m [94m57.7s[0m
  * ocean/planar/manufactured_solution/default/forward/200km_300s: [92mSUCCESS[0m [94m58.2s[0m
  * ocean/spherical/icos/cosine_bell/decomp/24proc: started on ['chr-0494']
  * ocean/column/vmix_unstable/forward_no_hadv_restoring: [92mSUCCESS[0m [94m57.7s[0m
  * ocean/column/thermo/forward_latent_heat_flux: [92mSUCCESS[0m [94m57.1s[0m
  * ocean/column/thermo/forward_short_wave_heat_flux: [92mSUCCESS[0m [94m57.1s[0m
  * ocean/column/thermo/forward_long_wave_heat_flux_up: [92mSUCCESS[0m [94m57.1s[0m
  * ocean/column/thermo/forward_river_runoff_flux: [92mSUCCESS[0m [94m58.3s[0m
  * ocean/column/vmix_stable/forward_no_hadv_restoring: [92mSUCCESS[0m [94m57.6s[0m
  * ocean/column/vmix_stable/forward_no_vadv_no_hadv: [92mSUCCESS[0m [94m57.5s[0m
  * ocean/column/thermo/forward_ice_runoff_flux: [92mSUCCESS[0m [94m58.3s[0m
  * ocean/column/thermo/forward_snow_flux: [92mSUCCESS[0m [94m56.8s[0m
  * ocean/column/thermo/forward_sensible_heat_flux: [92mSUCCESS[0m [94m57.5s[0m
  * ocean/column/thermo/forward_sea_ice_salinity_flux: [92mSUCCESS[0m [94m58.7s[0m
  * ocean/column/vmix_stable/forward_no_vadv_no_hadv_constant: [92mSUCCESS[0m [94m57.6s[0m
  * ocean/column/thermo/forward_long_wave_heat_flux_down: [92mSUCCESS[0m [94m57.6s[0m
  * ocean/column/thermo/forward_rain_flux: [92mSUCCESS[0m [94m58.7s[0m
  * ocean/column/thermo/forward_sea_ice_heat_flux: [92mSUCCESS[0m [94m58.8s[0m
  * ocean/column/vmix_unstable/forward_no_vadv_no_hadv_constant: [92mSUCCESS[0m [94m58.4s[0m
  * ocean/column/vmix_stable/forward: [92mSUCCESS[0m [94m58.1s[0m
  * ocean/column/vmix_unstable/forward_no_hadv: [92mSUCCESS[0m [94m58.6s[0m
  * ocean/column/vmix_stable/forward_no_hadv: [92mSUCCESS[0m [94m58.2s[0m
  * ocean/column/vmix_stable/viz: started on ['chr-0494']
  * ocean/column/vmix_stable/analysis: started on ['chr-0494']
  * ocean/column/vmix_unstable/forward: [92mSUCCESS[0m [94m59.4s[0m
  * ocean/column/vmix_unstable/viz: started on ['chr-0494']
  * ocean/planar/seamount/linear/zstar/short/forward: [92mSUCCESS[0m [94m59.7s[0m
  * ocean/planar/seamount/nonlinear/sigma/short/forward: [92mSUCCESS[0m [94m59.2s[0m
  * ocean/planar/merry_go_round/forward/5m_90s_limiter: [92mSUCCESS[0m [94m59.0s[0m
  * ocean/planar/overflow/linear/zstar/smoke_test_horiz_adv_order_2_del4/forward: [92mSUCCESS[0m [94m64.8s[0m
  * ocean/column/inertial/forward: [92mSUCCESS[0m [94m67.2s[0m
  * ocean/column/inertial/analysis: started on ['chr-0494']
  * ocean/planar/overflow/linear/zstar/smoke_test_horiz_adv_order_4/forward: [92mSUCCESS[0m [94m77.1s[0m
  * ocean/planar/manufactured_solution/default/forward/100km_150s: started on ['chr-0496']
  * ocean/planar/overflow/linear/zstar/smoke_test_horiz_adv_order_3/forward: [92mSUCCESS[0m [94m77.3s[0m
  * ocean/planar/baroclinic_channel/10km/decomp/validate: [92mSUCCESS[0m [94m36.9s[0m
  * ocean/column/vmix_stable/analysis: [92mSUCCESS[0m [94m35.6s[0m
  * ocean/column/ekman/analysis: [92mSUCCESS[0m [94m40.3s[0m
  * ocean/column/inertial/analysis: [92mSUCCESS[0m [94m31.2s[0m
  * ocean/column/vmix_stable/viz: [91mFAIL[0m (exit code 1), see /lcrc/group/e3sm/ac.xylar/polaris_1.1/chrysalis/test_20260907/benchmarks/omega_pr_phase_b/runs/20260908-omega_pr-polaris-d26292c-92ee9f1/test/case_outputs/ocean_column_vmix_stable_viz.log
  * ocean/column/vmix_unstable/viz: [91mFAIL[0m (exit code 1), see /lcrc/group/e3sm/ac.xylar/polaris_1.1/chrysalis/test_20260907/benchmarks/omega_pr_phase_b/runs/20260908-omega_pr-polaris-d26292c-92ee9f1/test/case_outputs/ocean_column_vmix_unstable_viz.log
  * ocean/planar/baroclinic_channel/10km/threads/1thread: [92mSUCCESS[0m [94m64.1s[0m
  * ocean/planar/manufactured_solution/del2/forward/100km_150s: started on ['chr-0494', 'chr-0495', 'chr-0496']
  * ocean/planar/baroclinic_channel/10km/threads/2thread: [92mSUCCESS[0m [94m64.2s[0m
  * ocean/planar/baroclinic_channel/10km/threads/validate: started on ['chr-0494']
  * ocean/planar/baroclinic_channel/10km/restart/restart_run: [92mSUCCESS[0m [94m58.4s[0m
  * ocean/planar/baroclinic_channel/10km/restart/validate: started on ['chr-0494']
  * ocean/spherical/icos/cosine_bell/restart/full_run: [92mSUCCESS[0m [94m59.4s[0m
  * ocean/spherical/icos/cosine_bell/restart/restart_run: [92mSUCCESS[0m [94m51.6s[0m
  * ocean/spherical/icos/cosine_bell/restart/validate: started on ['chr-0494']
  * ocean/planar/manufactured_solution/default/forward/100km_150s: [92mSUCCESS[0m [94m35.8s[0m
  * ocean/planar/barotropic_gyre/munk/free-slip/short_forward: started on ['chr-0494', 'chr-0495', 'chr-0496']
  * ocean/spherical/icos/cosine_bell/decomp/24proc: [92mSUCCESS[0m [94m57.6s[0m
  * ocean/planar/manufactured_solution/del4/forward/100km_150s: started on ['chr-0494', 'chr-0496']
  * ocean/spherical/icos/cosine_bell/decomp/12proc: [92mSUCCESS[0m [94m75.4s[0m
  * ocean/spherical/icos/cosine_bell/decomp/validate: started on ['chr-0494']
  * ocean/planar/overflow/nonlinear/pstar/smoke_test_horiz_adv_order_4_del4/forward: [92mSUCCESS[0m [94m85.5s[0m
  * ocean/column/horiz_press_grad/salinity_gradient/analysis: [92mSUCCESS[0m [94m80.2s[0m
  * ocean/spherical/icos/cosine_bell/restart/validate: [92mSUCCESS[0m [94m41.2s[0m
  * ocean/spherical/icos/cosine_bell/decomp/validate: [92mSUCCESS[0m [94m32.8s[0m
  * ocean/planar/baroclinic_channel/10km/threads/validate: [92mSUCCESS[0m [94m44.1s[0m
  * ocean/planar/baroclinic_channel/10km/restart/validate: [92mSUCCESS[0m [94m43.5s[0m

The placement of step ocean/planar/barotropic_gyre/munk/free-slip/short_forward does not describe how it ran.

  On chr-0495 the launch was allowed 19 cores (2-6,14,23-24,27-29,32-33,57-62) but was given 19 (4-11,36-46).
  On chr-0496 the launch was allowed 18 cores (2-6,14,23-24,27-29,32-33,57-61) but was given 18 (12-29).

Nothing has been changed. The step ran, and its results are as good as they ever were;
what is wrong is the accounting, which believes this step is using less of the machine
than it is. Other steps are being started against that belief.
  * ocean/planar/barotropic_gyre/munk/free-slip/short_forward: [92mSUCCESS[0m [94m59.0s[0m

The placement of step ocean/planar/manufactured_solution/del2/forward/100km_150s does not describe how it ran.

  On chr-0495 the launch was allowed 16 cores (7-13,15-22,26) but was given 16 (0-3,48-59).
  On chr-0496 the launch was allowed 16 cores (7-13,15-22,26) but was given 16 (0-11,60-63).

Nothing has been changed. The step ran, and its results are as good as they ever were;
what is wrong is the accounting, which believes this step is using less of the machine
than it is. Other steps are being started against that belief.
  * ocean/planar/manufactured_solution/del2/forward/100km_150s: [92mSUCCESS[0m [94m67.4s[0m

The placement of step ocean/planar/manufactured_solution/del4/forward/100km_150s does not describe how it ran.

  On chr-0496 the launch was allowed 24 cores (25,34-56) but was given 24 (30-53).

Nothing has been changed. The step ran, and its results are as good as they ever were;
what is wrong is the accounting, which believes this step is using less of the machine
than it is. Other steps are being started against that belief.
  * ocean/planar/manufactured_solution/del4/forward/100km_150s: [92mSUCCESS[0m [94m58.1s[0m
  * ocean/planar/manufactured_solution/default/forward/50km_75s: started on ['chr-0494', 'chr-0495', 'chr-0496']
  * ocean/planar/manufactured_solution/default/forward/50km_75s: [92mSUCCESS[0m [94m61.2s[0m
  * ocean/planar/manufactured_solution/default/forward/25km_38s: started on ['chr-0494', 'chr-0495', 'chr-0496']
  * ocean/planar/manufactured_solution/default/forward/25km_38s: [92mSUCCESS[0m [94m78.5s[0m
  * ocean/planar/manufactured_solution/convergence_both/default/analysis: started on ['chr-0494']
  * ocean/planar/manufactured_solution/convergence_both/default/analysis: [92mSUCCESS[0m [94m36.5s[0m
  * ocean/planar/manufactured_solution/del2/forward/50km_75s: started on ['chr-0494', 'chr-0495', 'chr-0496']
  * ocean/planar/manufactured_solution/del2/forward/50km_75s: [92mSUCCESS[0m [94m67.7s[0m
  * ocean/planar/manufactured_solution/del2/forward/25km_38s: started on ['chr-0494', 'chr-0495', 'chr-0496']
  * ocean/planar/manufactured_solution/del2/forward/25km_38s: [92mSUCCESS[0m [94m104.0s[0m
  * ocean/planar/manufactured_solution/convergence_both/del2/analysis: started on ['chr-0494']
  * ocean/planar/manufactured_solution/convergence_both/del2/analysis: [92mSUCCESS[0m [94m40.9s[0m
  * ocean/planar/manufactured_solution/del4/forward/50km_75s: started on ['chr-0494', 'chr-0495', 'chr-0496']
  * ocean/planar/manufactured_solution/del4/forward/50km_75s: [92mSUCCESS[0m [94m66.3s[0m
  * ocean/planar/manufactured_solution/del4/forward/25km_38s: started on ['chr-0494', 'chr-0495', 'chr-0496']
  * ocean/planar/manufactured_solution/del4/forward/25km_38s: [92mSUCCESS[0m [94m79.7s[0m
  * ocean/planar/manufactured_solution/convergence_both/del4/analysis: started on ['chr-0494']
  * ocean/planar/manufactured_solution/convergence_both/del4/analysis: [92mSUCCESS[0m [94m35.3s[0m

Step runtimes:
      33.0s [92mSUCCESS[0m ocean/column/thermo/conservation_summary
      37.8s [92mSUCCESS[0m ocean/column/init/no_forcing/stable
      38.3s [92mSUCCESS[0m ocean/planar/manufactured_solution/init/200km
      38.0s [92mSUCCESS[0m ocean/column/init/wind/neutral
      38.6s [92mSUCCESS[0m ocean/column/init/sea_ice_salinity_flux/stable
      38.8s [92mSUCCESS[0m ocean/column/init/river_runoff_flux/stable
      38.7s [92mSUCCESS[0m ocean/column/init/sea_ice_heat_flux/stable
      38.9s [92mSUCCESS[0m ocean/column/init/rain_flux/stable
      38.8s [92mSUCCESS[0m ocean/column/init/ice_runoff_flux/stable
      38.8s [92mSUCCESS[0m ocean/column/init/sea_ice_fresh_water_flux/stable
      39.2s [92mSUCCESS[0m ocean/column/init/no_forcing/unstable
      38.3s [92mSUCCESS[0m mesh/spherical/icos/base_mesh/480km
      39.3s [92mSUCCESS[0m ocean/column/init/wind_evap/stable
      38.4s [92mSUCCESS[0m ocean/planar/overflow/linear/zstar/init
      38.4s [92mSUCCESS[0m ocean/planar/seamount/linear/zstar/init
      39.2s [92mSUCCESS[0m ocean/column/init/latent_heat_flux/stable
      39.2s [92mSUCCESS[0m ocean/column/init/short_wave_heat_flux/stable
      39.3s [92mSUCCESS[0m ocean/column/init/sensible_heat_flux/stable
      39.2s [92mSUCCESS[0m ocean/column/init/long_wave_heat_flux_up/stable
      39.2s [92mSUCCESS[0m ocean/column/init/long_wave_heat_flux_down/stable
      39.1s [92mSUCCESS[0m ocean/column/init/snow_flux/stable
      39.1s [92mSUCCESS[0m ocean/column/init/evaporation_flux/stable
      38.5s [92mSUCCESS[0m ocean/planar/seamount/nonlinear/sigma/init
      39.6s [92mSUCCESS[0m ocean/column/horiz_press_grad/salinity_gradient/init_500m
      38.8s [92mSUCCESS[0m ocean/planar/manufactured_solution/init/100km
      39.8s [92mSUCCESS[0m ocean/column/horiz_press_grad/salinity_gradient/init_1.5km
      39.9s [92mSUCCESS[0m ocean/column/horiz_press_grad/salinity_gradient/init_4km
      39.8s [92mSUCCESS[0m ocean/column/horiz_press_grad/salinity_gradient/init_1km
      39.7s [92mSUCCESS[0m ocean/column/horiz_press_grad/salinity_gradient/init_750m
      39.9s [92mSUCCESS[0m ocean/column/horiz_press_grad/salinity_gradient/init_3km
      39.8s [92mSUCCESS[0m ocean/column/horiz_press_grad/salinity_gradient/init_2km
      38.8s [92mSUCCESS[0m ocean/planar/overflow/nonlinear/pstar/init
      40.1s [92mSUCCESS[0m ocean/planar/merry_go_round/init/5m
      40.4s [92mSUCCESS[0m ocean/planar/manufactured_solution/init/50km
      40.8s [92mSUCCESS[0m ocean/planar/baroclinic_channel/10km/init
      41.3s [92mSUCCESS[0m ocean/planar/barotropic_gyre/munk/free-slip/init
      46.4s [92mSUCCESS[0m ocean/planar/manufactured_solution/init/25km
      79.8s [92mSUCCESS[0m ocean/spherical/realistic_global/QU.240km/analysis_members_test/forward
      40.9s [92mSUCCESS[0m ocean/spherical/icos/cosine_bell/init/480km
      45.5s [92mSUCCESS[0m ocean/planar/baroclinic_channel/10km/restart/full_run
      48.5s [92mSUCCESS[0m ocean/planar/manufactured_solution/del4/forward/200km_300s
      53.1s [92mSUCCESS[0m ocean/column/horiz_press_grad/salinity_gradient/forward_4km
      53.2s [92mSUCCESS[0m ocean/column/horiz_press_grad/salinity_gradient/forward_750m
      53.5s [92mSUCCESS[0m ocean/column/horiz_press_grad/salinity_gradient/forward_1km
      53.4s [92mSUCCESS[0m ocean/column/horiz_press_grad/salinity_gradient/forward_3km
      53.8s [92mSUCCESS[0m ocean/column/horiz_press_grad/salinity_gradient/forward_1.5km
      53.8s [92mSUCCESS[0m ocean/column/horiz_press_grad/salinity_gradient/forward_500m
      53.7s [92mSUCCESS[0m ocean/column/horiz_press_grad/salinity_gradient/forward_2km
      55.7s [92mSUCCESS[0m ocean/column/vmix_unstable/forward_no_vadv_no_hadv
      55.2s [92mSUCCESS[0m ocean/column/thermo/forward_evaporation_flux
      54.6s [92mSUCCESS[0m ocean/planar/baroclinic_channel/10km/decomp/4proc
      56.8s [92mSUCCESS[0m ocean/column/thermo/forward_sea_ice_fresh_water_flux
      57.6s [92mSUCCESS[0m ocean/column/ekman/forward_constant
      55.3s [92mSUCCESS[0m ocean/planar/baroclinic_channel/10km/decomp/8proc
      57.7s [92mSUCCESS[0m ocean/planar/manufactured_solution/del2/forward/200km_300s
      58.2s [92mSUCCESS[0m ocean/planar/manufactured_solution/default/forward/200km_300s
      57.7s [92mSUCCESS[0m ocean/column/vmix_unstable/forward_no_hadv_restoring
      57.1s [92mSUCCESS[0m ocean/column/thermo/forward_latent_heat_flux
      57.1s [92mSUCCESS[0m ocean/column/thermo/forward_short_wave_heat_flux
      57.1s [92mSUCCESS[0m ocean/column/thermo/forward_long_wave_heat_flux_up
      58.3s [92mSUCCESS[0m ocean/column/thermo/forward_river_runoff_flux
      57.6s [92mSUCCESS[0m ocean/column/vmix_stable/forward_no_hadv_restoring
      57.5s [92mSUCCESS[0m ocean/column/vmix_stable/forward_no_vadv_no_hadv
      58.3s [92mSUCCESS[0m ocean/column/thermo/forward_ice_runoff_flux
      56.8s [92mSUCCESS[0m ocean/column/thermo/forward_snow_flux
      57.5s [92mSUCCESS[0m ocean/column/thermo/forward_sensible_heat_flux
      58.7s [92mSUCCESS[0m ocean/column/thermo/forward_sea_ice_salinity_flux
      57.6s [92mSUCCESS[0m ocean/column/vmix_stable/forward_no_vadv_no_hadv_constant
      57.6s [92mSUCCESS[0m ocean/column/thermo/forward_long_wave_heat_flux_down
      58.7s [92mSUCCESS[0m ocean/column/thermo/forward_rain_flux
      58.8s [92mSUCCESS[0m ocean/column/thermo/forward_sea_ice_heat_flux
      58.4s [92mSUCCESS[0m ocean/column/vmix_unstable/forward_no_vadv_no_hadv_constant
      58.1s [92mSUCCESS[0m ocean/column/vmix_stable/forward
      58.6s [92mSUCCESS[0m ocean/column/vmix_unstable/forward_no_hadv
      58.2s [92mSUCCESS[0m ocean/column/vmix_stable/forward_no_hadv
      59.4s [92mSUCCESS[0m ocean/column/vmix_unstable/forward
      59.7s [92mSUCCESS[0m ocean/planar/seamount/linear/zstar/short/forward
      59.2s [92mSUCCESS[0m ocean/planar/seamount/nonlinear/sigma/short/forward
      59.0s [92mSUCCESS[0m ocean/planar/merry_go_round/forward/5m_90s_limiter
      64.8s [92mSUCCESS[0m ocean/planar/overflow/linear/zstar/smoke_test_horiz_adv_order_2_del4/forward
      67.2s [92mSUCCESS[0m ocean/column/inertial/forward
      77.1s [92mSUCCESS[0m ocean/planar/overflow/linear/zstar/smoke_test_horiz_adv_order_4/forward
      77.3s [92mSUCCESS[0m ocean/planar/overflow/linear/zstar/smoke_test_horiz_adv_order_3/forward
      36.9s [92mSUCCESS[0m ocean/planar/baroclinic_channel/10km/decomp/validate
      35.6s [92mSUCCESS[0m ocean/column/vmix_stable/analysis
      40.3s [92mSUCCESS[0m ocean/column/ekman/analysis
      31.2s [92mSUCCESS[0m ocean/column/inertial/analysis
      39.8s [91mFAIL[0m ocean/column/vmix_stable/viz
      38.9s [91mFAIL[0m ocean/column/vmix_unstable/viz
      64.1s [92mSUCCESS[0m ocean/planar/baroclinic_channel/10km/threads/1thread
      64.2s [92mSUCCESS[0m ocean/planar/baroclinic_channel/10km/threads/2thread
      58.4s [92mSUCCESS[0m ocean/planar/baroclinic_channel/10km/restart/restart_run
      59.4s [92mSUCCESS[0m ocean/spherical/icos/cosine_bell/restart/full_run
      51.6s [92mSUCCESS[0m ocean/spherical/icos/cosine_bell/restart/restart_run
      35.8s [92mSUCCESS[0m ocean/planar/manufactured_solution/default/forward/100km_150s
      57.6s [92mSUCCESS[0m ocean/spherical/icos/cosine_bell/decomp/24proc
      75.4s [92mSUCCESS[0m ocean/spherical/icos/cosine_bell/decomp/12proc
      85.5s [92mSUCCESS[0m ocean/planar/overflow/nonlinear/pstar/smoke_test_horiz_adv_order_4_del4/forward
      80.2s [92mSUCCESS[0m ocean/column/horiz_press_grad/salinity_gradient/analysis
      41.2s [92mSUCCESS[0m ocean/spherical/icos/cosine_bell/restart/validate
      32.8s [92mSUCCESS[0m ocean/spherical/icos/cosine_bell/decomp/validate
      44.1s [92mSUCCESS[0m ocean/planar/baroclinic_channel/10km/threads/validate
      43.5s [92mSUCCESS[0m ocean/planar/baroclinic_channel/10km/restart/validate
      59.0s [92mSUCCESS[0m ocean/planar/barotropic_gyre/munk/free-slip/short_forward
      67.4s [92mSUCCESS[0m ocean/planar/manufactured_solution/del2/forward/100km_150s
      58.1s [92mSUCCESS[0m ocean/planar/manufactured_solution/del4/forward/100km_150s
      61.2s [92mSUCCESS[0m ocean/planar/manufactured_solution/default/forward/50km_75s
      78.5s [92mSUCCESS[0m ocean/planar/manufactured_solution/default/forward/25km_38s
      36.5s [92mSUCCESS[0m ocean/planar/manufactured_solution/convergence_both/default/analysis
      67.7s [92mSUCCESS[0m ocean/planar/manufactured_solution/del2/forward/50km_75s
     104.0s [92mSUCCESS[0m ocean/planar/manufactured_solution/del2/forward/25km_38s
      40.9s [92mSUCCESS[0m ocean/planar/manufactured_solution/convergence_both/del2/analysis
      66.3s [92mSUCCESS[0m ocean/planar/manufactured_solution/del4/forward/50km_75s
      79.7s [92mSUCCESS[0m ocean/planar/manufactured_solution/del4/forward/25km_38s
      35.3s [92mSUCCESS[0m ocean/planar/manufactured_solution/convergence_both/del4/analysis
Total runtime: 0:13:04
Step time was 5886s, so this run did 7.5x the work of running one step at a time for as long.

3 step(s) did not get the part of the allocation they were placed on, so the packing above does not describe how this run used the machine: ocean/planar/barotropic_gyre/munk/free-slip/short_forward, ocean/planar/manufactured_solution/del2/forward/100km_150s, ocean/planar/manufactured_solution/del4/forward/100km_150s
FAIL: 2 step(s) failed, see above.
