verifying deployed polaris version...
  Verified version 1.1.0-alpha.6.
loading compute pixi env...
   pixi env loaded.
activating spack env...

The following have been reloaded with a version change:
  1) perl/5.38.0-annnuds => perl/5.32.0-bsnc6lt

   spack env activated.
loading polaris environment variables...
   polaris environment variables loaded.
ocean/column/horiz_press_grad/salinity_gradient
  * step: init_4km
          execution:        [92mSUCCESS[0m
          runtime:          [94m0:00:09[0m
  * step: init_3km
          execution:        [92mSUCCESS[0m
          runtime:          [94m0:00:01[0m
  * step: init_2km
          execution:        [92mSUCCESS[0m
          runtime:          [94m0:00:02[0m
  * step: init_1.5km
          execution:        [92mSUCCESS[0m
          runtime:          [94m0:00:01[0m
  * step: init_1km
          execution:        [92mSUCCESS[0m
          runtime:          [94m0:00:02[0m
  * step: init_750m
          execution:        [92mSUCCESS[0m
          runtime:          [94m0:00:01[0m
  * step: init_500m
          execution:        [92mSUCCESS[0m
          runtime:          [94m0:00:01[0m
  * step: forward_4km
          execution:        [92mSUCCESS[0m
          runtime:          [94m0:00:03[0m
  * step: forward_3km
          execution:        [92mSUCCESS[0m
          runtime:          [94m0:00:01[0m
  * step: forward_2km
          execution:        [92mSUCCESS[0m
          runtime:          [94m0:00:01[0m
  * step: forward_1.5km
          execution:        [92mSUCCESS[0m
          runtime:          [94m0:00:01[0m
  * step: forward_1km
          execution:        [92mSUCCESS[0m
          runtime:          [94m0:00:01[0m
  * step: forward_750m
          execution:        [92mSUCCESS[0m
          runtime:          [94m0:00:01[0m
  * step: forward_500m
          execution:        [92mSUCCESS[0m
          runtime:          [94m0:00:01[0m
  * step: analysis
          execution:        [92mSUCCESS[0m
          runtime:          [94m0:00:38[0m
  task execution:   [92mSUCCESS[0m
  task runtime:     [94m0:01:03[0m
ocean/column/vmix_stable
  * step: init
          execution:        [92mSUCCESS[0m
          runtime:          [94m0:00:01[0m
  * step: forward_no_hadv
          execution:        [92mSUCCESS[0m
          property checks:  [92mPASS[0m
          runtime:          [94m0:00:04[0m
  * step: forward
          execution:        [92mSUCCESS[0m
          property checks:  [92mPASS[0m
          runtime:          [94m0:00:05[0m
  * step: forward_no_hadv_restoring
          execution:        [92mSUCCESS[0m
          property checks:  [92mPASS[0m
          runtime:          [94m0:00:04[0m
  * step: forward_no_vadv_no_hadv
          execution:        [92mSUCCESS[0m
          property checks:  [92mPASS[0m
          runtime:          [94m0:00:04[0m
  * step: forward_no_vadv_no_hadv_constant
          execution:        [92mSUCCESS[0m
          property checks:  [92mPASS[0m
          runtime:          [94m0:00:03[0m
  * step: viz
          execution:        [91mERROR[0m
  task execution:   [91mERROR[0m
  see: case_outputs/ocean_column_vmix_stable.log
  task runtime:     [94m0:00:23[0m
ocean/column/vmix_unstable
  * step: init
          execution:        [92mSUCCESS[0m
          runtime:          [94m0:00:01[0m
  * step: forward_no_hadv
          execution:        [92mSUCCESS[0m
          property checks:  [91mFAIL[0m
          runtime:          [94m0:00:04[0m
  * step: forward
          execution:        [92mSUCCESS[0m
          property checks:  [91mFAIL[0m
          runtime:          [94m0:00:04[0m
  * step: forward_no_hadv_restoring
          execution:        [92mSUCCESS[0m
          property checks:  [91mFAIL[0m
          runtime:          [94m0:00:04[0m
  * step: forward_no_vadv_no_hadv
          execution:        [92mSUCCESS[0m
          property checks:  [92mPASS[0m
          runtime:          [94m0:00:04[0m
  * step: forward_no_vadv_no_hadv_constant
          execution:        [92mSUCCESS[0m
          property checks:  [92mPASS[0m
          runtime:          [94m0:00:04[0m
  * step: viz
          execution:        [91mERROR[0m
  task execution:   [91mERROR[0m
  see: case_outputs/ocean_column_vmix_unstable.log
  task runtime:     [94m0:00:23[0m
ocean/column/thermo
  * step: init_latent_heat_flux
          execution:        [92mSUCCESS[0m
          runtime:          [94m0:00:01[0m
  * step: forward_latent_heat_flux
          execution:        [92mSUCCESS[0m
          property checks:  [92mPASS[0m
          runtime:          [94m0:00:03[0m
  * step: init_sensible_heat_flux
          execution:        [92mSUCCESS[0m
          runtime:          [94m0:00:01[0m
  * step: forward_sensible_heat_flux
          execution:        [92mSUCCESS[0m
          property checks:  [92mPASS[0m
          runtime:          [94m0:00:03[0m
  * step: init_short_wave_heat_flux
          execution:        [92mSUCCESS[0m
          runtime:          [94m0:00:01[0m
  * step: forward_short_wave_heat_flux
          execution:        [92mSUCCESS[0m
          property checks:  [92mPASS[0m
          runtime:          [94m0:00:03[0m
  * step: init_long_wave_heat_flux_up
          execution:        [92mSUCCESS[0m
          runtime:          [94m0:00:01[0m
  * step: forward_long_wave_heat_flux_up
          execution:        [92mSUCCESS[0m
          property checks:  [92mPASS[0m
          runtime:          [94m0:00:03[0m
  * step: init_long_wave_heat_flux_down
          execution:        [92mSUCCESS[0m
          runtime:          [94m0:00:01[0m
  * step: forward_long_wave_heat_flux_down
          execution:        [92mSUCCESS[0m
          property checks:  [92mPASS[0m
          runtime:          [94m0:00:03[0m
  * step: init_evaporation_flux
          execution:        [92mSUCCESS[0m
          runtime:          [94m0:00:01[0m
  * step: forward_evaporation_flux
          execution:        [92mSUCCESS[0m
          property checks:  [92mPASS[0m
          runtime:          [94m0:00:04[0m
  * step: init_snow_flux
          execution:        [92mSUCCESS[0m
          runtime:          [94m0:00:01[0m
  * step: forward_snow_flux
          execution:        [92mSUCCESS[0m
          property checks:  [92mPASS[0m
          runtime:          [94m0:00:03[0m
  * step: init_rain_flux
          execution:        [92mSUCCESS[0m
          runtime:          [94m0:00:01[0m
  * step: forward_rain_flux
          execution:        [92mSUCCESS[0m
          property checks:  [92mPASS[0m
          runtime:          [94m0:00:03[0m
  * step: init_river_runoff_flux
          execution:        [92mSUCCESS[0m
          runtime:          [94m0:00:01[0m
  * step: forward_river_runoff_flux
          execution:        [92mSUCCESS[0m
          property checks:  [92mPASS[0m
          runtime:          [94m0:00:03[0m
  * step: init_ice_runoff_flux
          execution:        [92mSUCCESS[0m
          runtime:          [94m0:00:01[0m
  * step: forward_ice_runoff_flux
          execution:        [92mSUCCESS[0m
          property checks:  [92mPASS[0m
          runtime:          [94m0:00:03[0m
  * step: init_sea_ice_fresh_water_flux
          execution:        [92mSUCCESS[0m
          runtime:          [94m0:00:01[0m
  * step: forward_sea_ice_fresh_water_flux
          execution:        [92mSUCCESS[0m
          property checks:  [92mPASS[0m
          runtime:          [94m0:00:03[0m
  * step: init_sea_ice_heat_flux
          execution:        [92mSUCCESS[0m
          runtime:          [94m0:00:01[0m
  * step: forward_sea_ice_heat_flux
          execution:        [92mSUCCESS[0m
          property checks:  [92mPASS[0m
          runtime:          [94m0:00:03[0m
  * step: init_sea_ice_salinity_flux
          execution:        [92mSUCCESS[0m
          runtime:          [94m0:00:01[0m
  * step: forward_sea_ice_salinity_flux
          execution:        [92mSUCCESS[0m
          property checks:  [92mPASS[0m
          runtime:          [94m0:00:03[0m
  * step: conservation_summary
          execution:        [92mSUCCESS[0m
          runtime:          [94m0:00:00[0m
  task execution:   [92mSUCCESS[0m
  task runtime:     [94m0:01:01[0m
ocean/planar/baroclinic_channel/10km/decomp
  * step: init
          execution:        [92mSUCCESS[0m
          runtime:          [94m0:00:03[0m
  * step: 4proc
          execution:        [92mSUCCESS[0m
          runtime:          [94m0:00:02[0m
  * step: 8proc
          execution:        [92mSUCCESS[0m
          runtime:          [94m0:00:03[0m
  * step: validate
          execution:        [92mSUCCESS[0m
          runtime:          [94m0:00:00[0m
  task execution:   [92mSUCCESS[0m
  task runtime:     [94m0:00:09[0m
ocean/planar/baroclinic_channel/10km/restart
  * step: init
          already completed
  * step: full_run
          execution:        [92mSUCCESS[0m
          runtime:          [94m0:00:03[0m
  * step: restart_run
          execution:        [92mSUCCESS[0m
          runtime:          [94m0:00:02[0m
  * step: validate
          execution:        [92mSUCCESS[0m
          runtime:          [94m0:00:00[0m
  task execution:   [92mSUCCESS[0m
  task runtime:     [94m0:00:05[0m
ocean/planar/baroclinic_channel/10km/threads
  * step: init
          already completed
  * step: 1thread
          execution:        [92mSUCCESS[0m
          runtime:          [94m0:00:02[0m
  * step: 2thread
          execution:        [92mSUCCESS[0m
          runtime:          [94m0:00:02[0m
  * step: validate
          execution:        [92mSUCCESS[0m
          runtime:          [94m0:00:00[0m
  task execution:   [92mSUCCESS[0m
  task runtime:     [94m0:00:04[0m
ocean/planar/barotropic_gyre/munk/free-slip
  * step: init
          execution:        [92mSUCCESS[0m
          runtime:          [94m0:00:03[0m
  * step: short_forward
          execution:        [92mSUCCESS[0m
          property checks:  [92mPASS[0m
          runtime:          [94m0:00:18[0m
  task execution:   [92mSUCCESS[0m
  task runtime:     [94m0:00:21[0m
ocean/planar/manufactured_solution/convergence_both/default
  * step: init_200km
          execution:        [92mSUCCESS[0m
          runtime:          [94m0:00:01[0m
  * step: forward_200km_300s
          execution:        [92mSUCCESS[0m
          property checks:  [92mPASS[0m
          runtime:          [94m0:00:06[0m
  * step: init_100km
          execution:        [92mSUCCESS[0m
          runtime:          [94m0:00:02[0m
  * step: forward_100km_150s
          execution:        [92mSUCCESS[0m
          property checks:  [92mPASS[0m
          runtime:          [94m0:00:17[0m
  * step: init_50km
          execution:        [92mSUCCESS[0m
          runtime:          [94m0:00:04[0m
  * step: forward_50km_75s
          execution:        [92mSUCCESS[0m
          property checks:  [92mPASS[0m
          runtime:          [94m0:00:29[0m
  * step: init_25km
          execution:        [92mSUCCESS[0m
          runtime:          [94m0:00:10[0m
  * step: forward_25km_38s
          execution:        [92mSUCCESS[0m
          property checks:  [92mPASS[0m
          runtime:          [94m0:00:43[0m
  * step: analysis
          execution:        [92mSUCCESS[0m
          runtime:          [94m0:00:01[0m
  task execution:   [92mSUCCESS[0m
  task runtime:     [94m0:01:53[0m
ocean/planar/manufactured_solution/convergence_both/del2
  * step: init_200km
          already completed
  * step: forward_200km_300s
          execution:        [92mSUCCESS[0m
          property checks:  [92mPASS[0m
          runtime:          [94m0:00:05[0m
  * step: init_100km
          already completed
  * step: forward_100km_150s
          execution:        [92mSUCCESS[0m
          property checks:  [92mPASS[0m
          runtime:          [94m0:00:17[0m
  * step: init_50km
          already completed
  * step: forward_50km_75s
          execution:        [92mSUCCESS[0m
          property checks:  [92mPASS[0m
          runtime:          [94m0:00:25[0m
  * step: init_25km
          already completed
  * step: forward_25km_38s
          execution:        [92mSUCCESS[0m
          property checks:  [92mPASS[0m
          runtime:          [94m0:00:44[0m
  * step: analysis
          execution:        [92mSUCCESS[0m
          runtime:          [94m0:00:01[0m
  task execution:   [92mSUCCESS[0m
  task runtime:     [94m0:01:32[0m
ocean/planar/manufactured_solution/convergence_both/del4
  * step: init_200km
          already completed
  * step: forward_200km_300s
          execution:        [92mSUCCESS[0m
          property checks:  [92mPASS[0m
          runtime:          [94m0:00:05[0m
  * step: init_100km
          already completed
  * step: forward_100km_150s
          execution:        [92mSUCCESS[0m
          property checks:  [92mPASS[0m
          runtime:          [94m0:00:17[0m
  * step: init_50km
          already completed
  * step: forward_50km_75s
          execution:        [92mSUCCESS[0m
          property checks:  [92mPASS[0m
          runtime:          [94m0:00:25[0m
  * step: init_25km
          already completed
  * step: forward_25km_38s
          execution:        [92mSUCCESS[0m
          property checks:  [92mPASS[0m
          runtime:          [94m0:00:44[0m
  * step: analysis
          execution:        [92mSUCCESS[0m
          runtime:          [94m0:00:01[0m
  task execution:   [92mSUCCESS[0m
  task runtime:     [94m0:01:32[0m
ocean/planar/merry_go_round/default
  * step: init_5m
          execution:        [92mSUCCESS[0m
          runtime:          [94m0:00:01[0m
  * step: forward_5m_90s
          execution:        [92mSUCCESS[0m
          runtime:          [94m0:00:06[0m
  task execution:   [92mSUCCESS[0m
  task runtime:     [94m0:00:08[0m
ocean/planar/overflow/linear/zstar/smoke_test_horiz_adv_order_2_del4
  * step: init
          execution:        [92mSUCCESS[0m
          runtime:          [94m0:00:01[0m
  * step: forward
          execution:        [92mSUCCESS[0m
          runtime:          [94m0:00:11[0m
  task execution:   [92mSUCCESS[0m
  task runtime:     [94m0:00:12[0m
ocean/planar/overflow/linear/zstar/smoke_test_horiz_adv_order_3
  * step: init
          already completed
  * step: forward
          execution:        [92mSUCCESS[0m
          runtime:          [94m0:00:11[0m
  task execution:   [92mSUCCESS[0m
  task runtime:     [94m0:00:11[0m
ocean/planar/overflow/linear/zstar/smoke_test_horiz_adv_order_4
  * step: init
          already completed
  * step: forward
          execution:        [92mSUCCESS[0m
          runtime:          [94m0:00:11[0m
  task execution:   [92mSUCCESS[0m
  task runtime:     [94m0:00:11[0m
ocean/planar/overflow/nonlinear/pstar/smoke_test_horiz_adv_order_4_del4
  * step: init
          execution:        [92mSUCCESS[0m
          runtime:          [94m0:00:02[0m
  * step: forward
          execution:        [92mSUCCESS[0m
          runtime:          [94m0:00:13[0m
  task execution:   [92mSUCCESS[0m
  task runtime:     [94m0:00:15[0m
ocean/planar/seamount/linear/zstar/short
  * step: init
          execution:        [92mSUCCESS[0m
          runtime:          [94m0:00:02[0m
  * step: forward
          execution:        [92mSUCCESS[0m
          runtime:          [94m0:00:09[0m
  task execution:   [92mSUCCESS[0m
  task runtime:     [94m0:00:10[0m
ocean/planar/seamount/nonlinear/sigma/short
  * step: init
          execution:        [92mSUCCESS[0m
          runtime:          [94m0:00:02[0m
  * step: forward
          execution:        [92mSUCCESS[0m
          runtime:          [94m0:00:10[0m
  task execution:   [92mSUCCESS[0m
  task runtime:     [94m0:00:11[0m
ocean/spherical/icos/cosine_bell/decomp
  * step: icos_base_mesh_480km
          execution:        [92mSUCCESS[0m
          runtime:          [94m0:00:46[0m
  * step: icos_init_480km
          execution:        [92mSUCCESS[0m
          runtime:          [94m0:00:00[0m
  * step: 12proc
          execution:        [92mSUCCESS[0m
          property checks:  [92mPASS[0m
          runtime:          [94m0:00:16[0m
  * step: 24proc
          execution:        [92mSUCCESS[0m
          property checks:  [92mPASS[0m
          runtime:          [94m0:00:15[0m
  * step: validate
          execution:        [92mSUCCESS[0m
          runtime:          [94m0:00:00[0m
  task execution:   [92mSUCCESS[0m
  task runtime:     [94m0:01:18[0m
ocean/spherical/icos/cosine_bell/restart
  * step: icos_base_mesh_480km
          already completed
  * step: icos_init_480km
          already completed
  * step: full_run
          execution:        [92mSUCCESS[0m
          property checks:  [92mPASS[0m
          runtime:          [94m0:00:05[0m
  * step: restart_run
          execution:        [92mSUCCESS[0m
          property checks:  [92mPASS[0m
          runtime:          [94m0:00:05[0m
  * step: validate
          execution:        [92mSUCCESS[0m
          runtime:          [94m0:00:00[0m
  task execution:   [92mSUCCESS[0m
  task runtime:     [94m0:00:09[0m
ocean/spherical/realistic_global/QU.240km/analysis_members_test
  * step: forward
          execution:        [92mSUCCESS[0m
          runtime:          [94m0:00:45[0m
  task execution:   [92mSUCCESS[0m
  task runtime:     [94m0:00:45[0m
ocean/column/ekman
  * step: init
          execution:        [92mSUCCESS[0m
          runtime:          [94m0:00:01[0m
  * step: forward_constant
          execution:        [92mSUCCESS[0m
          property checks:  [91mFAIL[0m
          runtime:          [94m0:00:03[0m
  * step: analysis
          execution:        [92mSUCCESS[0m
          runtime:          [94m0:00:00[0m
  task execution:   [92mSUCCESS[0m
  task runtime:     [94m0:00:05[0m
ocean/column/inertial
  * step: init
          execution:        [92mSUCCESS[0m
          runtime:          [94m0:00:01[0m
  * step: forward
          execution:        [92mSUCCESS[0m
          property checks:  [92mPASS[0m
          runtime:          [94m0:00:10[0m
  * step: analysis
          execution:        [92mSUCCESS[0m
          runtime:          [94m0:00:01[0m
  task execution:   [92mSUCCESS[0m
  task runtime:     [94m0:00:12[0m
Writing output useful for copy/paste into PRs to:
  /lcrc/group/e3sm/ac.xylar/polaris_1.1/chrysalis/test_20260907/benchmarks/omega_pr_phase_b/baselines/omega_pr_omega_opts-7c02e23_polaris-d26292c_omega-ee6397a/omega_pr_output_for_pr.md
Done.
Task Runtimes:
0:01:03 [92mPASS[0m ocean/column/horiz_press_grad/salinity_gradient
0:00:23 [91mFAIL[0m ocean/column/vmix_stable
0:00:23 [91mFAIL[0m ocean/column/vmix_unstable
0:01:01 [92mPASS[0m ocean/column/thermo
0:00:09 [92mPASS[0m ocean/planar/baroclinic_channel/10km/decomp
0:00:05 [92mPASS[0m ocean/planar/baroclinic_channel/10km/restart
0:00:04 [92mPASS[0m ocean/planar/baroclinic_channel/10km/threads
0:00:21 [92mPASS[0m ocean/planar/barotropic_gyre/munk/free-slip
0:01:53 [92mPASS[0m ocean/planar/manufactured_solution/convergence_both/default
0:01:32 [92mPASS[0m ocean/planar/manufactured_solution/convergence_both/del2
0:01:32 [92mPASS[0m ocean/planar/manufactured_solution/convergence_both/del4
0:00:08 [92mPASS[0m ocean/planar/merry_go_round/default
0:00:12 [92mPASS[0m ocean/planar/overflow/linear/zstar/smoke_test_horiz_adv_order_2_del4
0:00:11 [92mPASS[0m ocean/planar/overflow/linear/zstar/smoke_test_horiz_adv_order_3
0:00:11 [92mPASS[0m ocean/planar/overflow/linear/zstar/smoke_test_horiz_adv_order_4
0:00:15 [92mPASS[0m ocean/planar/overflow/nonlinear/pstar/smoke_test_horiz_adv_order_4_del4
0:00:10 [92mPASS[0m ocean/planar/seamount/linear/zstar/short
0:00:11 [92mPASS[0m ocean/planar/seamount/nonlinear/sigma/short
0:01:18 [92mPASS[0m ocean/spherical/icos/cosine_bell/decomp
0:00:09 [92mPASS[0m ocean/spherical/icos/cosine_bell/restart
0:00:45 [92mPASS[0m ocean/spherical/realistic_global/QU.240km/analysis_members_test
0:00:05 [92mPASS[0m ocean/column/ekman
0:00:12 [92mPASS[0m ocean/column/inertial
Total runtime: 0:12:15
FAIL: 2 tasks failed, see above.
