verifying deployed polaris version...
  Verified version 1.1.0-alpha.2.
loading compute pixi env...
   pixi env loaded.
activating spack env...
   spack env activated.
loading polaris environment variables...
   polaris environment variables loaded.
polaris env:    /home/xylar/e3sm_work/polaris/add-task-parallelism-phase-a/load_polaris_aurora_oneapi-ifxgpu_mpich.sh
mpi payload:    mpicc (/home/xylar/e3sm_work/polaris/add-task-parallelism-phase-a/utils/placement_check/placement_results_8778390/mpi_payload)

=== mache placement check ===
machine:            aurora
launcher:           mpiexec --label
placement support:  cpu_binding
nodes:              1 (x4514c5s7b0n0.hsn.cm.aurora.alcf.anl.gov)
target node:        x4514c5s7b0n0.hsn.cm.aurora.alcf.anl.gov
usable cores:       96
gpus per node:      12
memory per node:    1161578 MB (MemTotal (kernel, not the site figure))
layout:             4 slot(s) x 2 task(s) x 4 core(s), 3 gpu(s) per slot
payload:            /home/xylar/e3sm_work/polaris/add-task-parallelism-phase-a/utils/placement_check/placement_results_8778390/mpi_payload (sleeps 15s)

--- F_memory_limit: skipped, this launcher takes no
    per-launch memory request, so there is nothing that
    could enforce one

--- A_unplaced: one launch with no placement at all -- what Polaris does today, and the control that shows placement changes something
    slot 1: mpiexec --label -n 2 --ppn 2 --depth 4 --cpu-bind list:1-8:9-16:17-24:25-32:33-40:41-48:53-60:61-68:69-76:77-84:85-92:93-100 --gpu-bind list:0.0:0.1:1.0:1.1:2.0:2.1:3.0:3.1:4.0:4.1:5.0:5.1 --mem-bind list:0:0:0:0:0:0:1:1:1:1:1:1 /home/xylar/e3sm_work/polaris/add-task-parallelism-phase-a/utils/placement_check/placement_results_8778390/mpi_payload
    all 1 launch(es) started in 0.01s

--- B_placed_alone: one placed launch, alone, asking for no GPUs -- does it see only the cores it was given?
    slot 1: mpiexec --label -n 2 --ppn 2 --depth 4 --hosts x4514c5s7b0n0.hsn.cm.aurora.alcf.anl.gov --cpu-bind list:1,2,3,4:5,6,7,8 --env-remove=ZE_AFFINITY_MASK --env=ZE_AFFINITY_MASK= /home/xylar/e3sm_work/polaris/add-task-parallelism-phase-a/utils/placement_check/placement_results_8778390/mpi_payload
    all 1 launch(es) started in 0.01s
    slot 1 returned 1

--- C_placed_alone_gpu: one placed launch, alone, asking for 3 GPU(s) -- does it see only those?
    slot 1: mpiexec --label -n 2 --ppn 2 --depth 4 --hosts x4514c5s7b0n0.hsn.cm.aurora.alcf.anl.gov --cpu-bind list:1,2,3,4:5,6,7,8 --env-remove=ZE_AFFINITY_MASK --env=ZE_AFFINITY_MASK=0.0,0.1,1.0 /home/xylar/e3sm_work/polaris/add-task-parallelism-phase-a/utils/placement_check/placement_results_8778390/mpi_payload
    all 1 launch(es) started in 0.01s
    slot 1 returned 1

--- D_concurrent: 4 placed launches at once, none asking for GPUs
    slot 1: mpiexec --label -n 2 --ppn 2 --depth 4 --hosts x4514c5s7b0n0.hsn.cm.aurora.alcf.anl.gov --cpu-bind list:1,2,3,4:5,6,7,8 --env-remove=ZE_AFFINITY_MASK --env=ZE_AFFINITY_MASK= /home/xylar/e3sm_work/polaris/add-task-parallelism-phase-a/utils/placement_check/placement_results_8778390/mpi_payload
    slot 2: mpiexec --label -n 2 --ppn 2 --depth 4 --hosts x4514c5s7b0n0.hsn.cm.aurora.alcf.anl.gov --cpu-bind list:9,10,11,12:13,14,15,16 --env-remove=ZE_AFFINITY_MASK --env=ZE_AFFINITY_MASK= /home/xylar/e3sm_work/polaris/add-task-parallelism-phase-a/utils/placement_check/placement_results_8778390/mpi_payload
    slot 3: mpiexec --label -n 2 --ppn 2 --depth 4 --hosts x4514c5s7b0n0.hsn.cm.aurora.alcf.anl.gov --cpu-bind list:17,18,19,20:21,22,23,24 --env-remove=ZE_AFFINITY_MASK --env=ZE_AFFINITY_MASK= /home/xylar/e3sm_work/polaris/add-task-parallelism-phase-a/utils/placement_check/placement_results_8778390/mpi_payload
    slot 4: mpiexec --label -n 2 --ppn 2 --depth 4 --hosts x4514c5s7b0n0.hsn.cm.aurora.alcf.anl.gov --cpu-bind list:25,26,27,28:29,30,31,32 --env-remove=ZE_AFFINITY_MASK --env=ZE_AFFINITY_MASK= /home/xylar/e3sm_work/polaris/add-task-parallelism-phase-a/utils/placement_check/placement_results_8778390/mpi_payload
    all 4 launch(es) started in 0.02s
    slot 1 returned 1
    slot 2 returned 1
    slot 3 returned 1
    slot 4 returned 1

--- E_concurrent_gpu: 4 placed launches at once, each asking for 3 GPU(s)
    slot 1: mpiexec --label -n 2 --ppn 2 --depth 4 --hosts x4514c5s7b0n0.hsn.cm.aurora.alcf.anl.gov --cpu-bind list:1,2,3,4:5,6,7,8 --env-remove=ZE_AFFINITY_MASK --env=ZE_AFFINITY_MASK=0.0,0.1,1.0 /home/xylar/e3sm_work/polaris/add-task-parallelism-phase-a/utils/placement_check/placement_results_8778390/mpi_payload
    slot 2: mpiexec --label -n 2 --ppn 2 --depth 4 --hosts x4514c5s7b0n0.hsn.cm.aurora.alcf.anl.gov --cpu-bind list:9,10,11,12:13,14,15,16 --env-remove=ZE_AFFINITY_MASK --env=ZE_AFFINITY_MASK=1.1,2.0,2.1 /home/xylar/e3sm_work/polaris/add-task-parallelism-phase-a/utils/placement_check/placement_results_8778390/mpi_payload
    slot 3: mpiexec --label -n 2 --ppn 2 --depth 4 --hosts x4514c5s7b0n0.hsn.cm.aurora.alcf.anl.gov --cpu-bind list:17,18,19,20:21,22,23,24 --env-remove=ZE_AFFINITY_MASK --env=ZE_AFFINITY_MASK=3.0,3.1,4.0 /home/xylar/e3sm_work/polaris/add-task-parallelism-phase-a/utils/placement_check/placement_results_8778390/mpi_payload
    slot 4: mpiexec --label -n 2 --ppn 2 --depth 4 --hosts x4514c5s7b0n0.hsn.cm.aurora.alcf.anl.gov --cpu-bind list:25,26,27,28:29,30,31,32 --env-remove=ZE_AFFINITY_MASK --env=ZE_AFFINITY_MASK=4.1,5.0,5.1 /home/xylar/e3sm_work/polaris/add-task-parallelism-phase-a/utils/placement_check/placement_results_8778390/mpi_payload
    all 4 launch(es) started in 0.02s
    slot 1 returned 1
    slot 2 returned 1
    slot 3 returned 1
    slot 4 returned 1

results: /home/xylar/e3sm_work/polaris/add-task-parallelism-phase-a/utils/placement_check/placement_results_8778390
10 launch(es) returned nonzero; see the .err files

=== summary ===
  run: aurora / pbs job 8778390, 1 node(s), 96 usable core(s)/node, 12 gpu(s)/node
       4 slot(s) x 2 task(s) x 4 core(s), 3 gpu(s) per slot, mpi_payload payload
       launcher mpiexec --label, placement support cpu_binding
       mache 3.11.0 from /home/xylar/e3sm_work/polaris/add-task-parallelism-phase-a/pixi-env/.pixi/envs/default/lib/python3.14/site-packages/mache

A_unplaced:
  1 launch(es), peak concurrency 1
    slot 1: host x4514c5s7b0n0, 16 core(s) 1-16, gpu(s) ['0.0', '0.1'] (from ZE_AFFINITY_MASK)
      no placement was requested; this is the control

B_placed_alone:
  no payload output -- the launches probably failed
  launcher messages:
    [1x] --pmi                 Comma-separated PMI types (cray, pmix, none)

C_placed_alone_gpu:
  no payload output -- the launches probably failed
  launcher messages:
    [1x] --pmi                 Comma-separated PMI types (cray, pmix, none)

D_concurrent:
  no payload output -- the launches probably failed
  launcher messages:
    [4x] --pmi                 Comma-separated PMI types (cray, pmix, none)

E_concurrent_gpu:
  no payload output -- the launches probably failed
  launcher messages:
    [4x] --pmi                 Comma-separated PMI types (cray, pmix, none)

Reading the results:
  B/C honored + D/E peak == slots and disjoint
      -> mache renders placements that work here
  B/C not honored
      -> the command renders but the machine ignores it
  D/E peak == 1
      -> the launches serialized; the command reserves more than
         it asked for
  D/E overlapped but collide
      -> the command oversubscribes rather than places

To record these results on the branch, from a LOGIN node:
  cd /home/xylar/e3sm_work/polaris/add-task-parallelism-phase-a/utils/placement_check
  ./record_results.sh /home/xylar/e3sm_work/polaris/add-task-parallelism-phase-a/utils/placement_check/placement_results_8778390 /home/xylar/e3sm_work/polaris/add-task-parallelism-phase-a/utils/placement_check/placement_check.o8778390
