=== Polaris launcher spike (Slurm) ===
slurm version:  25.11.7
placement:      overlap-exact
job id:         57473918
nodes:          2 (nid[008673,008676])
target node:    nid008673
cores on node:  128
slots:          4 x 8 cpus
mpi ranks:      1 per launch
payload sleep:  15s
results:        /global/u2/x/xylar/e3sm_work/polaris/add-launcher-spike/utils/launcher_spike/spike_results_57473918

verifying deployed polaris version...
  Verified version 1.1.0-alpha.1.
loading compute pixi env...
   pixi env loaded.
activating spack env...
[1;93m==>[0m Warning: could not load runtime environment due to RuntimeError: Trying to source non-existing file: /opt/nvidia/hpc_sdk/Linux_x86_64/25.5/cuda/12.9/compilers_and_libraries/linux/bin/compilervars.sh
   spack env activated.
loading polaris environment variables...
   polaris environment variables loaded.
polaris env:    /global/u2/x/xylar/e3sm_work/polaris/main/load_polaris_pm-gpu_intelgpu_mpich.sh
mpi payload:    mpicc (/global/u2/x/xylar/e3sm_work/polaris/add-launcher-spike/utils/launcher_spike/spike_results_57473918/mpi_payload)

--- A_sequential_plain: 10 sequential launches (no extra flags)
    total 9.58s for 10 launches
--- A_sequential_exact: 10 sequential launches (--exact)
    total 9.99s for 10 launches
--- B_concurrent_plain: 4 concurrent launches x 1 rank(s) (no extra flags)
    done
--- B_concurrent_exact: 4 concurrent launches x 1 rank(s) --exact
    done
--- B_overlap_control: 4 concurrent launches x 1 rank(s) --overlap --exact
    done
--- C_concurrent_mpi_plain: 4 concurrent launches x 1 rank(s) (no extra flags)
    done
--- C_concurrent_mpi_exact: 4 concurrent launches x 1 rank(s) --exact
    done
--- D_concurrent_mpi_gpu: 4 concurrent launches x 1 rank(s) --exact --gpus-per-task=1
    done

=== summary ===
  run: pm-gpu / slurm job 57473918, 2 node(s), 128 cores/node
       4 slot(s) x 1 rank(s) x 8 cpu(s), mpi payload mpicc
       25.11.7

  A_sequential_exact: 10 sequential launches, median 0.97s, max 1.15s -> ~61.9 launches/min
  A_sequential_plain: 10 sequential launches, median 0.89s, max 1.15s -> ~67.8 launches/min
  B_concurrent_exact: 4 slot(s) reported, peak concurrency 1, hosts ['nid008673'], cores/rank [8]
      cores are disjoint across slots
  B_concurrent_plain: 4 slot(s) reported, peak concurrency 1, hosts ['nid008673'], cores/rank [8]
      cores are disjoint across slots
  B_overlap_control: 4 slot(s) reported, peak concurrency 4, hosts ['nid008673'], cores/rank [8]
      CORE COLLISIONS:
        slots 1 and 2 overlapped in time and share cores [0, 1, 2, 3, 64, 65] on nid008673
        slots 1 and 3 overlapped in time and share cores [0, 1, 2, 3, 64, 65] on nid008673
        slots 1 and 4 overlapped in time and share cores [0, 1, 2, 3, 64, 65] on nid008673
        slots 2 and 3 overlapped in time and share cores [0, 1, 2, 3, 64, 65] on nid008673
        slots 2 and 4 overlapped in time and share cores [0, 1, 2, 3, 64, 65] on nid008673
        slots 3 and 4 overlapped in time and share cores [0, 1, 2, 3, 64, 65] on nid008673
  C_concurrent_mpi_exact: no payload output -- launches probably failed
  C_concurrent_mpi_plain: no payload output -- launches probably failed
  D_concurrent_mpi_gpu: no payload output -- launches probably failed

Reading the results:
  A sequential fast + B peak concurrency == slots  -> Tier A works, use --overlap --exact
  A sequential fast + B peak concurrency == 1   -> job-step exclusivity; check B0 control and flags
  A sequential slow (~1/min)                   -> genuine throttling; Tier A is out, evaluate Flux
  C/D peak < slots or core collisions            -> placement is not enforced at MPI width

To record these results on the branch, from a LOGIN node:
  cd /global/u2/x/xylar/e3sm_work/polaris/add-launcher-spike/utils/launcher_spike
  ./record_results.sh /global/u2/x/xylar/e3sm_work/polaris/add-launcher-spike/utils/launcher_spike/spike_results_57473918 /global/u2/x/xylar/e3sm_work/polaris/add-launcher-spike/utils/launcher_spike/launcher_spike.o57473918
